    Updating crates.io index
 Downloading crates ...
  Downloaded block-buffer v0.12.1
  Downloaded crypto-common v0.2.2
  Downloaded cpufeatures v0.3.1
  Downloaded rust-embed-utils v8.12.0
  Downloaded cfg-if v1.0.4
  Downloaded rust-embed-impl v8.12.0
  Downloaded digest v0.11.3
  Downloaded sha2 v0.11.0
  Downloaded hybrid-array v0.4.14
  Downloaded unicode-ident v1.0.24
  Downloaded const-oid v0.10.2
  Downloaded syn v3.0.4
  Downloaded rust-embed v8.12.0
   Compiling libc v0.2.189
   Compiling proc-macro2 v1.0.107
   Compiling quote v1.0.47
   Compiling unicode-ident v1.0.24
   Compiling typenum v1.20.1
   Compiling unicase v2.9.0
   Compiling mime_guess v2.0.5
   Compiling hybrid-array v0.4.14
   Compiling block-buffer v0.12.1
   Compiling crypto-common v0.2.2
   Compiling const-oid v0.10.2
   Compiling serde_core v1.0.229
   Compiling memchr v2.8.3
   Compiling digest v0.11.3
   Compiling cpufeatures v0.3.1
   Compiling cfg-if v1.0.4
   Compiling zmij v1.0.23
   Compiling same-file v1.0.6
   Compiling walkdir v2.5.0
   Compiling sha2 v0.11.0
   Compiling syn v3.0.4
   Compiling serde_json v1.0.151
   Compiling serde v1.0.229
   Compiling mime v0.3.17
   Compiling serde_derive v1.0.229
   Compiling rust-embed-utils v8.12.0
   Compiling aho-corasick v1.1.5
   Compiling syn v2.0.119
   Compiling itoa v1.0.18
   Compiling regex-syntax v0.8.11
   Compiling regex-automata v0.4.18
   Compiling rust-embed-impl v8.12.0
   Compiling chunked_transfer v1.5.0
   Compiling ascii v1.1.0
   Compiling uma-sim-core v0.1.0 (/Users/me/workspace/estate/release-receiving-49f845d0dece/source/uma-sim-core)
   Compiling log v0.4.34
   Compiling httpdate v1.0.3
   Compiling tiny_http v0.12.0
   Compiling rust-embed v8.12.0
   Compiling uma-race-core v0.1.0 (/Users/me/workspace/estate/release-receiving-49f845d0dece/source/uma-race-core)
   Compiling regex v1.13.1
    Finished `release` profile [optimized] target(s) in 57.03s
