2026-10-08T19:44:15.9861191Z Current runner version: '2.337.0'
2026-10-08T19:44:15.9882722Z ##[group]Runner Image Provisioner
2026-10-08T19:44:15.9883439Z Hosted Compute Agent
2026-10-08T19:44:15.9883907Z Version: 20261002.596
2026-10-08T19:44:15.9884479Z Commit: c3d12f3313a95f25162a1503be624f3b0617f8c0
2026-10-08T19:44:15.9885106Z Build Date: 2026-10-02T22:28:27Z
2026-10-08T19:44:15.9885683Z Worker ID: {e9671686-f7cb-49ec-b889-85a8604b1ac0}
2026-10-08T19:44:15.9886264Z Region: westus3
2026-10-08T19:44:15.9886708Z Cloud: Azure
2026-10-08T19:44:15.9887200Z ##[endgroup]
2026-10-08T19:44:15.9888678Z ##[group]Operating System
2026-10-08T19:44:15.9889237Z Ubuntu
2026-10-08T19:44:15.9889682Z 24.04.5
2026-10-08T19:44:15.9890097Z LTS
2026-10-08T19:44:15.9890554Z ##[endgroup]
2026-10-08T19:44:15.9891040Z ##[group]Runner Image
2026-10-08T19:44:15.9891747Z Image: ubuntu-24.04
2026-10-08T19:44:15.9892268Z Version: 20261004.327.1
2026-10-08T19:44:15.9893310Z Included Software: https://github.com/actions/runner-images/blob/ubuntu24/20261004.327/images/ubuntu/Ubuntu2404-Readme.md
2026-10-08T19:44:15.9894611Z Image Release: https://github.com/actions/runner-images/releases/tag/ubuntu24%2F20261004.327
2026-10-08T19:44:15.9895370Z ##[endgroup]
2026-10-08T19:44:15.9896335Z ##[group]GITHUB_TOKEN Permissions
2026-10-08T19:44:15.9897842Z Contents: read
2026-10-08T19:44:15.9898434Z Metadata: read
2026-10-08T19:44:15.9898955Z ##[endgroup]
2026-10-08T19:44:15.9900759Z Secret source: Actions
2026-10-08T19:44:15.9901769Z Cache mode: write
2026-10-08T19:44:15.9902375Z Prepare workflow directory
2026-10-08T19:44:16.0258604Z Prepare all required actions
2026-10-08T19:44:16.0297037Z Getting action download info
2026-10-08T19:44:16.2972619Z Download action repository 'actions/checkout@3d3c42e5aac5ba805825da76410c181273ba90b1' (SHA:3d3c42e5aac5ba805825da76410c181273ba90b1)
2026-10-08T19:44:16.3938189Z Download action repository 'actions/setup-node@820762786026740c76f36085b0efc47a31fe5020' (SHA:820762786026740c76f36085b0efc47a31fe5020)
2026-10-08T19:44:16.5158045Z Download action repository 'actions/upload-artifact@043fb46d1a93c77aae656e7c1c64a875d1fc6a0a' (SHA:043fb46d1a93c77aae656e7c1c64a875d1fc6a0a)
2026-10-08T19:44:16.6909542Z Complete job name: ui
2026-10-08T19:44:16.7526080Z ##[group]Run actions/checkout@3d3c42e5aac5ba805825da76410c181273ba90b1
2026-10-08T19:44:16.7526903Z with:
2026-10-08T19:44:16.7527257Z   repository: Jacob-Met/uma-sim
2026-10-08T19:44:16.7530528Z   token: ***
2026-10-08T19:44:16.7530872Z   ssh-strict: true
2026-10-08T19:44:16.7531231Z   ssh-user: git
2026-10-08T19:44:16.7531738Z   persist-credentials: true
2026-10-08T19:44:16.7532131Z   clean: true
2026-10-08T19:44:16.7532490Z   sparse-checkout-cone-mode: true
2026-10-08T19:44:16.7532950Z   fetch-depth: 1
2026-10-08T19:44:16.7533292Z   fetch-tags: false
2026-10-08T19:44:16.7533641Z   show-progress: true
2026-10-08T19:44:16.7533991Z   lfs: false
2026-10-08T19:44:16.7534312Z   submodules: false
2026-10-08T19:44:16.7534660Z   set-safe-directory: true
2026-10-08T19:44:16.7535059Z   allow-unsafe-pr-checkout: false
2026-10-08T19:44:16.7535690Z ##[endgroup]
2026-10-08T19:44:16.8338532Z Syncing repository: Jacob-Met/uma-sim
2026-10-08T19:44:16.8340600Z ##[group]Getting Git version info
2026-10-08T19:44:16.8341725Z Working directory is '/home/runner/work/uma-sim/uma-sim'
2026-10-08T19:44:16.8343001Z [command]/usr/bin/git version
2026-10-08T19:44:16.8399672Z git version 2.55.0
2026-10-08T19:44:16.8415633Z ##[endgroup]
2026-10-08T19:44:16.8427363Z Temporarily overriding HOME='/home/runner/work/_temp/6fa77437-ca0d-4701-bdaa-c48f1d58d801' before making global git config changes
2026-10-08T19:44:16.8428560Z Adding repository directory to the temporary git global config as a safe directory
2026-10-08T19:44:16.8434995Z [command]/usr/bin/git config --global --add safe.directory /home/runner/work/uma-sim/uma-sim
2026-10-08T19:44:16.8477989Z Deleting the contents of '/home/runner/work/uma-sim/uma-sim'
2026-10-08T19:44:16.8481226Z ##[group]Determining repository object format
2026-10-08T19:44:16.8482872Z ##[endgroup]
2026-10-08T19:44:16.8484115Z ##[group]Initializing the repository
2026-10-08T19:44:16.8487171Z [command]/usr/bin/git init /home/runner/work/uma-sim/uma-sim
2026-10-08T19:44:16.8928933Z hint: Using 'master' as the name for the initial branch. This default branch name
2026-10-08T19:44:16.8930262Z hint: will change to "main" in Git 3.0. To configure the initial branch name
2026-10-08T19:44:16.8931894Z hint: to use in all of your new repositories, which will suppress this warning,
2026-10-08T19:44:16.8932758Z hint: call:
2026-10-08T19:44:16.8933212Z hint:
2026-10-08T19:44:16.8933904Z hint: 	git config --global init.defaultBranch <name>
2026-10-08T19:44:16.8934608Z hint:
2026-10-08T19:44:16.8935284Z hint: Names commonly chosen instead of 'master' are 'main', 'trunk' and
2026-10-08T19:44:16.8936374Z hint: 'development'. The just-created branch can be renamed via this command:
2026-10-08T19:44:16.8937252Z hint:
2026-10-08T19:44:16.8937793Z hint: 	git branch -m <name>
2026-10-08T19:44:16.8938369Z hint:
2026-10-08T19:44:16.8939136Z hint: Disable this message with "git config set advice.defaultBranchName false"
2026-10-08T19:44:16.8940390Z Initialized empty Git repository in /home/runner/work/uma-sim/uma-sim/.git/
2026-10-08T19:44:16.8942532Z [command]/usr/bin/git remote add origin https://github.com/Jacob-Met/uma-sim
2026-10-08T19:44:16.8985858Z ##[endgroup]
2026-10-08T19:44:16.8986491Z ##[group]Disabling automatic garbage collection
2026-10-08T19:44:16.8988727Z [command]/usr/bin/git config --local gc.auto 0
2026-10-08T19:44:16.9020257Z ##[endgroup]
2026-10-08T19:44:16.9020857Z ##[group]Setting up auth
2026-10-08T19:44:16.9024653Z Removing SSH command configuration
2026-10-08T19:44:16.9025586Z [command]/usr/bin/git config --local --name-only --get-regexp core\.sshCommand
2026-10-08T19:44:16.9056405Z [command]/usr/bin/git submodule foreach --recursive sh -c "git config --local --name-only --get-regexp 'core\.sshCommand' && git config --local --unset-all 'core.sshCommand' || :"
2026-10-08T19:44:16.9330465Z Removing HTTP extra header
2026-10-08T19:44:16.9335382Z [command]/usr/bin/git config --local --name-only --get-regexp http\.https\:\/\/github\.com\/\.extraheader
2026-10-08T19:44:16.9366846Z [command]/usr/bin/git submodule foreach --recursive sh -c "git config --local --name-only --get-regexp 'http\.https\:\/\/github\.com\/\.extraheader' && git config --local --unset-all 'http.https://github.com/.extraheader' || :"
2026-10-08T19:44:16.9560617Z Removing includeIf entries pointing to credentials config files
2026-10-08T19:44:16.9572975Z [command]/usr/bin/git config --local --name-only --get-regexp ^includeIf\.gitdir:
2026-10-08T19:44:16.9606661Z [command]/usr/bin/git submodule foreach --recursive git config --local --show-origin --name-only --get-regexp remote.origin.url
2026-10-08T19:44:16.9807740Z [command]/usr/bin/git config --file /home/runner/work/_temp/git-credentials-101f778f-642b-418c-925b-39f4bff46913.config http.https://github.com/.extraheader AUTHORIZATION: basic ***
2026-10-08T19:44:16.9843781Z [command]/usr/bin/git config --local includeIf.gitdir:/home/runner/work/uma-sim/uma-sim/.git.path /home/runner/work/_temp/git-credentials-101f778f-642b-418c-925b-39f4bff46913.config
2026-10-08T19:44:16.9875729Z [command]/usr/bin/git config --local includeIf.gitdir:/home/runner/work/uma-sim/uma-sim/.git/worktrees/*.path /home/runner/work/_temp/git-credentials-101f778f-642b-418c-925b-39f4bff46913.config
2026-10-08T19:44:16.9909256Z [command]/usr/bin/git config --local includeIf.gitdir:/github/workspace/.git.path /github/runner_temp/git-credentials-101f778f-642b-418c-925b-39f4bff46913.config
2026-10-08T19:44:16.9940980Z [command]/usr/bin/git config --local includeIf.gitdir:/github/workspace/.git/worktrees/*.path /github/runner_temp/git-credentials-101f778f-642b-418c-925b-39f4bff46913.config
2026-10-08T19:44:16.9968964Z ##[endgroup]
2026-10-08T19:44:16.9969562Z ##[group]Fetching the repository
2026-10-08T19:44:16.9975339Z [command]/usr/bin/git -c protocol.version=2 fetch --no-tags --prune --no-recurse-submodules --depth=1 origin +c8cb47c0d081c018af1d44af2f9a49ff9ab6bdcc:refs/remotes/pull/117/merge
2026-10-08T19:44:18.6933517Z From https://github.com/Jacob-Met/uma-sim
2026-10-08T19:44:18.6935332Z  * [new ref]         c8cb47c0d081c018af1d44af2f9a49ff9ab6bdcc -> pull/117/merge
2026-10-08T19:44:18.6939102Z ##[endgroup]
2026-10-08T19:44:18.6940531Z ##[group]Determining the checkout info
2026-10-08T19:44:18.6942279Z ##[endgroup]
2026-10-08T19:44:18.6943262Z [command]/usr/bin/git sparse-checkout disable
2026-10-08T19:44:18.7035139Z [command]/usr/bin/git config --local --unset-all extensions.worktreeConfig
2026-10-08T19:44:18.7065393Z ##[group]Checking out the ref
2026-10-08T19:44:18.7129276Z [command]/usr/bin/git checkout --progress --force refs/remotes/pull/117/merge
2026-10-08T19:44:18.8352111Z Note: switching to 'refs/remotes/pull/117/merge'.
2026-10-08T19:44:18.8353197Z 
2026-10-08T19:44:18.8353968Z You are in 'detached HEAD' state. You can look around, make experimental
2026-10-08T19:44:18.8355796Z changes and commit them, and you can discard any commits you make in this
2026-10-08T19:44:18.8357692Z state without impacting any branches by switching back to a branch.
2026-10-08T19:44:18.8358746Z 
2026-10-08T19:44:18.8359515Z If you want to create a new branch to retain commits you create, you may
2026-10-08T19:44:18.8361158Z do so (now or later) by using -c with the switch command. Example:
2026-10-08T19:44:18.8362060Z 
2026-10-08T19:44:18.8362409Z   git switch -c <new-branch-name>
2026-10-08T19:44:18.8362980Z 
2026-10-08T19:44:18.8363399Z Or undo this operation with:
2026-10-08T19:44:18.8364053Z 
2026-10-08T19:44:18.8364540Z   git switch -
2026-10-08T19:44:18.8365193Z 
2026-10-08T19:44:18.8366069Z Turn off this advice by setting config variable advice.detachedHead to false
2026-10-08T19:44:18.8367167Z 
2026-10-08T19:44:18.8368393Z HEAD is now at c8cb47c Merge f38244d04f05a48fdbb77e4140610946526039c1 into 0ad4bd4d2ca0a133fe91080b6b7818efbaedb2fa
2026-10-08T19:44:18.8372960Z ##[endgroup]
2026-10-08T19:44:18.8409470Z [command]/usr/bin/git log -1 --format=%H
2026-10-08T19:44:18.8435905Z c8cb47c0d081c018af1d44af2f9a49ff9ab6bdcc
2026-10-08T19:44:18.8751837Z ##[group]Run actions/setup-node@820762786026740c76f36085b0efc47a31fe5020
2026-10-08T19:44:18.8753127Z with:
2026-10-08T19:44:18.8753828Z   node-version: 20
2026-10-08T19:44:18.8754564Z   cache: npm
2026-10-08T19:44:18.8755533Z   cache-dependency-path: packages/uma-sim-ui/package-lock.json
2026-10-08T19:44:18.8756741Z   check-latest: false
2026-10-08T19:44:18.8764643Z   token: ***
2026-10-08T19:44:18.8765445Z   package-manager-cache: true
2026-10-08T19:44:18.8766321Z ##[endgroup]
2026-10-08T19:44:18.9786540Z Attempting to download 20...
2026-10-08T19:44:20.0555358Z Acquiring 20.20.2 - x64 from https://github.com/actions/node-versions/releases/download/20.20.2-23521894959/node-20.20.2-linux-x64.tar.gz
2026-10-08T19:44:20.5731707Z Extracting ...
2026-10-08T19:44:20.5824618Z [command]/usr/bin/tar xz --strip 1 --warning=no-unknown-keyword --overwrite -C /home/runner/work/_temp/89d5bc51-7e90-49cf-9d5c-ec7739eb6d47 -f /home/runner/work/_temp/80c57be4-96fa-4aba-b339-021445d8dc47
2026-10-08T19:44:21.4429638Z Adding to the cache ...
2026-10-08T19:44:23.4698028Z ##[group]Environment details
2026-10-08T19:44:23.6799671Z node: v20.20.2
2026-10-08T19:44:23.6800545Z npm: 10.8.2
2026-10-08T19:44:23.6800779Z yarn: 1.22.22
2026-10-08T19:44:23.6801635Z ##[endgroup]
2026-10-08T19:44:23.6814465Z [command]/opt/hostedtoolcache/node/20.20.2/x64/bin/npm config get cache
2026-10-08T19:44:23.7634410Z /home/runner/.npm
2026-10-08T19:44:23.9681526Z Cache hit for: node-cache-Linux-x64-npm-d126bd84e0d55a2c82da49d64988d5fd8dbe3e76b810128f4478a4c36cb5c633
2026-10-08T19:44:25.0156479Z Received 20443895 of 20443895 (100.0%), 23.3 MBs/sec
2026-10-08T19:44:25.0156931Z Cache Size: ~19 MB (20443895 B)
2026-10-08T19:44:25.0179177Z [command]/usr/bin/tar -xf /home/runner/work/_temp/6cea8feb-6924-46c3-8091-20cd0f453f9e/cache.tzst -P -C /home/runner/work/uma-sim/uma-sim --use-compress-program unzstd
2026-10-08T19:44:25.0730013Z Cache restored successfully
2026-10-08T19:44:25.0742858Z Cache restored from key: node-cache-Linux-x64-npm-d126bd84e0d55a2c82da49d64988d5fd8dbe3e76b810128f4478a4c36cb5c633
2026-10-08T19:44:25.1815235Z ##[group]Run npm ci
2026-10-08T19:44:25.1815558Z [36;1mnpm ci[0m
2026-10-08T19:44:25.2848719Z shell: /usr/bin/bash -e {0}
2026-10-08T19:44:25.2849007Z ##[endgroup]
2026-10-08T19:44:26.7802481Z 
2026-10-08T19:44:26.7808701Z added 70 packages, and audited 71 packages in 1s
2026-10-08T19:44:26.7808984Z 
2026-10-08T19:44:26.7809153Z 7 packages are looking for funding
2026-10-08T19:44:26.7809445Z   run `npm fund` for details
2026-10-08T19:44:26.7897780Z 
2026-10-08T19:44:26.7898603Z 3 vulnerabilities (1 moderate, 2 high)
2026-10-08T19:44:26.7898951Z 
2026-10-08T19:44:26.7899292Z To address issues that do not require attention, run:
2026-10-08T19:44:26.7899758Z   npm audit fix
2026-10-08T19:44:26.7899929Z 
2026-10-08T19:44:26.7900209Z To address all issues (including breaking changes), run:
2026-10-08T19:44:26.7900657Z   npm audit fix --force
2026-10-08T19:44:26.7900881Z 
2026-10-08T19:44:26.7901041Z Run `npm audit` for details.
2026-10-08T19:44:26.8084106Z ##[group]Run npm test
2026-10-08T19:44:26.8084355Z [36;1mnpm test[0m
2026-10-08T19:44:26.8143939Z shell: /usr/bin/bash -e {0}
2026-10-08T19:44:26.8144190Z ##[endgroup]
2026-10-08T19:44:26.9908225Z 
2026-10-08T19:44:26.9908742Z > uma-sim-ui@0.1.0 test
2026-10-08T19:44:26.9909795Z > node --test tests/branch-input.test.mjs tests/branch-trace-panel.test.mjs test/log-view.test.mjs test/log-export.test.mjs test/skills-view.test.mjs tests/race-results.test.mjs test/conditions-view.test.mjs tests/checkpoint-json.test.mjs
2026-10-08T19:44:26.9910500Z 
2026-10-08T19:44:27.0312653Z TAP version 13
2026-10-08T19:44:27.7703466Z # Subtest: an empty collection is reported separately from absent or malformed data
2026-10-08T19:44:27.7761007Z ok 1 - an empty collection is reported separately from absent or malformed data
2026-10-08T19:44:27.7762052Z   ---
2026-10-08T19:44:27.7764646Z   duration_ms: 1.770903
2026-10-08T19:44:27.7765234Z   ...
2026-10-08T19:44:27.7774413Z # Subtest: injury matching follows the native exact injured or injury-substring predicate
2026-10-08T19:44:27.7775671Z ok 2 - injury matching follows the native exact injured or injury-substring predicate
2026-10-08T19:44:27.7776506Z   ---
2026-10-08T19:44:27.7779457Z   duration_ms: 0.339237
2026-10-08T19:44:27.7780055Z   ...
2026-10-08T19:44:27.7793407Z # Subtest: similar words and whitespace do not widen the native injury predicate
2026-10-08T19:44:27.7794505Z ok 3 - similar words and whitespace do not widen the native injury predicate
2026-10-08T19:44:27.7795230Z   ---
2026-10-08T19:44:27.7795672Z   duration_ms: 0.239727
2026-10-08T19:44:27.7796245Z   ...
2026-10-08T19:44:27.7797029Z # Subtest: only the three exact simulator epithet IDs receive title labels
2026-10-08T19:44:27.7819185Z ok 4 - only the three exact simulator epithet IDs receive title labels
2026-10-08T19:44:27.7819950Z   ---
2026-10-08T19:44:27.7820419Z   duration_ms: 0.342271
2026-10-08T19:44:27.7820949Z   ...
2026-10-08T19:44:27.7822068Z # Subtest: unknown title-like IDs remain literal without invented names or effects
2026-10-08T19:44:27.7823152Z ok 5 - unknown title-like IDs remain literal without invented names or effects
2026-10-08T19:44:27.7823896Z   ---
2026-10-08T19:44:27.7824361Z   duration_ms: 0.265817
2026-10-08T19:44:27.7824843Z   ...
2026-10-08T19:44:27.7825616Z # Subtest: native injury admission takes precedence over a title-like namespace
2026-10-08T19:44:27.7826638Z ok 6 - native injury admission takes precedence over a title-like namespace
2026-10-08T19:44:27.7827344Z   ---
2026-10-08T19:44:27.7827897Z   duration_ms: 0.271986
2026-10-08T19:44:27.7828493Z   ...
2026-10-08T19:44:27.7840537Z # Subtest: every retained entry survives in order including duplicates and long collections
2026-10-08T19:44:27.7841870Z ok 7 - every retained entry survives in order including duplicates and long collections
2026-10-08T19:44:27.7842632Z   ---
2026-10-08T19:44:27.7843073Z   duration_ms: 0.319266
2026-10-08T19:44:27.7843986Z   ...
2026-10-08T19:44:27.7844779Z # Subtest: markup-like strings, whitespace and object-property names remain exact data
2026-10-08T19:44:27.7845932Z ok 8 - markup-like strings, whitespace and object-property names remain exact data
2026-10-08T19:44:27.7846734Z   ---
2026-10-08T19:44:27.7847217Z   duration_ms: 0.232106
2026-10-08T19:44:27.7847860Z   ...
2026-10-08T19:44:27.7854914Z # Subtest: a later recovered snapshot removes the warning and retains unrelated titles and statuses
2026-10-08T19:44:27.7856202Z ok 9 - a later recovered snapshot removes the warning and retains unrelated titles and statuses
2026-10-08T19:44:27.7857060Z   ---
2026-10-08T19:44:27.7857531Z   duration_ms: 0.350083
2026-10-08T19:44:27.7858020Z   ...
2026-10-08T19:44:27.8082984Z # Subtest: JSON preserves every original entry and explicit retained-history scope
2026-10-08T19:44:27.8133094Z ok 10 - JSON preserves every original entry and explicit retained-history scope
2026-10-08T19:44:27.8176981Z   ---
2026-10-08T19:44:27.8178619Z   duration_ms: 1.948778
2026-10-08T19:44:27.8179937Z   ...
2026-10-08T19:44:27.8180874Z # Subtest: a prepared file survives later append or replacement without taking a filtered subset
2026-10-08T19:44:27.8182287Z ok 11 - a prepared file survives later append or replacement without taking a filtered subset
2026-10-08T19:44:27.8183064Z   ---
2026-10-08T19:44:27.8183486Z   duration_ms: 0.189773
2026-10-08T19:44:27.8183943Z   ...
2026-10-08T19:44:27.8184621Z # Subtest: readable text retains ordered duplicate and empty numbered blocks
2026-10-08T19:44:27.8185565Z ok 12 - readable text retains ordered duplicate and empty numbered blocks
2026-10-08T19:44:27.8186224Z   ---
2026-10-08T19:44:27.8186622Z   duration_ms: 0.231405
2026-10-08T19:44:27.8187188Z   ...
2026-10-08T19:44:27.8192099Z # Subtest: empty, single-entry and long histories have explicit complete counts
2026-10-08T19:44:27.8232228Z ok 13 - empty, single-entry and long histories have explicit complete counts
2026-10-08T19:44:27.8251814Z   ---
2026-10-08T19:44:27.8271904Z   duration_ms: 6.925766
2026-10-08T19:44:27.8275240Z   ...
2026-10-08T19:44:27.8276138Z # Subtest: one local request delivers the actual JSON Blob and releases its URL after the click
2026-10-08T19:44:27.8277418Z ok 14 - one local request delivers the actual JSON Blob and releases its URL after the click
2026-10-08T19:44:27.8278183Z   ---
2026-10-08T19:44:27.8278605Z   duration_ms: 10.480001
2026-10-08T19:44:27.8279050Z   ...
2026-10-08T19:44:27.8279822Z # Subtest: preparation and dispatch failures propagate without another click or a leaked URL
2026-10-08T19:44:27.8280717Z     # Subtest: url
2026-10-08T19:44:27.8281147Z     ok 1 - url
2026-10-08T19:44:27.8281724Z       ---
2026-10-08T19:44:27.8282129Z       duration_ms: 11.639992
2026-10-08T19:44:27.8282585Z       ...
2026-10-08T19:44:27.8282981Z     # Subtest: create
2026-10-08T19:44:27.8283422Z     ok 2 - create
2026-10-08T19:44:27.8283837Z       ---
2026-10-08T19:44:27.8284249Z       duration_ms: 5.012942
2026-10-08T19:44:27.8284958Z       ...
2026-10-08T19:44:27.8307908Z     # Subtest: append
2026-10-08T19:44:27.8308406Z     ok 3 - append
2026-10-08T19:44:27.8308868Z       ---
2026-10-08T19:44:27.8309290Z       duration_ms: 1.564134
2026-10-08T19:44:27.8309744Z       ...
2026-10-08T19:44:27.8310159Z     # Subtest: click
2026-10-08T19:44:27.8310591Z     ok 4 - click
2026-10-08T19:44:27.8310994Z       ---
2026-10-08T19:44:27.8311541Z       duration_ms: 2.949692
2026-10-08T19:44:27.8311965Z       ...
2026-10-08T19:44:27.8312342Z     1..4
2026-10-08T19:44:27.8313098Z ok 15 - preparation and dispatch failures propagate without another click or a leaked URL
2026-10-08T19:44:27.8313813Z   ---
2026-10-08T19:44:27.8314214Z   duration_ms: 22.167353
2026-10-08T19:44:27.8314657Z   ...
2026-10-08T19:44:27.8315348Z # Subtest: native React rendering names the full count and disables only an empty log
2026-10-08T19:44:27.8316361Z ok 16 - native React rendering names the full count and disables only an empty log
2026-10-08T19:44:27.8317600Z   ---
2026-10-08T19:44:27.8317989Z   duration_ms: 4.387238
2026-10-08T19:44:27.8318412Z   ...
2026-10-08T19:44:27.8319224Z # Subtest: the actual LogPanel exposes the full-history download beside preserved reader and summary
2026-10-08T19:44:27.8320383Z ok 17 - the actual LogPanel exposes the full-history download beside preserved reader and summary
2026-10-08T19:44:27.8321120Z   ---
2026-10-08T19:44:27.8321648Z   duration_ms: 3.607494
2026-10-08T19:44:27.8322174Z   ...
2026-10-08T19:44:27.9584141Z # Subtest: empty query exposes every retained entry verbatim, including empty and duplicate entries
2026-10-08T19:44:27.9586493Z ok 18 - empty query exposes every retained entry verbatim, including empty and duplicate entries
2026-10-08T19:44:27.9589759Z   ---
2026-10-08T19:44:27.9626047Z   duration_ms: 2.132222
2026-10-08T19:44:27.9682066Z   ...
2026-10-08T19:44:27.9706489Z # Subtest: matching entries and occurrences are counted separately without crossing entry boundaries
2026-10-08T19:44:27.9708040Z ok 19 - matching entries and occurrences are counted separately without crossing entry boundaries
2026-10-08T19:44:27.9708740Z   ---
2026-10-08T19:44:27.9709068Z   duration_ms: 0.411164
2026-10-08T19:44:27.9709443Z   ...
2026-10-08T19:44:27.9710273Z # Subtest: case-insensitive highlighting retains original UTF-16 spans after length-changing lowercase characters
2026-10-08T19:44:27.9711625Z ok 20 - case-insensitive highlighting retains original UTF-16 spans after length-changing lowercase characters
2026-10-08T19:44:27.9712336Z   ---
2026-10-08T19:44:27.9712649Z   duration_ms: 0.340769
2026-10-08T19:44:27.9712997Z   ...
2026-10-08T19:44:27.9713731Z # Subtest: Unicode simple folding handles sigma, Kelvin sign, and long s without expanding sharp s
2026-10-08T19:44:27.9714718Z ok 21 - Unicode simple folding handles sigma, Kelvin sign, and long s without expanding sharp s
2026-10-08T19:44:27.9715358Z   ---
2026-10-08T19:44:27.9715694Z   duration_ms: 0.854706
2026-10-08T19:44:27.9716025Z   ...
2026-10-08T19:44:27.9716757Z # Subtest: Japanese, astral symbols, combining characters, and isolated surrogates preserve original text
2026-10-08T19:44:27.9717868Z ok 22 - Japanese, astral symbols, combining characters, and isolated surrogates preserve original text
2026-10-08T19:44:27.9718497Z   ---
2026-10-08T19:44:27.9718798Z   duration_ms: 0.566796
2026-10-08T19:44:27.9719137Z   ...
2026-10-08T19:44:27.9719815Z # Subtest: all regexp metacharacters, whitespace, and markup-like text remain literal search data
2026-10-08T19:44:27.9720796Z ok 23 - all regexp metacharacters, whitespace, and markup-like text remain literal search data
2026-10-08T19:44:27.9721621Z   ---
2026-10-08T19:44:27.9721933Z   duration_ms: 3.444992
2026-10-08T19:44:27.9722289Z   ...
2026-10-08T19:44:27.9722963Z # Subtest: matches are non-overlapping and global matching restarts independently for each entry
2026-10-08T19:44:27.9723964Z ok 24 - matches are non-overlapping and global matching restarts independently for each entry
2026-10-08T19:44:27.9724624Z   ---
2026-10-08T19:44:27.9724943Z   duration_ms: 0.342051
2026-10-08T19:44:27.9725293Z   ...
2026-10-08T19:44:27.9725970Z # Subtest: 2,000 deterministic mixed-Unicode cases agree with an independent scalar-token oracle
2026-10-08T19:44:27.9726995Z ok 25 - 2,000 deterministic mixed-Unicode cases agree with an independent scalar-token oracle
2026-10-08T19:44:27.9727639Z   ---
2026-10-08T19:44:27.9727970Z   duration_ms: 180.346869
2026-10-08T19:44:27.9728338Z   ...
2026-10-08T19:44:27.9729074Z # Subtest: history changes distinguish a strict prefix append from trimming, replacement, and reordering
2026-10-08T19:44:27.9730048Z ok 26 - history changes distinguish a strict prefix append from trimming, replacement, and reordering
2026-10-08T19:44:27.9730610Z   ---
2026-10-08T19:44:27.9730882Z   duration_ms: 0.309442
2026-10-08T19:44:27.9731190Z   ...
2026-10-08T19:44:27.9731981Z # Subtest: 14,641 sequence pairs agree with an independent serialized-prefix oracle without mutating input
2026-10-08T19:44:27.9733254Z ok 27 - 14,641 sequence pairs agree with an independent serialized-prefix oracle without mutating input
2026-10-08T19:44:27.9733891Z   ---
2026-10-08T19:44:27.9734206Z   duration_ms: 21.956159
2026-10-08T19:44:27.9734573Z   ...
2026-10-08T19:44:28.4886513Z # Subtest: learned names and descriptions use exact IDs with a literal unknown fallback
2026-10-08T19:44:28.4908768Z ok 28 - learned names and descriptions use exact IDs with a literal unknown fallback
2026-10-08T19:44:28.4934356Z   ---
2026-10-08T19:44:28.4934648Z   duration_ms: 1.875659
2026-10-08T19:44:28.4934944Z   ...
2026-10-08T19:44:28.4935592Z # Subtest: all retained learned entries survive in order, including duplicates beyond 24
2026-10-08T19:44:28.4936490Z ok 29 - all retained learned entries survive in order, including duplicates beyond 24
2026-10-08T19:44:28.4937276Z   ---
2026-10-08T19:44:28.4980038Z   duration_ms: 0.285145
2026-10-08T19:44:28.4980363Z   ...
2026-10-08T19:44:28.4980980Z # Subtest: only skill namespace hints are skills; raw names and training keys remain separate
2026-10-08T19:44:28.4982394Z ok 30 - only skill namespace hints are skills; raw names and training keys remain separate
2026-10-08T19:44:28.4982964Z   ---
2026-10-08T19:44:28.4983223Z   duration_ms: 0.385245
2026-10-08T19:44:28.4983489Z   ...
2026-10-08T19:44:28.4984918Z # Subtest: hint levels are retained values, with no cap, discount, or purchase inference
2026-10-08T19:44:28.4986102Z ok 31 - hint levels are retained values, with no cap, discount, or purchase inference
2026-10-08T19:44:28.4986810Z   ---
2026-10-08T19:44:28.4987222Z   duration_ms: 0.235802
2026-10-08T19:44:28.4987686Z   ...
2026-10-08T19:44:28.4988499Z # Subtest: catalog failure and malformed entries do not manufacture names or accept an HTML fallback
2026-10-08T19:44:28.4989720Z ok 32 - catalog failure and malformed entries do not manufacture names or accept an HTML fallback
2026-10-08T19:44:28.4990534Z   ---
2026-10-08T19:44:28.4990972Z   duration_ms: 0.429541
2026-10-08T19:44:28.4991659Z   ...
2026-10-08T19:44:28.4992564Z # Subtest: markup-like text and object-property keys remain literal, without changing snapshot inputs
2026-10-08T19:44:28.4993796Z ok 33 - markup-like text and object-property keys remain literal, without changing snapshot inputs
2026-10-08T19:44:28.4994617Z   ---
2026-10-08T19:44:28.4995054Z   duration_ms: 0.256052
2026-10-08T19:44:28.4995490Z   ...
2026-10-08T19:44:28.5178861Z # Subtest: preserves the full authored order, blank lines, turn zero and colon action IDs
2026-10-08T19:44:28.5192188Z ok 34 - preserves the full authored order, blank lines, turn zero and colon action IDs
2026-10-08T19:44:28.5196553Z   ---
2026-10-08T19:44:28.5198445Z   duration_ms: 1.624064
2026-10-08T19:44:28.5198904Z   ...
2026-10-08T19:44:28.5199506Z # Subtest: a policy-only run is valid with no override text
2026-10-08T19:44:28.5200264Z ok 35 - a policy-only run is valid with no override text
2026-10-08T19:44:28.5200819Z   ---
2026-10-08T19:44:28.5201229Z   duration_ms: 0.158046
2026-10-08T19:44:28.5201831Z   ...
2026-10-08T19:44:28.5202617Z # Subtest: accepts only the exact representable integer boundary and allowed maximum budget
2026-10-08T19:44:28.5203738Z ok 36 - accepts only the exact representable integer boundary and allowed maximum budget
2026-10-08T19:44:28.5204471Z   ---
2026-10-08T19:44:28.5204905Z   duration_ms: 0.203684
2026-10-08T19:44:28.5205342Z   ...
2026-10-08T19:44:28.5205889Z # Subtest: refuses the whole draft for missing colon
2026-10-08T19:44:28.5206599Z ok 37 - refuses the whole draft for missing colon
2026-10-08T19:44:28.5207149Z   ---
2026-10-08T19:44:28.5207577Z   duration_ms: 0.396702
2026-10-08T19:44:28.5208037Z   ...
2026-10-08T19:44:28.5208574Z # Subtest: refuses the whole draft for missing turn
2026-10-08T19:44:28.5209286Z ok 38 - refuses the whole draft for missing turn
2026-10-08T19:44:28.5209819Z   ---
2026-10-08T19:44:28.5210225Z   duration_ms: 0.246648
2026-10-08T19:44:28.5210657Z   ...
2026-10-08T19:44:28.5211197Z # Subtest: refuses the whole draft for negative turn
2026-10-08T19:44:28.5212479Z ok 39 - refuses the whole draft for negative turn
2026-10-08T19:44:28.5213039Z   ---
2026-10-08T19:44:28.5213458Z   duration_ms: 0.149523
2026-10-08T19:44:28.5213898Z   ...
2026-10-08T19:44:28.5214447Z # Subtest: refuses the whole draft for fractional turn
2026-10-08T19:44:28.5215154Z ok 40 - refuses the whole draft for fractional turn
2026-10-08T19:44:28.5215693Z   ---
2026-10-08T19:44:28.5216103Z   duration_ms: 0.165757
2026-10-08T19:44:28.5216543Z   ...
2026-10-08T19:44:28.5217113Z # Subtest: refuses the whole draft for scientific notation
2026-10-08T19:44:28.5217904Z ok 41 - refuses the whole draft for scientific notation
2026-10-08T19:44:28.5218472Z   ---
2026-10-08T19:44:28.5218874Z   duration_ms: 0.128192
2026-10-08T19:44:28.5219292Z   ...
2026-10-08T19:44:28.5219876Z # Subtest: refuses the whole draft for hexadecimal notation
2026-10-08T19:44:28.5220645Z ok 42 - refuses the whole draft for hexadecimal notation
2026-10-08T19:44:28.5221204Z   ---
2026-10-08T19:44:28.5221770Z   duration_ms: 0.188722
2026-10-08T19:44:28.5222202Z   ...
2026-10-08T19:44:28.5222943Z # Subtest: refuses the whole draft for non-number turn
2026-10-08T19:44:28.5223651Z ok 43 - refuses the whole draft for non-number turn
2026-10-08T19:44:28.5224173Z   ---
2026-10-08T19:44:28.5224555Z   duration_ms: 0.241551
2026-10-08T19:44:28.5224974Z   ...
2026-10-08T19:44:28.5225484Z # Subtest: refuses the whole draft for infinite turn
2026-10-08T19:44:28.5226127Z ok 44 - refuses the whole draft for infinite turn
2026-10-08T19:44:28.5226649Z   ---
2026-10-08T19:44:28.5227034Z   duration_ms: 0.198296
2026-10-08T19:44:28.5227454Z   ...
2026-10-08T19:44:28.5228134Z # Subtest: refuses the whole draft for signed integer overflow
2026-10-08T19:44:28.5228897Z ok 45 - refuses the whole draft for signed integer overflow
2026-10-08T19:44:28.5229459Z   ---
2026-10-08T19:44:28.5229854Z   duration_ms: 0.19429
2026-10-08T19:44:28.5230270Z   ...
2026-10-08T19:44:28.5230898Z # Subtest: refuses the whole draft for integer that would wrap to turn 8
2026-10-08T19:44:28.5232203Z ok 46 - refuses the whole draft for integer that would wrap to turn 8
2026-10-08T19:44:28.5232821Z   ---
2026-10-08T19:44:28.5233220Z   duration_ms: 0.155833
2026-10-08T19:44:28.5233640Z   ...
2026-10-08T19:44:28.5234156Z # Subtest: refuses the whole draft for unsafe integer
2026-10-08T19:44:28.5234817Z ok 47 - refuses the whole draft for unsafe integer
2026-10-08T19:44:28.5235346Z   ---
2026-10-08T19:44:28.5235722Z   duration_ms: 0.182813
2026-10-08T19:44:28.5236137Z   ...
2026-10-08T19:44:28.5236657Z # Subtest: refuses the whole draft for empty action
2026-10-08T19:44:28.5237319Z ok 48 - refuses the whole draft for empty action
2026-10-08T19:44:28.5237835Z   ---
2026-10-08T19:44:28.5238215Z   duration_ms: 0.117976
2026-10-08T19:44:28.5238628Z   ...
2026-10-08T19:44:28.5239382Z # Subtest: duplicate turns report both source lines rather than picking the first silently
2026-10-08T19:44:28.5240443Z ok 49 - duplicate turns report both source lines rather than picking the first silently
2026-10-08T19:44:28.5241141Z   ---
2026-10-08T19:44:28.5242049Z   duration_ms: 0.231986
2026-10-08T19:44:28.5242492Z   ...
2026-10-08T19:44:28.5243219Z # Subtest: collects actionable line errors without discarding valid intervening input
2026-10-08T19:44:28.5244247Z ok 50 - collects actionable line errors without discarding valid intervening input
2026-10-08T19:44:28.5244913Z   ---
2026-10-08T19:44:28.5245307Z   duration_ms: 0.145658
2026-10-08T19:44:28.5245736Z   ...
2026-10-08T19:44:28.5246230Z # Subtest: refuses invalid action budget ""
2026-10-08T19:44:28.5246823Z ok 51 - refuses invalid action budget ""
2026-10-08T19:44:28.5247316Z   ---
2026-10-08T19:44:28.5247698Z   duration_ms: 0.239167
2026-10-08T19:44:28.5248106Z   ...
2026-10-08T19:44:28.5248600Z # Subtest: refuses invalid action budget " "
2026-10-08T19:44:28.5249214Z ok 52 - refuses invalid action budget " "
2026-10-08T19:44:28.5249695Z   ---
2026-10-08T19:44:28.5250087Z   duration_ms: 0.095643
2026-10-08T19:44:28.5250492Z   ...
2026-10-08T19:44:28.5251194Z # Subtest: refuses invalid action budget "0"
2026-10-08T19:44:28.5251966Z ok 53 - refuses invalid action budget "0"
2026-10-08T19:44:28.5252487Z   ---
2026-10-08T19:44:28.5252948Z   duration_ms: 0.141231
2026-10-08T19:44:28.5253420Z   ...
2026-10-08T19:44:28.5260304Z # Subtest: refuses invalid action budget "501"
2026-10-08T19:44:28.5281930Z ok 54 - refuses invalid action budget "501"
2026-10-08T19:44:28.5324671Z   ---
2026-10-08T19:44:28.5335343Z   duration_ms: 0.137455
2026-10-08T19:44:28.5335862Z   ...
2026-10-08T19:44:28.5336446Z # Subtest: refuses invalid action budget "1.5"
2026-10-08T19:44:28.5337157Z ok 55 - refuses invalid action budget "1.5"
2026-10-08T19:44:28.5337718Z   ---
2026-10-08T19:44:28.5338145Z   duration_ms: 0.087751
2026-10-08T19:44:28.5338563Z   ...
2026-10-08T19:44:28.5339074Z # Subtest: refuses invalid action budget "-1"
2026-10-08T19:44:28.5339642Z ok 56 - refuses invalid action budget "-1"
2026-10-08T19:44:28.5340127Z   ---
2026-10-08T19:44:28.5340517Z   duration_ms: 0.094842
2026-10-08T19:44:28.5340936Z   ...
2026-10-08T19:44:28.5341795Z # Subtest: refuses invalid action budget "NaN"
2026-10-08T19:44:28.5342468Z ok 57 - refuses invalid action budget "NaN"
2026-10-08T19:44:28.5343012Z   ---
2026-10-08T19:44:28.5343423Z   duration_ms: 0.096534
2026-10-08T19:44:28.5343927Z   ...
2026-10-08T19:44:28.5344504Z # Subtest: refuses invalid action budget "Infinity"
2026-10-08T19:44:28.5345249Z ok 58 - refuses invalid action budget "Infinity"
2026-10-08T19:44:28.5345857Z   ---
2026-10-08T19:44:28.5346276Z   duration_ms: 0.105577
2026-10-08T19:44:28.5346763Z   ...
2026-10-08T19:44:28.5347332Z # Subtest: refuses invalid action budget "1e2"
2026-10-08T19:44:28.5348034Z ok 59 - refuses invalid action budget "1e2"
2026-10-08T19:44:28.5348625Z   ---
2026-10-08T19:44:28.5349075Z   duration_ms: 0.099758
2026-10-08T19:44:28.5349583Z   ...
2026-10-08T19:44:28.5350212Z # Subtest: refuses invalid action budget "9007199254740993"
2026-10-08T19:44:28.5351028Z ok 60 - refuses invalid action budget "9007199254740993"
2026-10-08T19:44:28.5351779Z   ---
2026-10-08T19:44:28.5352240Z   duration_ms: 0.098157
2026-10-08T19:44:28.5352693Z   ...
2026-10-08T19:44:28.5353475Z # Subtest: reports both budget and override errors in a single review
2026-10-08T19:44:28.5354545Z ok 61 - reports both budget and override errors in a single review
2026-10-08T19:44:28.5355243Z   ---
2026-10-08T19:44:28.5355627Z   duration_ms: 0.197424
2026-10-08T19:44:28.5356052Z   ...
2026-10-08T19:44:28.5356749Z # Subtest: preserves literal action text for the existing simulator legality check
2026-10-08T19:44:28.5357687Z ok 62 - preserves literal action text for the existing simulator legality check
2026-10-08T19:44:28.5358280Z   ---
2026-10-08T19:44:28.5358638Z   duration_ms: 0.1538
2026-10-08T19:44:28.5359035Z   ...
2026-10-08T19:44:28.7536165Z # Subtest: an unselected inspector explains how to read a saved trace
2026-10-08T19:44:28.7642763Z ok 63 - an unselected inspector explains how to read a saved trace
2026-10-08T19:44:28.7762416Z   ---
2026-10-08T19:44:28.7817375Z   duration_ms: 4.527757
2026-10-08T19:44:28.7850469Z   ...
2026-10-08T19:44:28.7912332Z # Subtest: loading identifies the requested branch and exposes only a close action
2026-10-08T19:44:28.7913203Z ok 64 - loading identifies the requested branch and exposes only a close action
2026-10-08T19:44:28.7913680Z   ---
2026-10-08T19:44:28.7913926Z   duration_ms: 0.712454
2026-10-08T19:44:28.7914200Z   ...
2026-10-08T19:44:28.7914741Z # Subtest: an error identifies its branch, is announced and supports explicit retry
2026-10-08T19:44:28.7915557Z ok 65 - an error identifies its branch, is announced and supports explicit retry
2026-10-08T19:44:28.7982055Z   ---
2026-10-08T19:44:28.8011746Z   duration_ms: 0.571243
2026-10-08T19:44:28.8041724Z   ...
2026-10-08T19:44:28.8042576Z # Subtest: same-turn rejection and later application remain separate recorded steps
2026-10-08T19:44:28.8072123Z ok 66 - same-turn rejection and later application remain separate recorded steps
2026-10-08T19:44:28.8101727Z   ---
2026-10-08T19:44:28.8102264Z   duration_ms: 2.278972
2026-10-08T19:44:28.8131885Z   ...
2026-10-08T19:44:28.8139674Z # Subtest: a configured but unobserved turn has no invented rejection outcome
2026-10-08T19:44:28.8140662Z ok 67 - a configured but unobserved turn has no invented rejection outcome
2026-10-08T19:44:28.8141276Z   ---
2026-10-08T19:44:28.8141890Z   duration_ms: 0.900094
2026-10-08T19:44:28.8142328Z   ...
2026-10-08T19:44:28.8142942Z # Subtest: a branch with no recorded steps has an explicit empty state
2026-10-08T19:44:28.8143781Z ok 68 - a branch with no recorded steps has an explicit empty state
2026-10-08T19:44:28.8144378Z   ---
2026-10-08T19:44:28.8144757Z   duration_ms: 0.612103
2026-10-08T19:44:28.8145171Z   ...
2026-10-08T19:44:28.8145863Z # Subtest: a policy-only timeline offers all steps when the override filter is empty
2026-10-08T19:44:28.8146846Z ok 69 - a policy-only timeline offers all steps when the override filter is empty
2026-10-08T19:44:28.8147514Z   ---
2026-10-08T19:44:28.8147909Z   duration_ms: 0.640376
2026-10-08T19:44:28.8148587Z   ...
2026-10-08T19:44:28.8149391Z # Subtest: legacy duplicate configuration is retained without dropping either authored action
2026-10-08T19:44:28.8150498Z ok 70 - legacy duplicate configuration is retained without dropping either authored action
2026-10-08T19:44:28.8151205Z   ---
2026-10-08T19:44:28.8151726Z   duration_ms: 5.175314
2026-10-08T19:44:28.8152116Z   ...
2026-10-08T19:44:28.8152701Z # Subtest: source text remains literal instead of becoming active markup
2026-10-08T19:44:28.8153604Z ok 71 - source text remains literal instead of becoming active markup
2026-10-08T19:44:28.8154148Z   ---
2026-10-08T19:44:28.8154519Z   duration_ms: 0.934335
2026-10-08T19:44:28.8154927Z   ...
2026-10-08T19:44:29.5887275Z # Subtest: import preserves the complete snapshot text for signed seed -9223372036854775808
2026-10-08T19:44:29.5888298Z ok 72 - import preserves the complete snapshot text for signed seed -9223372036854775808
2026-10-08T19:44:29.5888920Z   ---
2026-10-08T19:44:29.5889225Z   duration_ms: 68.292333
2026-10-08T19:44:29.5889525Z   ...
2026-10-08T19:44:29.5890117Z # Subtest: import preserves the complete snapshot text for signed seed -9007199254740993
2026-10-08T19:44:29.5890989Z ok 73 - import preserves the complete snapshot text for signed seed -9007199254740993
2026-10-08T19:44:29.5891813Z   ---
2026-10-08T19:44:29.5892085Z   duration_ms: 26.309066
2026-10-08T19:44:29.5892377Z   ...
2026-10-08T19:44:29.5892898Z # Subtest: import preserves the complete snapshot text for signed seed -42
2026-10-08T19:44:29.5893705Z ok 74 - import preserves the complete snapshot text for signed seed -42
2026-10-08T19:44:29.5894170Z   ---
2026-10-08T19:44:29.5894423Z   duration_ms: 37.62958
2026-10-08T19:44:29.5894703Z   ...
2026-10-08T19:44:29.5906995Z # Subtest: import preserves the complete snapshot text for signed seed 0
2026-10-08T19:44:29.5935413Z ok 75 - import preserves the complete snapshot text for signed seed 0
2026-10-08T19:44:29.5937138Z   ---
2026-10-08T19:44:29.5937600Z   duration_ms: 17.003166
2026-10-08T19:44:29.5938142Z   ...
2026-10-08T19:44:29.5938921Z # Subtest: import preserves the complete snapshot text for signed seed 42
2026-10-08T19:44:29.5939883Z ok 76 - import preserves the complete snapshot text for signed seed 42
2026-10-08T19:44:29.5940519Z   ---
2026-10-08T19:44:29.5940934Z   duration_ms: 19.889264
2026-10-08T19:44:29.5941523Z   ...
2026-10-08T19:44:29.5944522Z # Subtest: import preserves the complete snapshot text for signed seed 9007199254740993
2026-10-08T19:44:29.5945850Z ok 77 - import preserves the complete snapshot text for signed seed 9007199254740993
2026-10-08T19:44:29.5946540Z   ---
2026-10-08T19:44:29.5946968Z   duration_ms: 18.407843
2026-10-08T19:44:29.5947412Z   ...
2026-10-08T19:44:29.5948148Z # Subtest: import preserves the complete snapshot text for signed seed 9223372036854775807
2026-10-08T19:44:29.5949153Z ok 78 - import preserves the complete snapshot text for signed seed 9223372036854775807
2026-10-08T19:44:29.5950238Z   ---
2026-10-08T19:44:29.5950664Z   duration_ms: 13.73593
2026-10-08T19:44:29.5951104Z   ...
2026-10-08T19:44:29.5951961Z # Subtest: optional names remain one escaped string and cannot add envelope fields
2026-10-08T19:44:29.5952968Z ok 79 - optional names remain one escaped string and cannot add envelope fields
2026-10-08T19:44:29.5953629Z   ---
2026-10-08T19:44:29.5954017Z   duration_ms: 79.248625
2026-10-08T19:44:29.5954454Z   ...
2026-10-08T19:44:29.5954978Z # Subtest: malformed JSON is refused before any request
2026-10-08T19:44:29.5955691Z ok 80 - malformed JSON is refused before any request
2026-10-08T19:44:29.5956245Z   ---
2026-10-08T19:44:29.5956654Z   duration_ms: 90.717742
2026-10-08T19:44:29.5957123Z   ...
2026-10-08T19:44:29.5957745Z # Subtest: valid JSON outside the object shape is refused before any request
2026-10-08T19:44:29.5958569Z ok 81 - valid JSON outside the object shape is refused before any request
2026-10-08T19:44:29.5959147Z   ---
2026-10-08T19:44:29.5959544Z   duration_ms: 60.8868
2026-10-08T19:44:29.5959961Z   ...
2026-10-08T19:44:29.5960836Z # Subtest: the existing object-import route retains its serialization and entry projection
2026-10-08T19:44:29.5962067Z ok 82 - the existing object-import route retains its serialization and entry projection
2026-10-08T19:44:29.5962634Z   ---
2026-10-08T19:44:29.5962889Z   duration_ms: 6.948641
2026-10-08T19:44:29.5963170Z   ...
2026-10-08T19:44:29.5963706Z # Subtest: ordinary GET and object POST defaults remain on the same transport
2026-10-08T19:44:29.5964466Z ok 83 - ordinary GET and object POST defaults remain on the same transport
2026-10-08T19:44:29.5964915Z   ---
2026-10-08T19:44:29.5965156Z   duration_ms: 20.594416
2026-10-08T19:44:29.5965447Z   ...
2026-10-08T19:44:29.5965981Z # Subtest: server errors retain their status, body diagnostics and single request
2026-10-08T19:44:29.5966759Z ok 84 - server errors retain their status, body diagnostics and single request
2026-10-08T19:44:29.5967249Z   ---
2026-10-08T19:44:29.5967512Z   duration_ms: 47.70025
2026-10-08T19:44:29.5967773Z   ...
2026-10-08T19:44:29.5968377Z # Subtest: invalid response JSON uses the shared diagnostic for success and error statuses
2026-10-08T19:44:29.5969240Z ok 85 - invalid response JSON uses the shared diagnostic for success and error statuses
2026-10-08T19:44:29.5969759Z   ---
2026-10-08T19:44:29.5970012Z   duration_ms: 15.569677
2026-10-08T19:44:29.5970292Z   ...
2026-10-08T19:44:29.5970671Z # Subtest: network failure is preserved without retry
2026-10-08T19:44:29.5971199Z ok 86 - network failure is preserved without retry
2026-10-08T19:44:29.5971740Z   ---
2026-10-08T19:44:29.5971987Z   duration_ms: 7.802054
2026-10-08T19:44:29.5972278Z   ...
2026-10-08T19:44:29.6166737Z # Subtest: native physics record keeps the observed place, field, precision and source metadata
2026-10-08T19:44:29.6167520Z ok 87 - native physics record keeps the observed place, field, precision and source metadata
2026-10-08T19:44:29.6168057Z   ---
2026-10-08T19:44:29.6168387Z   duration_ms: 2.215197
2026-10-08T19:44:29.6168696Z   ...
2026-10-08T19:44:29.6169280Z # Subtest: fan-only records retain zero and never invent missing race statistics
2026-10-08T19:44:29.6170103Z ok 88 - fan-only records retain zero and never invent missing race statistics
2026-10-08T19:44:29.6170589Z   ---
2026-10-08T19:44:29.6170836Z   duration_ms: 0.291355
2026-10-08T19:44:29.6171122Z   ...
2026-10-08T19:44:29.6175020Z # Subtest: repeated race IDs and identical occurrences retain separate source positions
2026-10-08T19:44:29.6175897Z ok 89 - repeated race IDs and identical occurrences retain separate source positions
2026-10-08T19:44:29.6176231Z   ---
2026-10-08T19:44:29.6176408Z   duration_ms: 0.219437
2026-10-08T19:44:29.6176584Z   ...
2026-10-08T19:44:29.6176894Z # Subtest: non-race entries and action narration are not retained race records
2026-10-08T19:44:29.6177346Z ok 90 - non-race entries and action narration are not retained race records
2026-10-08T19:44:29.6177634Z   ---
2026-10-08T19:44:29.6178282Z   duration_ms: 0.13417
2026-10-08T19:44:29.6178511Z   ...
2026-10-08T19:44:29.6179027Z # Subtest: a newest unrecognized record stays latest even when a valid older result exists
2026-10-08T19:44:29.6179751Z ok 91 - a newest unrecognized record stays latest even when a valid older result exists
2026-10-08T19:44:29.6180223Z   ---
2026-10-08T19:44:29.6180442Z   duration_ms: 0.313458
2026-10-08T19:44:29.6180674Z   ...
2026-10-08T19:44:29.6181229Z # Subtest: invalid numeric fields or inconsistent place and field remain literal unknown records
2026-10-08T19:44:29.6182000Z ok 92 - invalid numeric fields or inconsistent place and field remain literal unknown records
2026-10-08T19:44:29.6182350Z   ---
2026-10-08T19:44:29.6182519Z   duration_ms: 0.340458
2026-10-08T19:44:29.6182713Z   ...
2026-10-08T19:44:29.6183026Z # Subtest: native ordinal suffixes keep 11th to 13th distinct from 21st to 23rd
2026-10-08T19:44:29.6183477Z ok 93 - native ordinal suffixes keep 11th to 13th distinct from 21st to 23rd
2026-10-08T19:44:29.6183777Z   ---
2026-10-08T19:44:29.6184332Z   duration_ms: 0.256984
2026-10-08T19:44:29.6184535Z   ...
2026-10-08T19:44:29.6184885Z # Subtest: rendered physics facts show exact native values and the full original record
2026-10-08T19:44:29.6185383Z ok 94 - rendered physics facts show exact native values and the full original record
2026-10-08T19:44:29.6185688Z   ---
2026-10-08T19:44:29.6185849Z   duration_ms: 5.001685
2026-10-08T19:44:29.6186030Z   ...
2026-10-08T19:44:29.6186377Z # Subtest: rendered fan-only facts state the missing details without inventing first place
2026-10-08T19:44:29.6186885Z ok 95 - rendered fan-only facts state the missing details without inventing first place
2026-10-08T19:44:29.6187199Z   ---
2026-10-08T19:44:29.6187355Z   duration_ms: 0.948456
2026-10-08T19:44:29.6187526Z   ...
2026-10-08T19:44:29.6187869Z # Subtest: unknown latest is visible while earlier recognized occurrences stay in history
2026-10-08T19:44:29.6188392Z ok 96 - unknown latest is visible while earlier recognized occurrences stay in history
2026-10-08T19:44:29.6188719Z   ---
2026-10-08T19:44:29.6188886Z   duration_ms: 1.410264
2026-10-08T19:44:29.6189081Z   ...
2026-10-08T19:44:29.6189380Z # Subtest: mandatory entry remains explicit and disabled while busy
2026-10-08T19:44:29.6189813Z ok 97 - mandatory entry remains explicit and disabled while busy
2026-10-08T19:44:29.6190091Z   ---
2026-10-08T19:44:29.6190250Z   duration_ms: 0.47559
2026-10-08T19:44:29.6190439Z   ...
2026-10-08T19:44:29.6190773Z # Subtest: replacing the supplied history cannot retain an old result
2026-10-08T19:44:29.6191207Z ok 98 - replacing the supplied history cannot retain an old result
2026-10-08T19:44:29.6191737Z   ---
2026-10-08T19:44:29.6191992Z   duration_ms: 0.86476
2026-10-08T19:44:29.6192184Z   ...
2026-10-08T19:44:29.6192516Z # Subtest: unusual race IDs and unrecognized source text are rendered literally
2026-10-08T19:44:29.6193005Z ok 99 - unusual race IDs and unrecognized source text are rendered literally
2026-10-08T19:44:29.6193333Z   ---
2026-10-08T19:44:29.6193508Z   duration_ms: 0.813584
2026-10-08T19:44:29.6193737Z   ...
2026-10-08T19:44:29.6193927Z 1..99
2026-10-08T19:44:29.6194083Z # tests 103
2026-10-08T19:44:29.6194255Z # suites 0
2026-10-08T19:44:29.6194423Z # pass 103
2026-10-08T19:44:29.6194609Z # fail 0
2026-10-08T19:44:29.6194801Z # cancelled 0
2026-10-08T19:44:29.6194989Z # skipped 0
2026-10-08T19:44:29.6195175Z # todo 0
2026-10-08T19:44:29.6195402Z # duration_ms 2598.209525
2026-10-08T19:44:29.6288694Z ##[group]Run npm run typecheck
2026-10-08T19:44:29.6288946Z [36;1mnpm run typecheck[0m
2026-10-08T19:44:29.6344656Z shell: /usr/bin/bash -e {0}
2026-10-08T19:44:29.6344875Z ##[endgroup]
2026-10-08T19:44:29.7235734Z 
2026-10-08T19:44:29.7236315Z > uma-sim-ui@0.1.0 typecheck
2026-10-08T19:44:29.7236742Z > tsc --noEmit
2026-10-08T19:44:29.7236923Z 
2026-10-08T19:44:31.8205421Z ##[group]Run npm run build
2026-10-08T19:44:31.8205674Z [36;1mnpm run build[0m
2026-10-08T19:44:31.8262041Z shell: /usr/bin/bash -e {0}
2026-10-08T19:44:31.8262448Z ##[endgroup]
2026-10-08T19:44:31.9219556Z 
2026-10-08T19:44:31.9220140Z > uma-sim-ui@0.1.0 build
2026-10-08T19:44:31.9220533Z > tsc -b && vite build
2026-10-08T19:44:31.9220665Z 
2026-10-08T19:44:34.1760131Z [36mvite v5.4.21 [32mbuilding for production...[36m[39m
2026-10-08T19:44:34.2239102Z transforming...
2026-10-08T19:44:34.8764978Z [32m✓[39m 69 modules transformed.
2026-10-08T19:44:34.9942364Z rendering chunks...
2026-10-08T19:44:34.9993689Z computing gzip size...
2026-10-08T19:44:35.0059635Z [2mdist/[22m[32mindex.html                 [39m[1m[2m  0.39 kB[22m[1m[22m[2m │ gzip:  0.26 kB[22m
2026-10-08T19:44:35.0060387Z [2mdist/[22m[2massets/[22m[35mindex-RguA8KSx.css  [39m[1m[2m 14.45 kB[22m[1m[22m[2m │ gzip:  3.39 kB[22m
2026-10-08T19:44:35.0061229Z [2mdist/[22m[2massets/[22m[36mindex-AkE2S2uD.js   [39m[1m[2m214.48 kB[22m[1m[22m[2m │ gzip: 65.89 kB[22m
2026-10-08T19:44:35.0061954Z [32m✓ built in 809ms[39m
2026-10-08T19:44:35.1139873Z ##[group]Run npx playwright install --with-deps chromium
2026-10-08T19:44:35.1140613Z [36;1mnpx playwright install --with-deps chromium[0m
2026-10-08T19:44:35.1200396Z shell: /usr/bin/bash -e {0}
2026-10-08T19:44:35.1210442Z ##[endgroup]
2026-10-08T19:44:35.8296978Z Installing dependencies...
2026-10-08T19:44:35.8353343Z Switching to root user to install dependencies...
2026-10-08T19:44:35.9697902Z Get:1 file:/etc/apt/apt-mirrors.txt Mirrorlist [144 B]
2026-10-08T19:44:36.0006956Z Hit:2 http://azure.archive.ubuntu.com/ubuntu noble InRelease
2026-10-08T19:44:36.0008114Z Get:6 https://packages.microsoft.com/ubuntu/24.04/prod noble InRelease [3600 B]
2026-10-08T19:44:36.0035996Z Get:3 http://azure.archive.ubuntu.com/ubuntu noble-updates InRelease [126 kB]
2026-10-08T19:44:36.0106696Z Get:4 http://azure.archive.ubuntu.com/ubuntu noble-backports InRelease [126 kB]
2026-10-08T19:44:36.0129289Z Get:5 http://azure.archive.ubuntu.com/ubuntu noble-security InRelease [126 kB]
2026-10-08T19:44:36.1051119Z Get:7 https://packages.microsoft.com/ubuntu/24.04/prod noble/main amd64 Packages [531 kB]
2026-10-08T19:44:36.1261936Z Get:8 https://packages.microsoft.com/ubuntu/24.04/prod noble/main arm64 Packages [474 kB]
2026-10-08T19:44:36.1338044Z Get:9 https://packages.microsoft.com/ubuntu/24.04/prod noble/main armhf Packages [12.3 kB]
2026-10-08T19:44:36.1363707Z Get:10 https://packages.microsoft.com/ubuntu/24.04/prod noble/main all Packages [640 B]
2026-10-08T19:44:36.1477991Z Get:11 http://azure.archive.ubuntu.com/ubuntu noble-updates/main amd64 Packages [1375 kB]
2026-10-08T19:44:36.1553827Z Get:12 http://azure.archive.ubuntu.com/ubuntu noble-updates/main Translation-en [306 kB]
2026-10-08T19:44:36.1592535Z Get:13 http://azure.archive.ubuntu.com/ubuntu noble-updates/universe amd64 Packages [1702 kB]
2026-10-08T19:44:36.1703136Z Get:14 http://azure.archive.ubuntu.com/ubuntu noble-updates/universe Translation-en [342 kB]
2026-10-08T19:44:36.1733372Z Get:15 http://azure.archive.ubuntu.com/ubuntu noble-updates/restricted amd64 Packages [1761 kB]
2026-10-08T19:44:36.1818928Z Get:16 http://azure.archive.ubuntu.com/ubuntu noble-updates/restricted Translation-en [401 kB]
2026-10-08T19:44:36.1850156Z Get:17 http://azure.archive.ubuntu.com/ubuntu noble-updates/multiverse amd64 Packages [55.0 kB]
2026-10-08T19:44:36.1877802Z Get:18 http://azure.archive.ubuntu.com/ubuntu noble-updates/multiverse Translation-en [14.3 kB]
2026-10-08T19:44:36.2442948Z Get:19 http://azure.archive.ubuntu.com/ubuntu noble-security/main amd64 Packages [1115 kB]
2026-10-08T19:44:36.2493221Z Get:20 http://azure.archive.ubuntu.com/ubuntu noble-security/main Translation-en [227 kB]
2026-10-08T19:44:36.2922886Z Get:21 http://azure.archive.ubuntu.com/ubuntu noble-security/universe amd64 Packages [1218 kB]
2026-10-08T19:44:36.2977212Z Get:22 http://azure.archive.ubuntu.com/ubuntu noble-security/universe Translation-en [245 kB]
2026-10-08T19:44:36.2998229Z Get:23 http://azure.archive.ubuntu.com/ubuntu noble-security/restricted amd64 Packages [1632 kB]
2026-10-08T19:44:36.3070228Z Get:24 http://azure.archive.ubuntu.com/ubuntu noble-security/restricted Translation-en [376 kB]
2026-10-08T19:44:36.3092560Z Get:25 http://azure.archive.ubuntu.com/ubuntu noble-security/multiverse Translation-en [11.6 kB]
2026-10-08T19:44:44.6175675Z Fetched 12.2 MB in 1s (11.7 MB/s)
2026-10-08T19:44:45.3275475Z Reading package lists...
2026-10-08T19:44:45.3483886Z Reading package lists...
2026-10-08T19:44:45.5391204Z Building dependency tree...
2026-10-08T19:44:45.5397787Z Reading state information...
2026-10-08T19:44:45.6677821Z libasound2t64 is already the newest version (1.2.11-1ubuntu0.3).
2026-10-08T19:44:45.6678537Z libasound2t64 set to manually installed.
2026-10-08T19:44:45.6679221Z libatk-bridge2.0-0t64 is already the newest version (2.52.0-1build1).
2026-10-08T19:44:45.6679835Z libatk-bridge2.0-0t64 set to manually installed.
2026-10-08T19:44:45.6680427Z libatk1.0-0t64 is already the newest version (2.52.0-1build1).
2026-10-08T19:44:45.6681676Z libatk1.0-0t64 set to manually installed.
2026-10-08T19:44:45.6682204Z libatspi2.0-0t64 is already the newest version (2.52.0-1build1).
2026-10-08T19:44:45.6682663Z libatspi2.0-0t64 set to manually installed.
2026-10-08T19:44:45.6683062Z libcairo2 is already the newest version (1.18.0-3build1).
2026-10-08T19:44:45.6683358Z libcairo2 set to manually installed.
2026-10-08T19:44:45.6683691Z libcups2t64 is already the newest version (2.4.7-1.2ubuntu7.14).
2026-10-08T19:44:45.6684011Z libcups2t64 set to manually installed.
2026-10-08T19:44:45.6684334Z libdbus-1-3 is already the newest version (1.14.10-4ubuntu4.1).
2026-10-08T19:44:45.6684645Z libdbus-1-3 set to manually installed.
2026-10-08T19:44:45.6685151Z libdrm2 is already the newest version (2.4.125-1ubuntu0.1~24.04.2).
2026-10-08T19:44:45.6685478Z libdrm2 set to manually installed.
2026-10-08T19:44:45.6685799Z libgbm1 is already the newest version (25.2.8-0ubuntu0.24.04.4).
2026-10-08T19:44:45.6686101Z libgbm1 set to manually installed.
2026-10-08T19:44:45.6686421Z libglib2.0-0t64 is already the newest version (2.80.0-6ubuntu3.9).
2026-10-08T19:44:45.6686848Z libglib2.0-0t64 set to manually installed.
2026-10-08T19:44:45.6687182Z libnspr4 is already the newest version (2:4.35-1.1build1).
2026-10-08T19:44:45.6687488Z libnspr4 set to manually installed.
2026-10-08T19:44:45.6687795Z libnss3 is already the newest version (2:3.98-1ubuntu0.2).
2026-10-08T19:44:45.6688075Z libnss3 set to manually installed.
2026-10-08T19:44:45.6688396Z libpango-1.0-0 is already the newest version (1.52.1+ds-1build1).
2026-10-08T19:44:45.6688839Z libpango-1.0-0 set to manually installed.
2026-10-08T19:44:45.6689296Z libx11-6 is already the newest version (2:1.8.7-1build1).
2026-10-08T19:44:45.6689733Z libx11-6 set to manually installed.
2026-10-08T19:44:45.6690172Z libxcb1 is already the newest version (1.15-1ubuntu2).
2026-10-08T19:44:45.6690612Z libxcb1 set to manually installed.
2026-10-08T19:44:45.6691110Z libxcomposite1 is already the newest version (1:0.4.5-1build3).
2026-10-08T19:44:45.6691726Z libxcomposite1 set to manually installed.
2026-10-08T19:44:45.6692061Z libxdamage1 is already the newest version (1:1.1.6-1build1).
2026-10-08T19:44:45.6692365Z libxdamage1 set to manually installed.
2026-10-08T19:44:45.6692663Z libxext6 is already the newest version (2:1.3.4-1build2).
2026-10-08T19:44:45.6693098Z libxext6 set to manually installed.
2026-10-08T19:44:45.6693593Z libxfixes3 is already the newest version (1:6.0.0-2build1).
2026-10-08T19:44:45.6694081Z libxfixes3 set to manually installed.
2026-10-08T19:44:45.6694551Z libxkbcommon0 is already the newest version (1.6.0-1build1).
2026-10-08T19:44:45.6694860Z libxkbcommon0 set to manually installed.
2026-10-08T19:44:45.6695172Z libxrandr2 is already the newest version (2:1.5.2-2build1).
2026-10-08T19:44:45.6695458Z libxrandr2 set to manually installed.
2026-10-08T19:44:45.6695781Z xvfb is already the newest version (2:21.1.12-1ubuntu1.8).
2026-10-08T19:44:45.6696450Z fonts-noto-color-emoji is already the newest version (2.047-0ubuntu0.24.04.1).
2026-10-08T19:44:45.6697506Z libfontconfig1 is already the newest version (2.15.0-1.1ubuntu2).
2026-10-08T19:44:45.6698065Z libfontconfig1 set to manually installed.
2026-10-08T19:44:45.6698596Z fonts-liberation is already the newest version (1:2.1.5-3).
2026-10-08T19:44:45.6699105Z fonts-liberation set to manually installed.
2026-10-08T19:44:45.6699613Z The following additional packages will be installed:
2026-10-08T19:44:45.6700079Z   xfonts-encodings xfonts-utils
2026-10-08T19:44:45.6700426Z Recommended packages:
2026-10-08T19:44:45.6700777Z   fonts-ipafont-mincho fonts-tlwg-loma
2026-10-08T19:44:45.6850792Z The following NEW packages will be installed:
2026-10-08T19:44:45.6851667Z   fonts-freefont-ttf fonts-ipafont-gothic fonts-tlwg-loma-otf fonts-unifont
2026-10-08T19:44:45.6856928Z   fonts-wqy-zenhei xfonts-cyrillic xfonts-encodings xfonts-scalable
2026-10-08T19:44:45.6857270Z   xfonts-utils
2026-10-08T19:44:45.6860235Z The following packages will be upgraded:
2026-10-08T19:44:45.6864098Z   libfreetype6
2026-10-08T19:44:45.7007334Z 1 upgraded, 9 newly installed, 0 to remove and 22 not upgraded.
2026-10-08T19:44:45.7007694Z Need to get 21.5 MB of archives.
2026-10-08T19:44:45.7008163Z After this operation, 79.5 MB of additional disk space will be used.
2026-10-08T19:44:45.7008777Z Get:1 file:/etc/apt/apt-mirrors.txt Mirrorlist [144 B]
2026-10-08T19:44:45.7795454Z Get:2 http://azure.archive.ubuntu.com/ubuntu noble/universe amd64 fonts-ipafont-gothic all 00303-21ubuntu1 [3513 kB]
2026-10-08T19:44:45.9106841Z Get:3 http://azure.archive.ubuntu.com/ubuntu noble/main amd64 fonts-freefont-ttf all 20211204+svn4273-2 [5641 kB]
2026-10-08T19:44:46.0895782Z Get:4 http://azure.archive.ubuntu.com/ubuntu noble/universe amd64 fonts-tlwg-loma-otf all 1:0.7.3-1 [107 kB]
2026-10-08T19:44:46.1553555Z Get:5 http://azure.archive.ubuntu.com/ubuntu noble/universe amd64 fonts-unifont all 1:15.1.01-1build1 [2993 kB]
2026-10-08T19:44:46.6125195Z Get:6 http://azure.archive.ubuntu.com/ubuntu noble/universe amd64 fonts-wqy-zenhei all 0.9.45-8 [7472 kB]
2026-10-08T19:44:46.8243958Z Get:7 http://azure.archive.ubuntu.com/ubuntu noble-updates/main amd64 libfreetype6 amd64 2.13.2+dfsg-1ubuntu0.2 [403 kB]
2026-10-08T19:44:46.8912796Z Get:8 http://azure.archive.ubuntu.com/ubuntu noble/main amd64 xfonts-encodings all 1:1.0.5-0ubuntu2 [578 kB]
2026-10-08T19:44:46.9595233Z Get:9 http://azure.archive.ubuntu.com/ubuntu noble/main amd64 xfonts-utils amd64 1:7.7+6build3 [94.4 kB]
2026-10-08T19:44:47.0877431Z Get:10 http://azure.archive.ubuntu.com/ubuntu noble/universe amd64 xfonts-cyrillic all 1:1.0.5+nmu1 [384 kB]
2026-10-08T19:44:47.4786020Z Get:11 http://azure.archive.ubuntu.com/ubuntu noble/main amd64 xfonts-scalable all 1:1.0.3-1.3 [304 kB]
2026-10-08T19:44:47.7636653Z Fetched 21.5 MB in 2s (11.8 MB/s)
2026-10-08T19:44:47.8510857Z Selecting previously unselected package fonts-ipafont-gothic.
2026-10-08T19:44:47.8718645Z (Reading database ... 
2026-10-08T19:44:47.8719260Z (Reading database ... 5%
2026-10-08T19:44:47.8719796Z (Reading database ... 10%
2026-10-08T19:44:47.8720106Z (Reading database ... 15%
2026-10-08T19:44:47.8720326Z (Reading database ... 20%
2026-10-08T19:44:47.8720546Z (Reading database ... 25%
2026-10-08T19:44:47.8720752Z (Reading database ... 30%
2026-10-08T19:44:47.8720957Z (Reading database ... 35%
2026-10-08T19:44:47.8721160Z (Reading database ... 40%
2026-10-08T19:44:47.8721551Z (Reading database ... 45%
2026-10-08T19:44:47.8721751Z (Reading database ... 50%
2026-10-08T19:44:47.8855970Z (Reading database ... 55%
2026-10-08T19:44:48.0004930Z (Reading database ... 60%
2026-10-08T19:44:48.2600318Z (Reading database ... 65%
2026-10-08T19:44:48.4907760Z (Reading database ... 70%
2026-10-08T19:44:48.6521736Z (Reading database ... 75%
2026-10-08T19:44:48.7924146Z (Reading database ... 80%
2026-10-08T19:44:48.9940081Z (Reading database ... 85%
2026-10-08T19:44:49.1668420Z (Reading database ... 90%
2026-10-08T19:44:49.3468830Z (Reading database ... 95%
2026-10-08T19:44:49.3469239Z (Reading database ... 100%
2026-10-08T19:44:49.3469638Z (Reading database ... 203191 files and directories currently installed.)
2026-10-08T19:44:49.3510670Z Preparing to unpack .../0-fonts-ipafont-gothic_00303-21ubuntu1_all.deb ...
2026-10-08T19:44:49.3628971Z Unpacking fonts-ipafont-gothic (00303-21ubuntu1) ...
2026-10-08T19:44:49.6224750Z Selecting previously unselected package fonts-freefont-ttf.
2026-10-08T19:44:49.6336742Z Preparing to unpack .../1-fonts-freefont-ttf_20211204+svn4273-2_all.deb ...
2026-10-08T19:44:49.6341769Z Unpacking fonts-freefont-ttf (20211204+svn4273-2) ...
2026-10-08T19:44:49.7424843Z Selecting previously unselected package fonts-tlwg-loma-otf.
2026-10-08T19:44:49.7536140Z Preparing to unpack .../2-fonts-tlwg-loma-otf_1%3a0.7.3-1_all.deb ...
2026-10-08T19:44:49.7540940Z Unpacking fonts-tlwg-loma-otf (1:0.7.3-1) ...
2026-10-08T19:44:49.7706629Z Selecting previously unselected package fonts-unifont.
2026-10-08T19:44:49.7816211Z Preparing to unpack .../3-fonts-unifont_1%3a15.1.01-1build1_all.deb ...
2026-10-08T19:44:49.7912263Z Unpacking fonts-unifont (1:15.1.01-1build1) ...
2026-10-08T19:44:50.1339309Z Selecting previously unselected package fonts-wqy-zenhei.
2026-10-08T19:44:50.1450143Z Preparing to unpack .../4-fonts-wqy-zenhei_0.9.45-8_all.deb ...
2026-10-08T19:44:50.1531967Z Unpacking fonts-wqy-zenhei (0.9.45-8) ...
2026-10-08T19:44:50.6361750Z Preparing to unpack .../5-libfreetype6_2.13.2+dfsg-1ubuntu0.2_amd64.deb ...
2026-10-08T19:44:50.6383644Z Unpacking libfreetype6:amd64 (2.13.2+dfsg-1ubuntu0.2) over (2.13.2+dfsg-1ubuntu0.1) ...
2026-10-08T19:44:50.6618844Z Selecting previously unselected package xfonts-encodings.
2026-10-08T19:44:50.6729440Z Preparing to unpack .../6-xfonts-encodings_1%3a1.0.5-0ubuntu2_all.deb ...
2026-10-08T19:44:50.6735460Z Unpacking xfonts-encodings (1:1.0.5-0ubuntu2) ...
2026-10-08T19:44:50.6958399Z Selecting previously unselected package xfonts-utils.
2026-10-08T19:44:50.7067518Z Preparing to unpack .../7-xfonts-utils_1%3a7.7+6build3_amd64.deb ...
2026-10-08T19:44:50.7073822Z Unpacking xfonts-utils (1:7.7+6build3) ...
2026-10-08T19:44:50.7644724Z Selecting previously unselected package xfonts-cyrillic.
2026-10-08T19:44:50.7756120Z Preparing to unpack .../8-xfonts-cyrillic_1%3a1.0.5+nmu1_all.deb ...
2026-10-08T19:44:50.7762544Z Unpacking xfonts-cyrillic (1:1.0.5+nmu1) ...
2026-10-08T19:44:50.8242713Z Selecting previously unselected package xfonts-scalable.
2026-10-08T19:44:50.8352422Z Preparing to unpack .../9-xfonts-scalable_1%3a1.0.3-1.3_all.deb ...
2026-10-08T19:44:50.8358170Z Unpacking xfonts-scalable (1:1.0.3-1.3) ...
2026-10-08T19:44:50.8786162Z Setting up fonts-wqy-zenhei (0.9.45-8) ...
2026-10-08T19:44:50.8883212Z Setting up fonts-freefont-ttf (20211204+svn4273-2) ...
2026-10-08T19:44:50.8898163Z Setting up fonts-tlwg-loma-otf (1:0.7.3-1) ...
2026-10-08T19:44:50.8911512Z Setting up libfreetype6:amd64 (2.13.2+dfsg-1ubuntu0.2) ...
2026-10-08T19:44:50.8925907Z Setting up xfonts-encodings (1:1.0.5-0ubuntu2) ...
2026-10-08T19:44:50.8940325Z Setting up fonts-ipafont-gothic (00303-21ubuntu1) ...
2026-10-08T19:44:50.8994765Z update-alternatives: using /usr/share/fonts/opentype/ipafont-gothic/ipag.ttf to provide /usr/share/fonts/truetype/fonts-japanese-gothic.ttf (fonts-japanese-gothic.ttf) in auto mode
2026-10-08T19:44:50.9006153Z Setting up fonts-unifont (1:15.1.01-1build1) ...
2026-10-08T19:44:50.9019936Z Setting up xfonts-utils (1:7.7+6build3) ...
2026-10-08T19:44:50.9051853Z Setting up xfonts-cyrillic (1:1.0.5+nmu1) ...
2026-10-08T19:44:50.9280018Z Setting up xfonts-scalable (1:1.0.3-1.3) ...
2026-10-08T19:44:50.9506595Z Processing triggers for libc-bin (2.39-0ubuntu8.9) ...
2026-10-08T19:44:51.1973858Z Processing triggers for man-db (2.12.0-4build2) ...
2026-10-08T19:44:51.2010799Z Not building database; man-db/auto-update is not 'true'.
2026-10-08T19:44:51.2019370Z Processing triggers for fontconfig (2.15.0-1.1ubuntu2) ...
2026-10-08T19:44:51.8286805Z 
2026-10-08T19:44:51.8287359Z Running kernel seems to be up-to-date.
2026-10-08T19:44:51.8287601Z 
2026-10-08T19:44:51.8287713Z Restarting services...
2026-10-08T19:44:51.8351610Z  systemctl restart php8.3-fpm.service
2026-10-08T19:44:51.9326448Z 
2026-10-08T19:44:51.9327738Z No containers need to be restarted.
2026-10-08T19:44:51.9328193Z 
2026-10-08T19:44:51.9328570Z No user sessions are running outdated binaries.
2026-10-08T19:44:51.9329055Z 
2026-10-08T19:44:51.9329540Z No VM guests are running outdated hypervisor (qemu) binaries on this host.
2026-10-08T19:44:52.8630962Z Downloading Chrome for Testing 151.0.7922.34 (playwright chromium v1234) from https://cdn.playwright.dev/builds/cft/151.0.7922.34/linux64/chrome-linux64.zip
2026-10-08T19:44:53.8643864Z |                                                                                |   0% of 184.3 MiB
2026-10-08T19:44:54.0531619Z |■■■■■■■■                                                                        |  10% of 184.3 MiB
2026-10-08T19:44:54.1768753Z |■■■■■■■■■■■■■■■■                                                                |  20% of 184.3 MiB
2026-10-08T19:44:54.3072731Z |■■■■■■■■■■■■■■■■■■■■■■■■                                                        |  30% of 184.3 MiB
2026-10-08T19:44:54.4688195Z |■■■■■■■■■■■■■■■■■■■■■■■■■■■■■■■■                                                |  40% of 184.3 MiB
2026-10-08T19:44:54.6004539Z |■■■■■■■■■■■■■■■■■■■■■■■■■■■■■■■■■■■■■■■■                                        |  50% of 184.3 MiB
2026-10-08T19:44:54.7569387Z |■■■■■■■■■■■■■■■■■■■■■■■■■■■■■■■■■■■■■■■■■■■■■■■■                                |  60% of 184.3 MiB
2026-10-08T19:44:54.8642902Z |■■■■■■■■■■■■■■■■■■■■■■■■■■■■■■■■■■■■■■■■■■■■■■■■■■■■■■■■                        |  70% of 184.3 MiB
2026-10-08T19:44:54.9720930Z |■■■■■■■■■■■■■■■■■■■■■■■■■■■■■■■■■■■■■■■■■■■■■■■■■■■■■■■■■■■■■■■■                |  80% of 184.3 MiB
2026-10-08T19:44:55.0682638Z |■■■■■■■■■■■■■■■■■■■■■■■■■■■■■■■■■■■■■■■■■■■■■■■■■■■■■■■■■■■■■■■■■■■■■■■■        |  90% of 184.3 MiB
2026-10-08T19:44:55.2039733Z |■■■■■■■■■■■■■■■■■■■■■■■■■■■■■■■■■■■■■■■■■■■■■■■■■■■■■■■■■■■■■■■■■■■■■■■■■■■■■■■■| 100% of 184.3 MiB
2026-10-08T19:44:57.7168780Z Chrome for Testing 151.0.7922.34 (playwright chromium v1234) downloaded to /home/runner/.cache/ms-playwright/chromium-1234
2026-10-08T19:44:57.7171569Z Downloading FFmpeg (playwright ffmpeg v1011) from https://cdn.playwright.dev/dbazure/download/playwright/builds/ffmpeg/1011/ffmpeg-linux.zip
2026-10-08T19:44:58.6561010Z |                                                                                |   0% of 2.3 MiB
2026-10-08T19:44:58.6600480Z |■■■■■■■■                                                                        |  10% of 2.3 MiB
2026-10-08T19:44:58.6624141Z |■■■■■■■■■■■■■■■■                                                                |  20% of 2.3 MiB
2026-10-08T19:44:58.6646801Z |■■■■■■■■■■■■■■■■■■■■■■■■                                                        |  30% of 2.3 MiB
2026-10-08T19:44:58.6667378Z |■■■■■■■■■■■■■■■■■■■■■■■■■■■■■■■■                                                |  40% of 2.3 MiB
2026-10-08T19:44:58.6686996Z |■■■■■■■■■■■■■■■■■■■■■■■■■■■■■■■■■■■■■■■■                                        |  50% of 2.3 MiB
2026-10-08T19:44:58.6704933Z |■■■■■■■■■■■■■■■■■■■■■■■■■■■■■■■■■■■■■■■■■■■■■■■■                                |  60% of 2.3 MiB
2026-10-08T19:44:58.6722794Z |■■■■■■■■■■■■■■■■■■■■■■■■■■■■■■■■■■■■■■■■■■■■■■■■■■■■■■■■                        |  70% of 2.3 MiB
2026-10-08T19:44:58.6745421Z |■■■■■■■■■■■■■■■■■■■■■■■■■■■■■■■■■■■■■■■■■■■■■■■■■■■■■■■■■■■■■■■■                |  80% of 2.3 MiB
2026-10-08T19:44:58.6752628Z |■■■■■■■■■■■■■■■■■■■■■■■■■■■■■■■■■■■■■■■■■■■■■■■■■■■■■■■■■■■■■■■■■■■■■■■■        |  90% of 2.3 MiB
2026-10-08T19:44:58.6768309Z |■■■■■■■■■■■■■■■■■■■■■■■■■■■■■■■■■■■■■■■■■■■■■■■■■■■■■■■■■■■■■■■■■■■■■■■■■■■■■■■■| 100% of 2.3 MiB
2026-10-08T19:44:58.7293505Z FFmpeg (playwright ffmpeg v1011) downloaded to /home/runner/.cache/ms-playwright/ffmpeg-1011
2026-10-08T19:44:58.7296538Z Downloading Chrome Headless Shell 151.0.7922.34 (playwright chromium-headless-shell v1234) from https://cdn.playwright.dev/builds/cft/151.0.7922.34/linux64/chrome-headless-shell-linux64.zip
2026-10-08T19:44:59.7184717Z |                                                                                |   0% of 114.7 MiB
2026-10-08T19:44:59.8725632Z |■■■■■■■■                                                                        |  10% of 114.7 MiB
2026-10-08T19:44:59.9476076Z |■■■■■■■■■■■■■■■■                                                                |  20% of 114.7 MiB
2026-10-08T19:45:00.0219777Z |■■■■■■■■■■■■■■■■■■■■■■■■                                                        |  30% of 114.7 MiB
2026-10-08T19:45:00.0982060Z |■■■■■■■■■■■■■■■■■■■■■■■■■■■■■■■■                                                |  40% of 114.7 MiB
2026-10-08T19:45:00.1538734Z |■■■■■■■■■■■■■■■■■■■■■■■■■■■■■■■■■■■■■■■■                                        |  50% of 114.7 MiB
2026-10-08T19:45:00.2060189Z |■■■■■■■■■■■■■■■■■■■■■■■■■■■■■■■■■■■■■■■■■■■■■■■■                                |  60% of 114.7 MiB
2026-10-08T19:45:00.2803494Z |■■■■■■■■■■■■■■■■■■■■■■■■■■■■■■■■■■■■■■■■■■■■■■■■■■■■■■■■                        |  70% of 114.7 MiB
2026-10-08T19:45:00.3303336Z |■■■■■■■■■■■■■■■■■■■■■■■■■■■■■■■■■■■■■■■■■■■■■■■■■■■■■■■■■■■■■■■■                |  80% of 114.7 MiB
2026-10-08T19:45:00.4012754Z |■■■■■■■■■■■■■■■■■■■■■■■■■■■■■■■■■■■■■■■■■■■■■■■■■■■■■■■■■■■■■■■■■■■■■■■■        |  90% of 114.7 MiB
2026-10-08T19:45:00.4473272Z |■■■■■■■■■■■■■■■■■■■■■■■■■■■■■■■■■■■■■■■■■■■■■■■■■■■■■■■■■■■■■■■■■■■■■■■■■■■■■■■■| 100% of 114.7 MiB
2026-10-08T19:45:02.2196856Z Chrome Headless Shell 151.0.7922.34 (playwright chromium-headless-shell v1234) downloaded to /home/runner/.cache/ms-playwright/chromium_headless_shell-1234
2026-10-08T19:45:02.2373823Z ##[group]Run npm run test:browser
2026-10-08T19:45:02.2374237Z [36;1mnpm run test:browser[0m
2026-10-08T19:45:02.2446836Z shell: /usr/bin/bash -e {0}
2026-10-08T19:45:02.2447070Z ##[endgroup]
2026-10-08T19:45:02.3365611Z 
2026-10-08T19:45:02.3366090Z > uma-sim-ui@0.1.0 test:browser
2026-10-08T19:45:02.3366607Z > node tests/receiving/uma-lab-receiver.mjs dist test-results/career-lab
2026-10-08T19:45:02.3366866Z 
2026-10-08T19:45:03.1965850Z PASS successful comparison actual markdown and JSON downloads
2026-10-08T19:45:03.6568313Z PASS changed selection cannot retarget displayed comparison downloads
2026-10-08T19:45:04.1443090Z PASS failed new comparison keeps prior result and downloads coherent
2026-10-08T19:45:04.5712812Z PASS delete displayed branch after selection changes invalidates result
2026-10-08T19:45:05.0604459Z PASS delete unrelated pending branch preserves successful comparison
2026-10-08T19:45:05.4836290Z PASS deleting selected compared branch requires replacement selection
2026-10-08T19:45:05.9089261Z PASS failed branch deletion preserves valid comparison and selected row
2026-10-08T19:45:06.2734161Z PASS confirmed deletion invalidates result when branch list refresh fails
2026-10-08T19:45:06.6253563Z PASS in flight comparison cannot overwrite newer keyboard selections
2026-10-08T19:45:07.2311284Z PASS report query encoding preserves branch identity
2026-10-08T19:45:07.5960713Z PASS invalid override malformed nonblank line blocks branch mutation
2026-10-08T19:45:08.0246233Z PASS invalid override missing turn blocks branch mutation
2026-10-08T19:45:08.3891566Z PASS invalid override fractional turn blocks branch mutation
2026-10-08T19:45:08.8371618Z PASS invalid override negative turn blocks branch mutation
2026-10-08T19:45:09.2589191Z PASS invalid override unsafe integer turn blocks branch mutation
2026-10-08T19:45:09.5724016Z PASS invalid override missing action blocks branch mutation
2026-10-08T19:45:09.8892852Z PASS invalid override conflicting duplicate turn blocks branch mutation
2026-10-08T19:45:10.1940091Z PASS invalid max actions empty blocks branch mutation
2026-10-08T19:45:10.5032000Z PASS invalid max actions 0 blocks branch mutation
2026-10-08T19:45:10.8062017Z PASS invalid max actions 501 blocks branch mutation
2026-10-08T19:45:11.1062715Z PASS invalid max actions 1.5 blocks branch mutation
2026-10-08T19:45:11.3086077Z PASS valid turn zero whitespace blank lines and colon action are transmitted exactly
2026-10-08T19:45:11.5118862Z PASS valid upper action budget and empty overrides are transmitted exactly
2026-10-08T19:45:11.5367158Z {"passed":23,"failed":0,"receipt":"/home/runner/work/uma-sim/uma-sim/packages/uma-sim-ui/test-results/career-lab/receiver-results.json"}
2026-10-08T19:45:11.5547306Z ##[group]Run npm run test:trace
2026-10-08T19:45:11.5547556Z [36;1mnpm run test:trace[0m
2026-10-08T19:45:11.5602987Z shell: /usr/bin/bash -e {0}
2026-10-08T19:45:11.5603204Z ##[endgroup]
2026-10-08T19:45:11.6497859Z 
2026-10-08T19:45:11.6498447Z > uma-sim-ui@0.1.0 test:trace
2026-10-08T19:45:11.6499125Z > node tests/receiving/uma-trace-receiver.mjs dist test-results/trace
2026-10-08T19:45:11.6499538Z 
2026-10-08T19:45:12.1914930Z PASS saved branch rows expose trace inspection in the actual application
2026-10-08T19:45:12.6252194Z PASS trace preserves authored overrides per-step mixed flags and exact full JSON
2026-10-08T19:45:12.9737493Z PASS loading B never relabels or exports the old A trace as B
2026-10-08T19:45:13.3089160Z PASS late A response cannot replace the newer B trace
2026-10-08T19:45:13.6395207Z PASS late A failure cannot overwrite the newer B trace with an obsolete error
2026-10-08T19:45:13.9060808Z PASS closing inspector prevents a late response from reopening it
2026-10-08T19:45:14.1713220Z PASS closing inspector prevents a late error from reopening it
2026-10-08T19:45:14.5540775Z PASS unmounted trace read cannot affect a newly opened lab view
2026-10-08T19:45:15.0263183Z PASS retry requests the failed branch and keeps its error identity explicit
2026-10-08T19:45:15.2350275Z PASS wrong branch identity response is rejected without a wrong trace export
2026-10-08T19:45:15.4755999Z PASS missing trace configuration fails visibly without crashing the application
2026-10-08T19:45:15.7558710Z PASS reserved branch ID is retrieved unchanged and exported intact
2026-10-08T19:45:16.0559768Z PASS confirmed deletion invalidates the currently loaded trace
2026-10-08T19:45:16.4038178Z PASS confirmed deletion prevents a pending trace response from reopening the inspector
2026-10-08T19:45:16.7228515Z PASS failed deletion preserves the valid loaded trace
2026-10-08T19:45:16.7475234Z {"passed":15,"failed":0,"dependentCasesNotRun":0,"receipt":"/home/runner/work/uma-sim/uma-sim/packages/uma-sim-ui/test-results/trace/trace-receiver-results.json"}
2026-10-08T19:45:16.7694187Z ##[group]Run actions/upload-artifact@043fb46d1a93c77aae656e7c1c64a875d1fc6a0a
2026-10-08T19:45:16.7694520Z with:
2026-10-08T19:45:16.7694693Z   name: uma-sim-ui-dist
2026-10-08T19:45:16.7694902Z   path: packages/uma-sim-ui/dist
2026-10-08T19:45:16.7695158Z   if-no-files-found: warn
2026-10-08T19:45:16.7695593Z   compression-level: 6
2026-10-08T19:45:16.7704962Z   overwrite: false
2026-10-08T19:45:16.7705170Z   include-hidden-files: false
2026-10-08T19:45:16.7705386Z   archive: true
2026-10-08T19:45:16.7705557Z ##[endgroup]
2026-10-08T19:45:16.8825622Z With the provided path, there will be 3 files uploaded
2026-10-08T19:45:16.8829665Z Artifact name is valid!
2026-10-08T19:45:16.8830400Z Root directory input is valid!
2026-10-08T19:45:17.2072429Z Uploading artifact: uma-sim-ui-dist.zip
2026-10-08T19:45:17.2101222Z Beginning upload of artifact content to blob storage
2026-10-08T19:45:17.5583767Z Uploaded bytes 69906
2026-10-08T19:45:17.6207812Z Finished uploading artifact content to blob storage!
2026-10-08T19:45:17.6208862Z SHA256 digest of uploaded artifact is cfd88d081d5cc0f4494380134c392867947f5ffa45f84a111898692e4b223eb2
2026-10-08T19:45:17.6209639Z Finalizing artifact upload
2026-10-08T19:45:17.9863622Z Artifact uma-sim-ui-dist successfully finalized. Artifact ID 11574467903
2026-10-08T19:45:17.9864602Z Artifact uma-sim-ui-dist has been successfully uploaded! Final size is 69906 bytes. Artifact ID is 11574467903
2026-10-08T19:45:17.9867589Z Artifact download URL: https://github.com/Jacob-Met/uma-sim/actions/runs/37834166512/artifacts/11574467903
2026-10-08T19:45:18.0019480Z Post job cleanup.
2026-10-08T19:45:18.0899822Z Cache hit occurred on the primary key node-cache-Linux-x64-npm-d126bd84e0d55a2c82da49d64988d5fd8dbe3e76b810128f4478a4c36cb5c633, not saving cache.
2026-10-08T19:45:18.1011575Z Post job cleanup.
2026-10-08T19:45:18.1668335Z [command]/usr/bin/git version
2026-10-08T19:45:18.1711824Z git version 2.55.0
2026-10-08T19:45:18.1741229Z Temporarily overriding HOME='/home/runner/work/_temp/1099fd8c-b542-45ef-a794-91292acc6c0f' before making global git config changes
2026-10-08T19:45:18.1742196Z Adding repository directory to the temporary git global config as a safe directory
2026-10-08T19:45:18.1745404Z [command]/usr/bin/git config --global --add safe.directory /home/runner/work/uma-sim/uma-sim
2026-10-08T19:45:18.1771879Z Removing SSH command configuration
2026-10-08T19:45:18.1776908Z [command]/usr/bin/git config --local --name-only --get-regexp core\.sshCommand
2026-10-08T19:45:18.1807712Z [command]/usr/bin/git submodule foreach --recursive sh -c "git config --local --name-only --get-regexp 'core\.sshCommand' && git config --local --unset-all 'core.sshCommand' || :"
2026-10-08T19:45:18.2016922Z Removing HTTP extra header
2026-10-08T19:45:18.2022534Z [command]/usr/bin/git config --local --name-only --get-regexp http\.https\:\/\/github\.com\/\.extraheader
2026-10-08T19:45:18.2052987Z [command]/usr/bin/git submodule foreach --recursive sh -c "git config --local --name-only --get-regexp 'http\.https\:\/\/github\.com\/\.extraheader' && git config --local --unset-all 'http.https://github.com/.extraheader' || :"
2026-10-08T19:45:18.2264722Z Removing includeIf entries pointing to credentials config files
2026-10-08T19:45:18.2271504Z [command]/usr/bin/git config --local --name-only --get-regexp ^includeIf\.gitdir:
2026-10-08T19:45:18.2304026Z includeif.gitdir:/home/runner/work/uma-sim/uma-sim/.git.path
2026-10-08T19:45:18.2304849Z includeif.gitdir:/home/runner/work/uma-sim/uma-sim/.git/worktrees/*.path
2026-10-08T19:45:18.2305734Z includeif.gitdir:/github/workspace/.git.path
2026-10-08T19:45:18.2306299Z includeif.gitdir:/github/workspace/.git/worktrees/*.path
2026-10-08T19:45:18.2311607Z [command]/usr/bin/git config --local --get-all includeif.gitdir:/home/runner/work/uma-sim/uma-sim/.git.path
2026-10-08T19:45:18.2334552Z /home/runner/work/_temp/git-credentials-101f778f-642b-418c-925b-39f4bff46913.config
2026-10-08T19:45:18.2345451Z [command]/usr/bin/git config --local --unset includeif.gitdir:/home/runner/work/uma-sim/uma-sim/.git.path \/home\/runner\/work\/_temp\/git\-credentials\-101f778f\-642b\-418c\-925b\-39f4bff46913\.config
2026-10-08T19:45:18.2382885Z [command]/usr/bin/git config --local --get-all includeif.gitdir:/home/runner/work/uma-sim/uma-sim/.git/worktrees/*.path
2026-10-08T19:45:18.2408676Z /home/runner/work/_temp/git-credentials-101f778f-642b-418c-925b-39f4bff46913.config
2026-10-08T19:45:18.2415508Z [command]/usr/bin/git config --local --unset includeif.gitdir:/home/runner/work/uma-sim/uma-sim/.git/worktrees/*.path \/home\/runner\/work\/_temp\/git\-credentials\-101f778f\-642b\-418c\-925b\-39f4bff46913\.config
2026-10-08T19:45:18.2456215Z [command]/usr/bin/git config --local --get-all includeif.gitdir:/github/workspace/.git.path
2026-10-08T19:45:18.2478856Z /github/runner_temp/git-credentials-101f778f-642b-418c-925b-39f4bff46913.config
2026-10-08T19:45:18.2484503Z [command]/usr/bin/git config --local --unset includeif.gitdir:/github/workspace/.git.path \/github\/runner_temp\/git\-credentials\-101f778f\-642b\-418c\-925b\-39f4bff46913\.config
2026-10-08T19:45:18.2519114Z [command]/usr/bin/git config --local --get-all includeif.gitdir:/github/workspace/.git/worktrees/*.path
2026-10-08T19:45:18.2542347Z /github/runner_temp/git-credentials-101f778f-642b-418c-925b-39f4bff46913.config
2026-10-08T19:45:18.2549391Z [command]/usr/bin/git config --local --unset includeif.gitdir:/github/workspace/.git/worktrees/*.path \/github\/runner_temp\/git\-credentials\-101f778f\-642b\-418c\-925b\-39f4bff46913\.config
2026-10-08T19:45:18.2582504Z [command]/usr/bin/git submodule foreach --recursive git config --local --show-origin --name-only --get-regexp remote.origin.url
2026-10-08T19:45:18.2773640Z Removing credentials config '/home/runner/work/_temp/git-credentials-101f778f-642b-418c-925b-39f4bff46913.config'
2026-10-08T19:45:18.2897180Z Cleaning up orphan processes
