    Updating crates.io index
 Downloading crates ...
  Downloaded httpdate v1.0.3
  Downloaded chunked_transfer v1.5.0
  Downloaded log v0.4.34
  Downloaded tiny_http v0.12.0
  Downloaded ascii v1.1.0
  Downloaded unicode-ident v1.0.24
  Downloaded regex v1.13.1
  Downloaded aho-corasick v1.1.5
  Downloaded syn v3.0.4
  Downloaded regex-syntax v0.8.11
  Downloaded regex-automata v0.4.18
   Compiling proc-macro2 v1.0.107
   Compiling quote v1.0.47
   Compiling unicode-ident v1.0.24
   Compiling memchr v2.8.3
   Compiling serde_core v1.0.229
   Compiling zmij v1.0.23
   Compiling serde_json v1.0.151
   Compiling serde v1.0.229
   Compiling itoa v1.0.18
   Compiling regex-syntax v0.8.11
   Compiling log v0.4.34
   Compiling httpdate v1.0.3
   Compiling uma-sim-core v0.1.0 (/home/jacob/.commander-tp-2/uma-api-body-7a9310dad255/source/uma-sim-core)
   Compiling chunked_transfer v1.5.0
   Compiling ascii v1.1.0
   Compiling tiny_http v0.12.0
   Compiling aho-corasick v1.1.5
   Compiling syn v3.0.4
   Compiling regex-automata v0.4.18
   Compiling serde_derive v1.0.229
   Compiling regex v1.13.1
   Compiling uma-race-core v0.1.0 (/home/jacob/.commander-tp-2/uma-api-body-7a9310dad255/source/uma-race-core)
    Finished `dev` profile [unoptimized] target(s) in 13.41s
