TAP version 13
# Subtest: report comparison admits plain and Markdown-escaped generated UTC timestamps
ok 1 - report comparison admits plain and Markdown-escaped generated UTC timestamps
  ---
  duration_ms: 3.474669
  type: 'test'
  ...
# Subtest: normalization changes only the complete generated line, not identical text in data
ok 2 - normalization changes only the complete generated line, not identical text in data
  ---
  duration_ms: 0.330635
  type: 'test'
  ...
# Subtest: wrong branch identity, counts, retained dates and escape bytes stay distinguishable
ok 3 - wrong branch identity, counts, retained dates and escape bytes stay distinguishable
  ---
  duration_ms: 0.567777
  type: 'test'
  ...
# Subtest: timestamp decoding refuses invalid syntax and escapes outside punctuation
ok 4 - timestamp decoding refuses invalid syntax and escapes outside punctuation
  ---
  duration_ms: 4.029084
  type: 'test'
  ...
# Subtest: timestamp decoding refuses invalid dates accepted by the old shape-only oracle
ok 5 - timestamp decoding refuses invalid dates accepted by the old shape-only oracle
  ---
  duration_ms: 13.179409
  type: 'test'
  ...
# Subtest: missing or duplicate generated lines are never discarded as timestamp variance
ok 6 - missing or duplicate generated lines are never discarded as timestamp variance
  ---
  duration_ms: 1.406619
  type: 'test'
  ...
# Subtest: JSON comparison remains raw UTC and preserves all experiment data
ok 7 - JSON comparison remains raw UTC and preserves all experiment data
  ---
  duration_ms: 2.925502
  type: 'test'
  ...
# Subtest: real Gregorian leap days retain the whole-second UTC contract
ok 8 - real Gregorian leap days retain the whole-second UTC contract
  ---
  duration_ms: 1.370722
  type: 'test'
  ...
# Subtest: calendar normalization cannot hide a nonexistent generated date
ok 9 - calendar normalization cannot hide a nonexistent generated date
  ---
  duration_ms: 2.912941
  type: 'test'
  ...
1..9
# tests 9
# suites 0
# pass 9
# fail 0
# cancelled 0
# skipped 0
# todo 0
# duration_ms 289.527391
