Finding:     {"native_api_sha256": "[1;3;mREDACTED[0m"
Secret:      [1;3;mREDACTED[0m
RuleID:      generic-api-key
Entropy:     3.876757
File:        docs/receiving/race-results-afe225d6c6be/baseline-native/baseline-witness.json
Line:        1
Commit:      0b36c02935c7db773b6582026328abf1a604e517
Author:      HAMON fixture
Email:       fixture@example.invalid
Date:        2000-01-01T00:00:00Z
Fingerprint: 0b36c02935c7db773b6582026328abf1a604e517:docs/receiving/race-results-afe225d6c6be/baseline-native/baseline-witness.json:generic-api-key:1

Finding:     {"nativeApiSource": "[1;3;mREDACTED[0m"
Secret:      [1;3;mREDACTED[0m
RuleID:      generic-api-key
Entropy:     3.649582
File:        docs/receiving/race-results-afe225d6c6be/source-freeze.json
Line:        1
Commit:      0b36c02935c7db773b6582026328abf1a604e517
Author:      HAMON fixture
Email:       fixture@example.invalid
Date:        2000-01-01T00:00:00Z
Fingerprint: 0b36c02935c7db773b6582026328abf1a604e517:docs/receiving/race-results-afe225d6c6be/source-freeze.json:generic-api-key:1

Finding:     {"uma-sim-core/src/api.rs": "[1;3;mREDACTED[0m"
Secret:      [1;3;mREDACTED[0m
RuleID:      generic-api-key
Entropy:     3.717932
File:        docs/receiving/race-results-afe225d6c6be/current-044/composition.json
Line:        1
Commit:      0b36c02935c7db773b6582026328abf1a604e517
Author:      HAMON fixture
Email:       fixture@example.invalid
Date:        2000-01-01T00:00:00Z
Fingerprint: 0b36c02935c7db773b6582026328abf1a604e517:docs/receiving/race-results-afe225d6c6be/current-044/composition.json:generic-api-key:1


    ○
    │╲
    │ ○
    ○ ░
    ░    gitleaks

[90m2:51PM[0m DBG using github.com/wasilibs/go-re2 regex engine
[90m2:51PM[0m DBG using gitleaks config /var/tmp/hamon-gitleaks-afe225d6c6be-yy3nog5g/policies/candidate.toml from `--config`
[90m2:51PM[0m DBG extending config with default config
[90m2:51PM[0m DBG executing: /usr/bin/git -C . log -p -U0 -1
[90m2:51PM[0m DBG skipping finding links: repository has no configured remote.
[90m2:51PM[0m [32mINF[0m [1m1 commits scanned.[0m
[90m2:51PM[0m DBG Note: this number might be smaller than expected due to commits with no additions
[90m2:51PM[0m [32mINF[0m [1mscanned ~250 bytes (250 bytes) in 238ms[0m
[90m2:51PM[0m [33mWRN[0m [1mleaks found: 3[0m
