Finding:     "uma-sim-core/src/api.rs": "[1;3;mREDACTED[0m"
Secret:      [1;3;mREDACTED[0m
RuleID:      generic-api-key
Entropy:     3.717932
File:        docs/receiving/race-results-afe225d6c6be/baseline-native/baseline-witness.json
Line:        7
Commit:      3b09a182daa3329741bcd13a66fe397a37a3684c
Author:      HAMON fixture
Email:       fixture@example.invalid
Date:        2000-01-01T00:00:00Z
Fingerprint: 3b09a182daa3329741bcd13a66fe397a37a3684c:docs/receiving/race-results-afe225d6c6be/baseline-native/baseline-witness.json:generic-api-key:7

Finding:     "native_api_sha256": "[1;3;mREDACTED[0m"
Secret:      [1;3;mREDACTED[0m
RuleID:      generic-api-key
Entropy:     3.876757
File:        docs/receiving/race-results-afe225d6c6be/source-freeze.json
Line:        51
Commit:      3b09a182daa3329741bcd13a66fe397a37a3684c
Author:      HAMON fixture
Email:       fixture@example.invalid
Date:        2000-01-01T00:00:00Z
Fingerprint: 3b09a182daa3329741bcd13a66fe397a37a3684c:docs/receiving/race-results-afe225d6c6be/source-freeze.json:generic-api-key:51

Finding:     "uma-sim-core/src/api.rs": "[1;3;mREDACTED[0m"
Secret:      [1;3;mREDACTED[0m
RuleID:      generic-api-key
Entropy:     3.717932
File:        docs/receiving/race-results-afe225d6c6be/current-044/browser-receipt.json
Line:        17
Commit:      3b09a182daa3329741bcd13a66fe397a37a3684c
Author:      HAMON fixture
Email:       fixture@example.invalid
Date:        2000-01-01T00:00:00Z
Fingerprint: 3b09a182daa3329741bcd13a66fe397a37a3684c:docs/receiving/race-results-afe225d6c6be/current-044/browser-receipt.json:generic-api-key:17

Finding:     "uma-sim-core/src/api.rs": "[1;3;mREDACTED[0m"
Secret:      [1;3;mREDACTED[0m
RuleID:      generic-api-key
Entropy:     3.717932
File:        docs/receiving/race-results-afe225d6c6be/current-044/browser-receipt.json
Line:        1145
Commit:      3b09a182daa3329741bcd13a66fe397a37a3684c
Author:      HAMON fixture
Email:       fixture@example.invalid
Date:        2000-01-01T00:00:00Z
Fingerprint: 3b09a182daa3329741bcd13a66fe397a37a3684c:docs/receiving/race-results-afe225d6c6be/current-044/browser-receipt.json:generic-api-key:1145

Finding:     "uma-sim-core/src/api.rs": "[1;3;mREDACTED[0m"
Secret:      [1;3;mREDACTED[0m
RuleID:      generic-api-key
Entropy:     3.717932
File:        docs/receiving/race-results-afe225d6c6be/candidate-browser-r2/browser-receipt.json
Line:        17
Commit:      3b09a182daa3329741bcd13a66fe397a37a3684c
Author:      HAMON fixture
Email:       fixture@example.invalid
Date:        2000-01-01T00:00:00Z
Fingerprint: 3b09a182daa3329741bcd13a66fe397a37a3684c:docs/receiving/race-results-afe225d6c6be/candidate-browser-r2/browser-receipt.json:generic-api-key:17

Finding:     "uma-sim-core/src/api.rs": "[1;3;mREDACTED[0m"
Secret:      [1;3;mREDACTED[0m
RuleID:      generic-api-key
Entropy:     3.717932
File:        docs/receiving/race-results-afe225d6c6be/candidate-browser-r2/browser-receipt.json
Line:        1145
Commit:      3b09a182daa3329741bcd13a66fe397a37a3684c
Author:      HAMON fixture
Email:       fixture@example.invalid
Date:        2000-01-01T00:00:00Z
Fingerprint: 3b09a182daa3329741bcd13a66fe397a37a3684c:docs/receiving/race-results-afe225d6c6be/candidate-browser-r2/browser-receipt.json:generic-api-key:1145

Finding:     "nativeApiSha256": "[1;3;mREDACTED[0m"
Secret:      [1;3;mREDACTED[0m
RuleID:      generic-api-key
Entropy:     3.876757
File:        docs/receiving/race-results-afe225d6c6be/current-044/composition.json
Line:        394
Commit:      3b09a182daa3329741bcd13a66fe397a37a3684c
Author:      HAMON fixture
Email:       fixture@example.invalid
Date:        2000-01-01T00:00:00Z
Fingerprint: 3b09a182daa3329741bcd13a66fe397a37a3684c:docs/receiving/race-results-afe225d6c6be/current-044/composition.json:generic-api-key:394

Finding:     "nativeApiSource": "[1;3;mREDACTED[0m"
Secret:      [1;3;mREDACTED[0m
RuleID:      generic-api-key
Entropy:     3.649582
File:        docs/receiving/race-results-afe225d6c6be/current-044/composition.json
Line:        395
Commit:      3b09a182daa3329741bcd13a66fe397a37a3684c
Author:      HAMON fixture
Email:       fixture@example.invalid
Date:        2000-01-01T00:00:00Z
Fingerprint: 3b09a182daa3329741bcd13a66fe397a37a3684c:docs/receiving/race-results-afe225d6c6be/current-044/composition.json:generic-api-key:395


    ○
    │╲
    │ ○
    ○ ░
    ░    gitleaks

[90m2:50PM[0m DBG using github.com/wasilibs/go-re2 regex engine
[90m2:50PM[0m DBG using gitleaks config /var/tmp/hamon-gitleaks-afe225d6c6be-yy3nog5g/policies/current.toml from `--config`
[90m2:50PM[0m DBG extending config with default config
[90m2:50PM[0m DBG executing: /usr/bin/git -C . log -p -U0 -1
[90m2:50PM[0m DBG skipping finding links: repository has no configured remote.
[90m2:50PM[0m [32mINF[0m [1m1 commits scanned.[0m
[90m2:50PM[0m DBG Note: this number might be smaller than expected due to commits with no additions
[90m2:50PM[0m [32mINF[0m [1mscanned ~128299 bytes (128.30 KB) in 259ms[0m
[90m2:50PM[0m [33mWRN[0m [1mleaks found: 8[0m
