Finding:     "uma-sim-core/src/api.rs": "[1;3;mREDACTED[0m"
Secret:      [1;3;mREDACTED[0m
RuleID:      generic-api-key
Entropy:     3.703255
File:        docs/receiving/race-results-afe225d6c6be/baseline-native/baseline-witness.json
Line:        7
Commit:      c95f05639680451b42531d1f9421507030e44a3e
Author:      HAMON fixture
Email:       fixture@example.invalid
Date:        2000-01-01T00:00:00Z
Fingerprint: c95f05639680451b42531d1f9421507030e44a3e:docs/receiving/race-results-afe225d6c6be/baseline-native/baseline-witness.json:generic-api-key:7

Finding:     "uma-sim-core/src/api.rs": "[1;3;mREDACTED[0m"
Secret:      [1;3;mREDACTED[0m
RuleID:      generic-api-key
Entropy:     3.703255
File:        docs/receiving/race-results-afe225d6c6be/current-044/browser-receipt.json
Line:        17
Commit:      c95f05639680451b42531d1f9421507030e44a3e
Author:      HAMON fixture
Email:       fixture@example.invalid
Date:        2000-01-01T00:00:00Z
Fingerprint: c95f05639680451b42531d1f9421507030e44a3e:docs/receiving/race-results-afe225d6c6be/current-044/browser-receipt.json:generic-api-key:17

Finding:     "uma-sim-core/src/api.rs": "[1;3;mREDACTED[0m"
Secret:      [1;3;mREDACTED[0m
RuleID:      generic-api-key
Entropy:     3.703255
File:        docs/receiving/race-results-afe225d6c6be/current-044/browser-receipt.json
Line:        1145
Commit:      c95f05639680451b42531d1f9421507030e44a3e
Author:      HAMON fixture
Email:       fixture@example.invalid
Date:        2000-01-01T00:00:00Z
Fingerprint: c95f05639680451b42531d1f9421507030e44a3e:docs/receiving/race-results-afe225d6c6be/current-044/browser-receipt.json:generic-api-key:1145

Finding:     "uma-sim-core/src/api.rs": "[1;3;mREDACTED[0m"
Secret:      [1;3;mREDACTED[0m
RuleID:      generic-api-key
Entropy:     3.703255
File:        docs/receiving/race-results-afe225d6c6be/candidate-browser-r2/browser-receipt.json
Line:        17
Commit:      c95f05639680451b42531d1f9421507030e44a3e
Author:      HAMON fixture
Email:       fixture@example.invalid
Date:        2000-01-01T00:00:00Z
Fingerprint: c95f05639680451b42531d1f9421507030e44a3e:docs/receiving/race-results-afe225d6c6be/candidate-browser-r2/browser-receipt.json:generic-api-key:17

Finding:     "uma-sim-core/src/api.rs": "[1;3;mREDACTED[0m"
Secret:      [1;3;mREDACTED[0m
RuleID:      generic-api-key
Entropy:     3.703255
File:        docs/receiving/race-results-afe225d6c6be/candidate-browser-r2/browser-receipt.json
Line:        1145
Commit:      c95f05639680451b42531d1f9421507030e44a3e
Author:      HAMON fixture
Email:       fixture@example.invalid
Date:        2000-01-01T00:00:00Z
Fingerprint: c95f05639680451b42531d1f9421507030e44a3e:docs/receiving/race-results-afe225d6c6be/candidate-browser-r2/browser-receipt.json:generic-api-key:1145

Finding:     "native_api_sha256": "[1;3;mREDACTED[0m"
Secret:      [1;3;mREDACTED[0m
RuleID:      generic-api-key
Entropy:     3.901021
File:        docs/receiving/race-results-afe225d6c6be/source-freeze.json
Line:        51
Commit:      c95f05639680451b42531d1f9421507030e44a3e
Author:      HAMON fixture
Email:       fixture@example.invalid
Date:        2000-01-01T00:00:00Z
Fingerprint: c95f05639680451b42531d1f9421507030e44a3e:docs/receiving/race-results-afe225d6c6be/source-freeze.json:generic-api-key:51

Finding:     "nativeApiSha256": "[1;3;mREDACTED[0m"
Secret:      [1;3;mREDACTED[0m
RuleID:      generic-api-key
Entropy:     3.901021
File:        docs/receiving/race-results-afe225d6c6be/current-044/composition.json
Line:        394
Commit:      c95f05639680451b42531d1f9421507030e44a3e
Author:      HAMON fixture
Email:       fixture@example.invalid
Date:        2000-01-01T00:00:00Z
Fingerprint: c95f05639680451b42531d1f9421507030e44a3e:docs/receiving/race-results-afe225d6c6be/current-044/composition.json:generic-api-key:394

Finding:     "nativeApiSource": "[1;3;mREDACTED[0m"
Secret:      [1;3;mREDACTED[0m
RuleID:      generic-api-key
Entropy:     3.646846
File:        docs/receiving/race-results-afe225d6c6be/current-044/composition.json
Line:        395
Commit:      c95f05639680451b42531d1f9421507030e44a3e
Author:      HAMON fixture
Email:       fixture@example.invalid
Date:        2000-01-01T00:00:00Z
Fingerprint: c95f05639680451b42531d1f9421507030e44a3e:docs/receiving/race-results-afe225d6c6be/current-044/composition.json:generic-api-key:395


    ○
    │╲
    │ ○
    ○ ░
    ░    gitleaks

[90m2:51PM[0m DBG using github.com/wasilibs/go-re2 regex engine
[90m2:51PM[0m DBG using gitleaks config /var/tmp/hamon-gitleaks-afe225d6c6be-yy3nog5g/policies/candidate.toml from `--config`
[90m2:51PM[0m DBG extending config with default config
[90m2:51PM[0m DBG executing: /usr/bin/git -C . log -p -U0 -1
[90m2:51PM[0m DBG skipping finding links: repository has no configured remote.
[90m2:51PM[0m [32mINF[0m [1m1 commits scanned.[0m
[90m2:51PM[0m DBG Note: this number might be smaller than expected due to commits with no additions
[90m2:51PM[0m [32mINF[0m [1mscanned ~128314 bytes (128.31 KB) in 290ms[0m
[90m2:51PM[0m [33mWRN[0m [1mleaks found: 8[0m
