    Updating crates.io index
 Downloading crates ...
  Downloaded aho-corasick v1.1.5
  Downloaded ascii v1.1.0
  Downloaded log v0.4.34
  Downloaded chunked_transfer v1.5.0
  Downloaded quote v1.0.47
  Downloaded serde_derive v1.0.229
  Downloaded tiny_http v0.12.0
  Downloaded regex-syntax v0.8.11
  Downloaded httpdate v1.0.3
  Downloaded proc-macro2 v1.0.107
  Downloaded serde v1.0.229
  Downloaded itoa v1.0.18
  Downloaded syn v3.0.4
  Downloaded unicode-ident v1.0.24
  Downloaded regex v1.13.1
  Downloaded regex-automata v0.4.18
  Downloaded zmij v1.0.23
  Downloaded memchr v2.8.3
  Downloaded serde_json v1.0.151
  Downloaded serde_core v1.0.229
   Compiling proc-macro2 v1.0.107
   Compiling unicode-ident v1.0.24
   Compiling quote v1.0.47
   Compiling memchr v2.8.3
   Compiling serde_core v1.0.229
   Compiling zmij v1.0.23
   Compiling syn v3.0.4
   Compiling serde v1.0.229
   Compiling serde_json v1.0.151
   Compiling serde_derive v1.0.229
   Compiling aho-corasick v1.1.5
   Compiling itoa v1.0.18
   Compiling regex-syntax v0.8.11
   Compiling regex-automata v0.4.18
   Compiling uma-sim-core v0.1.0 (D:\Hamon\worktrees\uma-sim-discovery-0378a7b6\uma-sim-core)
   Compiling log v0.4.34
   Compiling httpdate v1.0.3
   Compiling chunked_transfer v1.5.0
   Compiling ascii v1.1.0
   Compiling regex v1.13.1
   Compiling tiny_http v0.12.0
   Compiling uma-race-core v0.1.0 (D:\Hamon\worktrees\uma-sim-discovery-0378a7b6\uma-race-core)
    Finished `dev` profile [unoptimized + debuginfo] target(s) in 58.45s
