   Compiling proc-macro2 v1.0.107
   Compiling quote v1.0.47
   Compiling unicode-ident v1.0.24
   Compiling memchr v2.8.3
   Compiling serde_core v1.0.229
   Compiling zmij v1.0.23
   Compiling syn v3.0.4
   Compiling serde_json v1.0.151
   Compiling serde v1.0.229
   Compiling serde_derive v1.0.229
   Compiling aho-corasick v1.1.5
   Compiling regex-syntax v0.8.11
   Compiling itoa v1.0.18
   Compiling regex-automata v0.4.18
   Compiling ascii v1.1.0
   Compiling uma-sim-core v0.1.0 (/Users/me/workspace/estate/production-evidence-49f845d0dece/uma-sim/uma-sim-core)
   Compiling log v0.4.34
   Compiling httpdate v1.0.3
   Compiling chunked_transfer v1.5.0
   Compiling tiny_http v0.12.0
   Compiling regex v1.13.1
   Compiling uma-race-core v0.1.0 (/Users/me/workspace/estate/production-evidence-49f845d0dece/uma-sim/uma-race-core)
    Finished `dev` profile [unoptimized + debuginfo] target(s) in 15.92s
