2026-10-08T19:36:10.7424790Z Current runner version: '2.337.0'
2026-10-08T19:36:10.7450902Z ##[group]Runner Image Provisioner
2026-10-08T19:36:10.7451918Z Hosted Compute Agent
2026-10-08T19:36:10.7452634Z Version: 20261002.596
2026-10-08T19:36:10.7453461Z Commit: c3d12f3313a95f25162a1503be624f3b0617f8c0
2026-10-08T19:36:10.7454346Z Build Date: 2026-10-02T22:28:27Z
2026-10-08T19:36:10.7455162Z Worker ID: {49be928d-337e-4219-bc51-ec1613b4054d}
2026-10-08T19:36:10.7456111Z Region: eastus
2026-10-08T19:36:10.7456806Z Cloud: Azure
2026-10-08T19:36:10.7457700Z ##[endgroup]
2026-10-08T19:36:10.7459815Z ##[group]Operating System
2026-10-08T19:36:10.7460702Z Ubuntu
2026-10-08T19:36:10.7461400Z 24.04.5
2026-10-08T19:36:10.7462026Z LTS
2026-10-08T19:36:10.7462691Z ##[endgroup]
2026-10-08T19:36:10.7463382Z ##[group]Runner Image
2026-10-08T19:36:10.7464187Z Image: ubuntu-24.04
2026-10-08T19:36:10.7464978Z Version: 20261004.327.1
2026-10-08T19:36:10.7466507Z Included Software: https://github.com/actions/runner-images/blob/ubuntu24/20261004.327/images/ubuntu/Ubuntu2404-Readme.md
2026-10-08T19:36:10.7468640Z Image Release: https://github.com/actions/runner-images/releases/tag/ubuntu24%2F20261004.327
2026-10-08T19:36:10.7469968Z ##[endgroup]
2026-10-08T19:36:10.7471359Z ##[group]GITHUB_TOKEN Permissions
2026-10-08T19:36:10.7473676Z Contents: read
2026-10-08T19:36:10.7474398Z Metadata: read
2026-10-08T19:36:10.7475180Z ##[endgroup]
2026-10-08T19:36:10.7477668Z Secret source: Actions
2026-10-08T19:36:10.7478815Z Cache mode: write
2026-10-08T19:36:10.7479927Z Prepare workflow directory
2026-10-08T19:36:10.7904305Z Prepare all required actions
2026-10-08T19:36:10.7958332Z Getting action download info
2026-10-08T19:36:10.9521239Z Download action repository 'actions/checkout@3d3c42e5aac5ba805825da76410c181273ba90b1' (SHA:3d3c42e5aac5ba805825da76410c181273ba90b1)
2026-10-08T19:36:11.1539558Z Download action repository 'actions/setup-node@820762786026740c76f36085b0efc47a31fe5020' (SHA:820762786026740c76f36085b0efc47a31fe5020)
2026-10-08T19:36:11.5770516Z Download action repository 'actions/upload-artifact@043fb46d1a93c77aae656e7c1c64a875d1fc6a0a' (SHA:043fb46d1a93c77aae656e7c1c64a875d1fc6a0a)
2026-10-08T19:36:12.0059748Z Complete job name: ui
2026-10-08T19:36:12.0744343Z ##[group]Run actions/checkout@3d3c42e5aac5ba805825da76410c181273ba90b1
2026-10-08T19:36:12.0745459Z with:
2026-10-08T19:36:12.0746071Z   repository: Jacob-Met/uma-sim
2026-10-08T19:36:12.0750001Z   token: ***
2026-10-08T19:36:12.0750611Z   ssh-strict: true
2026-10-08T19:36:12.0751224Z   ssh-user: git
2026-10-08T19:36:12.0751844Z   persist-credentials: true
2026-10-08T19:36:12.0752487Z   clean: true
2026-10-08T19:36:12.0753100Z   sparse-checkout-cone-mode: true
2026-10-08T19:36:12.0753792Z   fetch-depth: 1
2026-10-08T19:36:12.0754385Z   fetch-tags: false
2026-10-08T19:36:12.0755001Z   show-progress: true
2026-10-08T19:36:12.0755622Z   lfs: false
2026-10-08T19:36:12.0756211Z   submodules: false
2026-10-08T19:36:12.0756818Z   set-safe-directory: true
2026-10-08T19:36:12.0757736Z   allow-unsafe-pr-checkout: false
2026-10-08T19:36:12.0758700Z ##[endgroup]
2026-10-08T19:36:12.1571613Z Syncing repository: Jacob-Met/uma-sim
2026-10-08T19:36:12.1573458Z ##[group]Getting Git version info
2026-10-08T19:36:12.1574402Z Working directory is '/home/runner/work/uma-sim/uma-sim'
2026-10-08T19:36:12.1575631Z [command]/usr/bin/git version
2026-10-08T19:36:12.2027983Z git version 2.55.0
2026-10-08T19:36:12.2053452Z ##[endgroup]
2026-10-08T19:36:12.2063189Z Temporarily overriding HOME='/home/runner/work/_temp/7491be68-cc04-4071-956d-a8c6daa0b35f' before making global git config changes
2026-10-08T19:36:12.2065196Z Adding repository directory to the temporary git global config as a safe directory
2026-10-08T19:36:12.2074021Z [command]/usr/bin/git config --global --add safe.directory /home/runner/work/uma-sim/uma-sim
2026-10-08T19:36:12.2118247Z Deleting the contents of '/home/runner/work/uma-sim/uma-sim'
2026-10-08T19:36:12.2120615Z ##[group]Determining repository object format
2026-10-08T19:36:12.2122520Z ##[endgroup]
2026-10-08T19:36:12.2124506Z ##[group]Initializing the repository
2026-10-08T19:36:12.2125781Z [command]/usr/bin/git init /home/runner/work/uma-sim/uma-sim
2026-10-08T19:36:12.2222347Z hint: Using 'master' as the name for the initial branch. This default branch name
2026-10-08T19:36:12.2224216Z hint: will change to "main" in Git 3.0. To configure the initial branch name
2026-10-08T19:36:12.2225902Z hint: to use in all of your new repositories, which will suppress this warning,
2026-10-08T19:36:12.2227434Z hint: call:
2026-10-08T19:36:12.2228340Z hint:
2026-10-08T19:36:12.2229446Z hint: 	git config --global init.defaultBranch <name>
2026-10-08T19:36:12.2230640Z hint:
2026-10-08T19:36:12.2231816Z hint: Names commonly chosen instead of 'master' are 'main', 'trunk' and
2026-10-08T19:36:12.2233500Z hint: 'development'. The just-created branch can be renamed via this command:
2026-10-08T19:36:12.2234869Z hint:
2026-10-08T19:36:12.2235812Z hint: 	git branch -m <name>
2026-10-08T19:36:12.2236864Z hint:
2026-10-08T19:36:12.2238277Z hint: Disable this message with "git config set advice.defaultBranchName false"
2026-10-08T19:36:12.2240068Z Initialized empty Git repository in /home/runner/work/uma-sim/uma-sim/.git/
2026-10-08T19:36:12.2242927Z [command]/usr/bin/git remote add origin https://github.com/Jacob-Met/uma-sim
2026-10-08T19:36:12.2287716Z ##[endgroup]
2026-10-08T19:36:12.2289296Z ##[group]Disabling automatic garbage collection
2026-10-08T19:36:12.2290654Z [command]/usr/bin/git config --local gc.auto 0
2026-10-08T19:36:12.2321260Z ##[endgroup]
2026-10-08T19:36:12.2322624Z ##[group]Setting up auth
2026-10-08T19:36:12.2323631Z Removing SSH command configuration
2026-10-08T19:36:12.2325616Z [command]/usr/bin/git config --local --name-only --get-regexp core\.sshCommand
2026-10-08T19:36:12.2357932Z [command]/usr/bin/git submodule foreach --recursive sh -c "git config --local --name-only --get-regexp 'core\.sshCommand' && git config --local --unset-all 'core.sshCommand' || :"
2026-10-08T19:36:12.2891103Z Removing HTTP extra header
2026-10-08T19:36:12.2895410Z [command]/usr/bin/git config --local --name-only --get-regexp http\.https\:\/\/github\.com\/\.extraheader
2026-10-08T19:36:12.2924962Z [command]/usr/bin/git submodule foreach --recursive sh -c "git config --local --name-only --get-regexp 'http\.https\:\/\/github\.com\/\.extraheader' && git config --local --unset-all 'http.https://github.com/.extraheader' || :"
2026-10-08T19:36:12.3110716Z Removing includeIf entries pointing to credentials config files
2026-10-08T19:36:12.3120122Z [command]/usr/bin/git config --local --name-only --get-regexp ^includeIf\.gitdir:
2026-10-08T19:36:12.3149321Z [command]/usr/bin/git submodule foreach --recursive git config --local --show-origin --name-only --get-regexp remote.origin.url
2026-10-08T19:36:12.3340994Z [command]/usr/bin/git config --file /home/runner/work/_temp/git-credentials-fa45d9d4-654a-4183-af98-8f3661168275.config http.https://github.com/.extraheader AUTHORIZATION: basic ***
2026-10-08T19:36:12.3441132Z [command]/usr/bin/git config --local includeIf.gitdir:/home/runner/work/uma-sim/uma-sim/.git.path /home/runner/work/_temp/git-credentials-fa45d9d4-654a-4183-af98-8f3661168275.config
2026-10-08T19:36:12.4783720Z [command]/usr/bin/git config --local includeIf.gitdir:/home/runner/work/uma-sim/uma-sim/.git/worktrees/*.path /home/runner/work/_temp/git-credentials-fa45d9d4-654a-4183-af98-8f3661168275.config
2026-10-08T19:36:12.5567507Z [command]/usr/bin/git config --local includeIf.gitdir:/github/workspace/.git.path /github/runner_temp/git-credentials-fa45d9d4-654a-4183-af98-8f3661168275.config
2026-10-08T19:36:12.5603325Z [command]/usr/bin/git config --local includeIf.gitdir:/github/workspace/.git/worktrees/*.path /github/runner_temp/git-credentials-fa45d9d4-654a-4183-af98-8f3661168275.config
2026-10-08T19:36:12.7263475Z ##[endgroup]
2026-10-08T19:36:12.7264259Z ##[group]Fetching the repository
2026-10-08T19:36:12.7271517Z [command]/usr/bin/git -c protocol.version=2 fetch --no-tags --prune --no-recurse-submodules --depth=1 origin +b3759407a3f84eb6252c3d0dad06f8158d85e782:refs/remotes/pull/117/merge
2026-10-08T19:36:13.4582593Z From https://github.com/Jacob-Met/uma-sim
2026-10-08T19:36:13.4583104Z  * [new ref]         b3759407a3f84eb6252c3d0dad06f8158d85e782 -> pull/117/merge
2026-10-08T19:36:13.4590446Z ##[endgroup]
2026-10-08T19:36:13.4590880Z ##[group]Determining the checkout info
2026-10-08T19:36:13.4651830Z ##[endgroup]
2026-10-08T19:36:13.4652359Z [command]/usr/bin/git sparse-checkout disable
2026-10-08T19:36:13.4675879Z [command]/usr/bin/git config --local --unset-all extensions.worktreeConfig
2026-10-08T19:36:13.4704560Z ##[group]Checking out the ref
2026-10-08T19:36:13.4707821Z [command]/usr/bin/git checkout --progress --force refs/remotes/pull/117/merge
2026-10-08T19:36:13.5954968Z Note: switching to 'refs/remotes/pull/117/merge'.
2026-10-08T19:36:13.5955348Z 
2026-10-08T19:36:13.5955629Z You are in 'detached HEAD' state. You can look around, make experimental
2026-10-08T19:36:13.5956260Z changes and commit them, and you can discard any commits you make in this
2026-10-08T19:36:13.5956680Z state without impacting any branches by switching back to a branch.
2026-10-08T19:36:13.5956928Z 
2026-10-08T19:36:13.5957331Z If you want to create a new branch to retain commits you create, you may
2026-10-08T19:36:13.5957713Z do so (now or later) by using -c with the switch command. Example:
2026-10-08T19:36:13.5957919Z 
2026-10-08T19:36:13.5958024Z   git switch -c <new-branch-name>
2026-10-08T19:36:13.5958273Z 
2026-10-08T19:36:13.5958373Z Or undo this operation with:
2026-10-08T19:36:13.5958514Z 
2026-10-08T19:36:13.5958592Z   git switch -
2026-10-08T19:36:13.5958716Z 
2026-10-08T19:36:13.5958931Z Turn off this advice by setting config variable advice.detachedHead to false
2026-10-08T19:36:13.5959179Z 
2026-10-08T19:36:13.5959464Z HEAD is now at b375940 Merge aa917c00e099ecd5e8342a443b289a4afb726d0d into 8d74413d7dbc3caf1745779c92d56b6eb7feea42
2026-10-08T19:36:13.5972624Z ##[endgroup]
2026-10-08T19:36:13.6016182Z [command]/usr/bin/git log -1 --format=%H
2026-10-08T19:36:13.6041432Z b3759407a3f84eb6252c3d0dad06f8158d85e782
2026-10-08T19:36:13.6263801Z ##[group]Run actions/setup-node@820762786026740c76f36085b0efc47a31fe5020
2026-10-08T19:36:13.6264132Z with:
2026-10-08T19:36:13.6264313Z   node-version: 20
2026-10-08T19:36:13.6264500Z   cache: npm
2026-10-08T19:36:13.6264752Z   cache-dependency-path: packages/uma-sim-ui/package-lock.json
2026-10-08T19:36:13.6265044Z   check-latest: false
2026-10-08T19:36:13.6267395Z   token: ***
2026-10-08T19:36:13.6267630Z   package-manager-cache: true
2026-10-08T19:36:13.6267856Z ##[endgroup]
2026-10-08T19:36:13.7280553Z Attempting to download 20...
2026-10-08T19:36:14.2204906Z Acquiring 20.20.2 - x64 from https://github.com/actions/node-versions/releases/download/20.20.2-23521894959/node-20.20.2-linux-x64.tar.gz
2026-10-08T19:36:14.5362697Z Extracting ...
2026-10-08T19:36:14.5456692Z [command]/usr/bin/tar xz --strip 1 --warning=no-unknown-keyword --overwrite -C /home/runner/work/_temp/322f58c7-c1ef-4985-8f68-544c49005435 -f /home/runner/work/_temp/254b1c1b-b49b-49c2-b2ab-aedb72b66fa7
2026-10-08T19:36:15.4028100Z Adding to the cache ...
2026-10-08T19:36:17.1168654Z ##[group]Environment details
2026-10-08T19:36:17.2960745Z node: v20.20.2
2026-10-08T19:36:17.2961019Z npm: 10.8.2
2026-10-08T19:36:17.2961186Z yarn: 1.22.22
2026-10-08T19:36:17.2961657Z ##[endgroup]
2026-10-08T19:36:17.2974599Z [command]/opt/hostedtoolcache/node/20.20.2/x64/bin/npm config get cache
2026-10-08T19:36:17.3836425Z /home/runner/.npm
2026-10-08T19:36:17.4876219Z Cache hit for: node-cache-Linux-x64-npm-d126bd84e0d55a2c82da49d64988d5fd8dbe3e76b810128f4478a4c36cb5c633
2026-10-08T19:36:17.7548978Z Received 20443895 of 20443895 (100.0%), 92.0 MBs/sec
2026-10-08T19:36:17.7549446Z Cache Size: ~19 MB (20443895 B)
2026-10-08T19:36:17.7570332Z [command]/usr/bin/tar -xf /home/runner/work/_temp/37fd3f3d-676d-4d30-a673-854e58501e2d/cache.tzst -P -C /home/runner/work/uma-sim/uma-sim --use-compress-program unzstd
2026-10-08T19:36:17.8002778Z Cache restored successfully
2026-10-08T19:36:17.8015554Z Cache restored from key: node-cache-Linux-x64-npm-d126bd84e0d55a2c82da49d64988d5fd8dbe3e76b810128f4478a4c36cb5c633
2026-10-08T19:36:17.8170103Z ##[group]Run npm ci
2026-10-08T19:36:17.8170352Z [36;1mnpm ci[0m
2026-10-08T19:36:17.8395585Z shell: /usr/bin/bash -e {0}
2026-10-08T19:36:17.8395823Z ##[endgroup]
2026-10-08T19:36:19.1194030Z 
2026-10-08T19:36:19.1200595Z added 70 packages, and audited 71 packages in 1s
2026-10-08T19:36:19.1200856Z 
2026-10-08T19:36:19.1201016Z 7 packages are looking for funding
2026-10-08T19:36:19.1201286Z   run `npm fund` for details
2026-10-08T19:36:19.1261092Z 
2026-10-08T19:36:19.1261610Z 3 vulnerabilities (1 moderate, 2 high)
2026-10-08T19:36:19.1262325Z 
2026-10-08T19:36:19.1262900Z To address issues that do not require attention, run:
2026-10-08T19:36:19.1263578Z   npm audit fix
2026-10-08T19:36:19.1263946Z 
2026-10-08T19:36:19.1264434Z To address all issues (including breaking changes), run:
2026-10-08T19:36:19.1265093Z   npm audit fix --force
2026-10-08T19:36:19.1265510Z 
2026-10-08T19:36:19.1265886Z Run `npm audit` for details.
2026-10-08T19:36:19.1563861Z ##[group]Run npm test
2026-10-08T19:36:19.1564189Z [36;1mnpm test[0m
2026-10-08T19:36:19.1623836Z shell: /usr/bin/bash -e {0}
2026-10-08T19:36:19.1624074Z ##[endgroup]
2026-10-08T19:36:19.2658776Z 
2026-10-08T19:36:19.2659546Z > uma-sim-ui@0.1.0 test
2026-10-08T19:36:19.2661369Z > node --test tests/branch-input.test.mjs tests/branch-trace-panel.test.mjs test/log-view.test.mjs test/log-export.test.mjs test/skills-view.test.mjs tests/race-results.test.mjs test/conditions-view.test.mjs
2026-10-08T19:36:19.2662630Z 
2026-10-08T19:36:19.3028208Z TAP version 13
2026-10-08T19:36:19.9543129Z # Subtest: an empty collection is reported separately from absent or malformed data
2026-10-08T19:36:19.9568122Z ok 1 - an empty collection is reported separately from absent or malformed data
2026-10-08T19:36:19.9578335Z   ---
2026-10-08T19:36:19.9578877Z   duration_ms: 1.387788
2026-10-08T19:36:19.9579436Z   ...
2026-10-08T19:36:19.9580425Z # Subtest: injury matching follows the native exact injured or injury-substring predicate
2026-10-08T19:36:19.9604791Z ok 2 - injury matching follows the native exact injured or injury-substring predicate
2026-10-08T19:36:19.9627798Z   ---
2026-10-08T19:36:19.9637751Z   duration_ms: 0.255719
2026-10-08T19:36:19.9641408Z   ...
2026-10-08T19:36:19.9653275Z # Subtest: similar words and whitespace do not widen the native injury predicate
2026-10-08T19:36:19.9654389Z ok 3 - similar words and whitespace do not widen the native injury predicate
2026-10-08T19:36:19.9658534Z   ---
2026-10-08T19:36:19.9659034Z   duration_ms: 0.194618
2026-10-08T19:36:19.9659591Z   ...
2026-10-08T19:36:19.9679332Z # Subtest: only the three exact simulator epithet IDs receive title labels
2026-10-08T19:36:19.9687739Z ok 4 - only the three exact simulator epithet IDs receive title labels
2026-10-08T19:36:19.9688489Z   ---
2026-10-08T19:36:19.9688973Z   duration_ms: 0.220026
2026-10-08T19:36:19.9692795Z   ...
2026-10-08T19:36:19.9693423Z # Subtest: unknown title-like IDs remain literal without invented names or effects
2026-10-08T19:36:19.9694252Z ok 5 - unknown title-like IDs remain literal without invented names or effects
2026-10-08T19:36:19.9694747Z   ---
2026-10-08T19:36:19.9695005Z   duration_ms: 0.156923
2026-10-08T19:36:19.9695278Z   ...
2026-10-08T19:36:19.9695794Z # Subtest: native injury admission takes precedence over a title-like namespace
2026-10-08T19:36:19.9696563Z ok 6 - native injury admission takes precedence over a title-like namespace
2026-10-08T19:36:19.9697034Z   ---
2026-10-08T19:36:19.9697428Z   duration_ms: 0.172396
2026-10-08T19:36:19.9697818Z   ...
2026-10-08T19:36:19.9698443Z # Subtest: every retained entry survives in order including duplicates and long collections
2026-10-08T19:36:19.9699354Z ok 7 - every retained entry survives in order including duplicates and long collections
2026-10-08T19:36:19.9699909Z   ---
2026-10-08T19:36:19.9700386Z   duration_ms: 0.197403
2026-10-08T19:36:19.9701047Z   ...
2026-10-08T19:36:19.9701418Z # Subtest: markup-like strings, whitespace and object-property names remain exact data
2026-10-08T19:36:19.9701942Z ok 8 - markup-like strings, whitespace and object-property names remain exact data
2026-10-08T19:36:19.9702268Z   ---
2026-10-08T19:36:19.9702442Z   duration_ms: 0.160969
2026-10-08T19:36:19.9702634Z   ...
2026-10-08T19:36:19.9703032Z # Subtest: a later recovered snapshot removes the warning and retains unrelated titles and statuses
2026-10-08T19:36:19.9703609Z ok 9 - a later recovered snapshot removes the warning and retains unrelated titles and statuses
2026-10-08T19:36:19.9703962Z   ---
2026-10-08T19:36:19.9704130Z   duration_ms: 0.223701
2026-10-08T19:36:19.9704332Z   ...
2026-10-08T19:36:20.0789703Z # Subtest: JSON preserves every original entry and explicit retained-history scope
2026-10-08T19:36:20.0800132Z ok 10 - JSON preserves every original entry and explicit retained-history scope
2026-10-08T19:36:20.0819657Z   ---
2026-10-08T19:36:20.0820195Z   duration_ms: 1.99621
2026-10-08T19:36:20.0820797Z   ...
2026-10-08T19:36:20.0822375Z # Subtest: a prepared file survives later append or replacement without taking a filtered subset
2026-10-08T19:36:20.0823746Z ok 11 - a prepared file survives later append or replacement without taking a filtered subset
2026-10-08T19:36:20.0824581Z   ---
2026-10-08T19:36:20.0825049Z   duration_ms: 0.201128
2026-10-08T19:36:20.0825534Z   ...
2026-10-08T19:36:20.0826258Z # Subtest: readable text retains ordered duplicate and empty numbered blocks
2026-10-08T19:36:20.0827412Z ok 12 - readable text retains ordered duplicate and empty numbered blocks
2026-10-08T19:36:20.0828139Z   ---
2026-10-08T19:36:20.0828585Z   duration_ms: 0.251923
2026-10-08T19:36:20.0829059Z   ...
2026-10-08T19:36:20.0829813Z # Subtest: empty, single-entry and long histories have explicit complete counts
2026-10-08T19:36:20.0830860Z ok 13 - empty, single-entry and long histories have explicit complete counts
2026-10-08T19:36:20.0831568Z   ---
2026-10-08T19:36:20.0832013Z   duration_ms: 6.993881
2026-10-08T19:36:20.0832487Z   ...
2026-10-08T19:36:20.0889172Z # Subtest: one local request delivers the actual JSON Blob and releases its URL after the click
2026-10-08T19:36:20.0890588Z ok 14 - one local request delivers the actual JSON Blob and releases its URL after the click
2026-10-08T19:36:20.0891376Z   ---
2026-10-08T19:36:20.0891799Z   duration_ms: 11.377547
2026-10-08T19:36:20.0892274Z   ...
2026-10-08T19:36:20.0962836Z # Subtest: preparation and dispatch failures propagate without another click or a leaked URL
2026-10-08T19:36:20.0966444Z     # Subtest: url
2026-10-08T19:36:20.0966943Z     ok 1 - url
2026-10-08T19:36:20.0967531Z       ---
2026-10-08T19:36:20.0967955Z       duration_ms: 9.624472
2026-10-08T19:36:20.0968424Z       ...
2026-10-08T19:36:20.1064534Z     # Subtest: create
2026-10-08T19:36:20.1098089Z     ok 2 - create
2026-10-08T19:36:20.1098623Z       ---
2026-10-08T19:36:20.1127587Z       duration_ms: 11.932694
2026-10-08T19:36:20.1157584Z       ...
2026-10-08T19:36:20.1158064Z     # Subtest: append
2026-10-08T19:36:20.1187656Z     ok 3 - append
2026-10-08T19:36:20.1226098Z       ---
2026-10-08T19:36:20.1238689Z       duration_ms: 1.896662
2026-10-08T19:36:20.1239074Z       ...
2026-10-08T19:36:20.1239409Z     # Subtest: click
2026-10-08T19:36:20.1239720Z     ok 4 - click
2026-10-08T19:36:20.1240003Z       ---
2026-10-08T19:36:20.1240290Z       duration_ms: 2.80482
2026-10-08T19:36:20.1240587Z       ...
2026-10-08T19:36:20.1240846Z     1..4
2026-10-08T19:36:20.1241341Z ok 15 - preparation and dispatch failures propagate without another click or a leaked URL
2026-10-08T19:36:20.1241801Z   ---
2026-10-08T19:36:20.1242088Z   duration_ms: 27.30458
2026-10-08T19:36:20.1242389Z   ...
2026-10-08T19:36:20.1242853Z # Subtest: native React rendering names the full count and disables only an empty log
2026-10-08T19:36:20.1243469Z ok 16 - native React rendering names the full count and disables only an empty log
2026-10-08T19:36:20.1243887Z   ---
2026-10-08T19:36:20.1244535Z   duration_ms: 4.602084
2026-10-08T19:36:20.1244831Z   ...
2026-10-08T19:36:20.1245355Z # Subtest: the actual LogPanel exposes the full-history download beside preserved reader and summary
2026-10-08T19:36:20.1246039Z ok 17 - the actual LogPanel exposes the full-history download beside preserved reader and summary
2026-10-08T19:36:20.1246488Z   ---
2026-10-08T19:36:20.1246769Z   duration_ms: 3.642522
2026-10-08T19:36:20.1247245Z   ...
2026-10-08T19:36:20.2579282Z # Subtest: empty query exposes every retained entry verbatim, including empty and duplicate entries
2026-10-08T19:36:20.2628306Z ok 18 - empty query exposes every retained entry verbatim, including empty and duplicate entries
2026-10-08T19:36:20.2777970Z   ---
2026-10-08T19:36:20.2857931Z   duration_ms: 1.43646
2026-10-08T19:36:20.2927723Z   ...
2026-10-08T19:36:20.2988031Z # Subtest: matching entries and occurrences are counted separately without crossing entry boundaries
2026-10-08T19:36:20.3017868Z ok 19 - matching entries and occurrences are counted separately without crossing entry boundaries
2026-10-08T19:36:20.3047909Z   ---
2026-10-08T19:36:20.3077467Z   duration_ms: 0.310791
2026-10-08T19:36:20.3080531Z   ...
2026-10-08T19:36:20.3081763Z # Subtest: case-insensitive highlighting retains original UTF-16 spans after length-changing lowercase characters
2026-10-08T19:36:20.3083166Z ok 20 - case-insensitive highlighting retains original UTF-16 spans after length-changing lowercase characters
2026-10-08T19:36:20.3083961Z   ---
2026-10-08T19:36:20.3084304Z   duration_ms: 0.302429
2026-10-08T19:36:20.3084690Z   ...
2026-10-08T19:36:20.3085438Z # Subtest: Unicode simple folding handles sigma, Kelvin sign, and long s without expanding sharp s
2026-10-08T19:36:20.3086523Z ok 21 - Unicode simple folding handles sigma, Kelvin sign, and long s without expanding sharp s
2026-10-08T19:36:20.3087532Z   ---
2026-10-08T19:36:20.3087880Z   duration_ms: 0.621512
2026-10-08T19:36:20.3088257Z   ...
2026-10-08T19:36:20.3089131Z # Subtest: Japanese, astral symbols, combining characters, and isolated surrogates preserve original text
2026-10-08T19:36:20.3090326Z ok 22 - Japanese, astral symbols, combining characters, and isolated surrogates preserve original text
2026-10-08T19:36:20.3091034Z   ---
2026-10-08T19:36:20.3091391Z   duration_ms: 0.410299
2026-10-08T19:36:20.3091769Z   ...
2026-10-08T19:36:20.3092512Z # Subtest: all regexp metacharacters, whitespace, and markup-like text remain literal search data
2026-10-08T19:36:20.3093609Z ok 23 - all regexp metacharacters, whitespace, and markup-like text remain literal search data
2026-10-08T19:36:20.3094284Z   ---
2026-10-08T19:36:20.3094623Z   duration_ms: 2.101736
2026-10-08T19:36:20.3095164Z   ...
2026-10-08T19:36:20.3095877Z # Subtest: matches are non-overlapping and global matching restarts independently for each entry
2026-10-08T19:36:20.3096920Z ok 24 - matches are non-overlapping and global matching restarts independently for each entry
2026-10-08T19:36:20.3097703Z   ---
2026-10-08T19:36:20.3098045Z   duration_ms: 0.273876
2026-10-08T19:36:20.3098413Z   ...
2026-10-08T19:36:20.3099145Z # Subtest: 2,000 deterministic mixed-Unicode cases agree with an independent scalar-token oracle
2026-10-08T19:36:20.3100204Z ok 25 - 2,000 deterministic mixed-Unicode cases agree with an independent scalar-token oracle
2026-10-08T19:36:20.3100884Z   ---
2026-10-08T19:36:20.3101219Z   duration_ms: 217.499636
2026-10-08T19:36:20.3101603Z   ...
2026-10-08T19:36:20.3102390Z # Subtest: history changes distinguish a strict prefix append from trimming, replacement, and reordering
2026-10-08T19:36:20.3103551Z ok 26 - history changes distinguish a strict prefix append from trimming, replacement, and reordering
2026-10-08T19:36:20.3104255Z   ---
2026-10-08T19:36:20.3104605Z   duration_ms: 0.406663
2026-10-08T19:36:20.3104977Z   ...
2026-10-08T19:36:20.3105770Z # Subtest: 14,641 sequence pairs agree with an independent serialized-prefix oracle without mutating input
2026-10-08T19:36:20.3106952Z ok 27 - 14,641 sequence pairs agree with an independent serialized-prefix oracle without mutating input
2026-10-08T19:36:20.3114689Z   ---
2026-10-08T19:36:20.3148495Z   duration_ms: 47.423263
2026-10-08T19:36:20.3148924Z   ...
2026-10-08T19:36:20.6508658Z # Subtest: learned names and descriptions use exact IDs with a literal unknown fallback
2026-10-08T19:36:20.6509893Z ok 28 - learned names and descriptions use exact IDs with a literal unknown fallback
2026-10-08T19:36:20.6527607Z   ---
2026-10-08T19:36:20.6557550Z   duration_ms: 1.381448
2026-10-08T19:36:20.6558097Z   ...
2026-10-08T19:36:20.6558747Z # Subtest: all retained learned entries survive in order, including duplicates beyond 24
2026-10-08T19:36:20.6559679Z ok 29 - all retained learned entries survive in order, including duplicates beyond 24
2026-10-08T19:36:20.6560214Z   ---
2026-10-08T19:36:20.6560487Z   duration_ms: 0.215399
2026-10-08T19:36:20.6560784Z   ...
2026-10-08T19:36:20.6561648Z # Subtest: only skill namespace hints are skills; raw names and training keys remain separate
2026-10-08T19:36:20.6608343Z ok 30 - only skill namespace hints are skills; raw names and training keys remain separate
2026-10-08T19:36:20.6609044Z   ---
2026-10-08T19:36:20.6609325Z   duration_ms: 0.311933
2026-10-08T19:36:20.6609665Z   ...
2026-10-08T19:36:20.6610345Z # Subtest: hint levels are retained values, with no cap, discount, or purchase inference
2026-10-08T19:36:20.6611443Z ok 31 - hint levels are retained values, with no cap, discount, or purchase inference
2026-10-08T19:36:20.6612098Z   ---
2026-10-08T19:36:20.6612400Z   duration_ms: 0.166146
2026-10-08T19:36:20.6612759Z   ...
2026-10-08T19:36:20.6613575Z # Subtest: catalog failure and malformed entries do not manufacture names or accept an HTML fallback
2026-10-08T19:36:20.6638897Z ok 32 - catalog failure and malformed entries do not manufacture names or accept an HTML fallback
2026-10-08T19:36:20.6639591Z   ---
2026-10-08T19:36:20.6639870Z   duration_ms: 0.324331
2026-10-08T19:36:20.6640175Z   ...
2026-10-08T19:36:20.6640900Z # Subtest: markup-like text and object-property keys remain literal, without changing snapshot inputs
2026-10-08T19:36:20.6641975Z ok 33 - markup-like text and object-property keys remain literal, without changing snapshot inputs
2026-10-08T19:36:20.6642619Z   ---
2026-10-08T19:36:20.6642866Z   duration_ms: 0.193046
2026-10-08T19:36:20.6643149Z   ...
2026-10-08T19:36:20.8404350Z # Subtest: preserves the full authored order, blank lines, turn zero and colon action IDs
2026-10-08T19:36:20.8411659Z ok 34 - preserves the full authored order, blank lines, turn zero and colon action IDs
2026-10-08T19:36:20.8412410Z   ---
2026-10-08T19:36:20.8412843Z   duration_ms: 1.961919
2026-10-08T19:36:20.8413287Z   ...
2026-10-08T19:36:20.8413874Z # Subtest: a policy-only run is valid with no override text
2026-10-08T19:36:20.8414648Z ok 35 - a policy-only run is valid with no override text
2026-10-08T19:36:20.8415228Z   ---
2026-10-08T19:36:20.8415622Z   duration_ms: 0.194188
2026-10-08T19:36:20.8416053Z   ...
2026-10-08T19:36:20.8418648Z # Subtest: accepts only the exact representable integer boundary and allowed maximum budget
2026-10-08T19:36:20.8434155Z ok 36 - accepts only the exact representable integer boundary and allowed maximum budget
2026-10-08T19:36:20.8447446Z   ---
2026-10-08T19:36:20.8483306Z   duration_ms: 0.177443
2026-10-08T19:36:20.8507586Z   ...
2026-10-08T19:36:20.8517988Z # Subtest: refuses the whole draft for missing colon
2026-10-08T19:36:20.8518673Z ok 37 - refuses the whole draft for missing colon
2026-10-08T19:36:20.8519173Z   ---
2026-10-08T19:36:20.8519542Z   duration_ms: 0.334116
2026-10-08T19:36:20.8519924Z   ...
2026-10-08T19:36:20.8520401Z # Subtest: refuses the whole draft for missing turn
2026-10-08T19:36:20.8521031Z ok 38 - refuses the whole draft for missing turn
2026-10-08T19:36:20.8521504Z   ---
2026-10-08T19:36:20.8521850Z   duration_ms: 0.167608
2026-10-08T19:36:20.8522225Z   ...
2026-10-08T19:36:20.8522692Z # Subtest: refuses the whole draft for negative turn
2026-10-08T19:36:20.8523306Z ok 39 - refuses the whole draft for negative turn
2026-10-08T19:36:20.8524184Z   ---
2026-10-08T19:36:20.8524538Z   duration_ms: 0.158625
2026-10-08T19:36:20.8524902Z   ...
2026-10-08T19:36:20.8525392Z # Subtest: refuses the whole draft for fractional turn
2026-10-08T19:36:20.8526022Z ok 40 - refuses the whole draft for fractional turn
2026-10-08T19:36:20.8526493Z   ---
2026-10-08T19:36:20.8526836Z   duration_ms: 0.18863
2026-10-08T19:36:20.8527323Z   ...
2026-10-08T19:36:20.8527827Z # Subtest: refuses the whole draft for scientific notation
2026-10-08T19:36:20.8528509Z ok 41 - refuses the whole draft for scientific notation
2026-10-08T19:36:20.8528995Z   ---
2026-10-08T19:36:20.8529332Z   duration_ms: 0.140779
2026-10-08T19:36:20.8529704Z   ...
2026-10-08T19:36:20.8530210Z # Subtest: refuses the whole draft for hexadecimal notation
2026-10-08T19:36:20.8530890Z ok 42 - refuses the whole draft for hexadecimal notation
2026-10-08T19:36:20.8531384Z   ---
2026-10-08T19:36:20.8531709Z   duration_ms: 0.197302
2026-10-08T19:36:20.8532074Z   ...
2026-10-08T19:36:20.8532748Z # Subtest: refuses the whole draft for non-number turn
2026-10-08T19:36:20.8533363Z ok 43 - refuses the whole draft for non-number turn
2026-10-08T19:36:20.8533839Z   ---
2026-10-08T19:36:20.8534181Z   duration_ms: 0.247888
2026-10-08T19:36:20.8534544Z   ...
2026-10-08T19:36:20.8535015Z # Subtest: refuses the whole draft for infinite turn
2026-10-08T19:36:20.8535647Z ok 44 - refuses the whole draft for infinite turn
2026-10-08T19:36:20.8536109Z   ---
2026-10-08T19:36:20.8536432Z   duration_ms: 0.156562
2026-10-08T19:36:20.8536800Z   ...
2026-10-08T19:36:20.8537525Z # Subtest: refuses the whole draft for signed integer overflow
2026-10-08T19:36:20.8538261Z ok 45 - refuses the whole draft for signed integer overflow
2026-10-08T19:36:20.8538771Z   ---
2026-10-08T19:36:20.8539172Z   duration_ms: 3.847485
2026-10-08T19:36:20.8539528Z   ...
2026-10-08T19:36:20.8540120Z # Subtest: refuses the whole draft for integer that would wrap to turn 8
2026-10-08T19:36:20.8540930Z ok 46 - refuses the whole draft for integer that would wrap to turn 8
2026-10-08T19:36:20.8541484Z   ---
2026-10-08T19:36:20.8541821Z   duration_ms: 0.151324
2026-10-08T19:36:20.8542179Z   ...
2026-10-08T19:36:20.8542689Z # Subtest: refuses the whole draft for unsafe integer
2026-10-08T19:36:20.8543318Z ok 47 - refuses the whole draft for unsafe integer
2026-10-08T19:36:20.8543783Z   ---
2026-10-08T19:36:20.8544346Z   duration_ms: 0.194178
2026-10-08T19:36:20.8548774Z   ...
2026-10-08T19:36:20.8549292Z # Subtest: refuses the whole draft for empty action
2026-10-08T19:36:20.8549937Z ok 48 - refuses the whole draft for empty action
2026-10-08T19:36:20.8567621Z   ---
2026-10-08T19:36:20.8568766Z   duration_ms: 0.115251
2026-10-08T19:36:20.8569153Z   ...
2026-10-08T19:36:20.8569828Z # Subtest: duplicate turns report both source lines rather than picking the first silently
2026-10-08T19:36:20.8570799Z ok 49 - duplicate turns report both source lines rather than picking the first silently
2026-10-08T19:36:20.8571435Z   ---
2026-10-08T19:36:20.8571770Z   duration_ms: 0.267697
2026-10-08T19:36:20.8572131Z   ...
2026-10-08T19:36:20.8572768Z # Subtest: collects actionable line errors without discarding valid intervening input
2026-10-08T19:36:20.8573674Z ok 50 - collects actionable line errors without discarding valid intervening input
2026-10-08T19:36:20.8574264Z   ---
2026-10-08T19:36:20.8574589Z   duration_ms: 0.196281
2026-10-08T19:36:20.8574934Z   ...
2026-10-08T19:36:20.8575344Z # Subtest: refuses invalid action budget ""
2026-10-08T19:36:20.8575888Z ok 51 - refuses invalid action budget ""
2026-10-08T19:36:20.8576309Z   ---
2026-10-08T19:36:20.8576628Z   duration_ms: 0.297652
2026-10-08T19:36:20.8577028Z   ...
2026-10-08T19:36:20.8577667Z # Subtest: refuses invalid action budget " "
2026-10-08T19:36:20.8578227Z ok 52 - refuses invalid action budget " "
2026-10-08T19:36:20.8578678Z   ---
2026-10-08T19:36:20.8579009Z   duration_ms: 0.140838
2026-10-08T19:36:20.8579372Z   ...
2026-10-08T19:36:20.8579803Z # Subtest: refuses invalid action budget "0"
2026-10-08T19:36:20.8580622Z ok 53 - refuses invalid action budget "0"
2026-10-08T19:36:20.8581056Z   ---
2026-10-08T19:36:20.8581394Z   duration_ms: 0.203883
2026-10-08T19:36:20.8581769Z   ...
2026-10-08T19:36:20.8582214Z # Subtest: refuses invalid action budget "501"
2026-10-08T19:36:20.8582775Z ok 54 - refuses invalid action budget "501"
2026-10-08T19:36:20.8583222Z   ---
2026-10-08T19:36:20.8583548Z   duration_ms: 0.147669
2026-10-08T19:36:20.8583891Z   ...
2026-10-08T19:36:20.8584348Z # Subtest: refuses invalid action budget "1.5"
2026-10-08T19:36:20.8584914Z ok 55 - refuses invalid action budget "1.5"
2026-10-08T19:36:20.8585357Z   ---
2026-10-08T19:36:20.8585705Z   duration_ms: 0.099788
2026-10-08T19:36:20.8586078Z   ...
2026-10-08T19:36:20.8586547Z # Subtest: refuses invalid action budget "-1"
2026-10-08T19:36:20.8587271Z ok 56 - refuses invalid action budget "-1"
2026-10-08T19:36:20.8587720Z   ---
2026-10-08T19:36:20.8588050Z   duration_ms: 0.089362
2026-10-08T19:36:20.8588431Z   ...
2026-10-08T19:36:20.8589137Z # Subtest: refuses invalid action budget "NaN"
2026-10-08T19:36:20.8589748Z ok 57 - refuses invalid action budget "NaN"
2026-10-08T19:36:20.8590207Z   ---
2026-10-08T19:36:20.8590541Z   duration_ms: 0.086157
2026-10-08T19:36:20.8590897Z   ...
2026-10-08T19:36:20.8591366Z # Subtest: refuses invalid action budget "Infinity"
2026-10-08T19:36:20.8591967Z ok 58 - refuses invalid action budget "Infinity"
2026-10-08T19:36:20.8592418Z   ---
2026-10-08T19:36:20.8592765Z   duration_ms: 0.084355
2026-10-08T19:36:20.8593130Z   ...
2026-10-08T19:36:20.8593571Z # Subtest: refuses invalid action budget "1e2"
2026-10-08T19:36:20.8594167Z ok 59 - refuses invalid action budget "1e2"
2026-10-08T19:36:20.8594608Z   ---
2026-10-08T19:36:20.8595011Z   duration_ms: 0.098787
2026-10-08T19:36:20.8595385Z   ...
2026-10-08T19:36:20.8595873Z # Subtest: refuses invalid action budget "9007199254740993"
2026-10-08T19:36:20.8596532Z ok 60 - refuses invalid action budget "9007199254740993"
2026-10-08T19:36:20.8597018Z   ---
2026-10-08T19:36:20.8597635Z   duration_ms: 0.118466
2026-10-08T19:36:20.8597995Z   ...
2026-10-08T19:36:20.8598547Z # Subtest: reports both budget and override errors in a single review
2026-10-08T19:36:20.8599305Z ok 61 - reports both budget and override errors in a single review
2026-10-08T19:36:20.8599819Z   ---
2026-10-08T19:36:20.8600157Z   duration_ms: 0.223902
2026-10-08T19:36:20.8600528Z   ...
2026-10-08T19:36:20.8601172Z # Subtest: preserves literal action text for the existing simulator legality check
2026-10-08T19:36:20.8602098Z ok 62 - preserves literal action text for the existing simulator legality check
2026-10-08T19:36:20.8602705Z   ---
2026-10-08T19:36:20.8603039Z   duration_ms: 0.172636
2026-10-08T19:36:20.8603412Z   ...
2026-10-08T19:36:21.0279744Z # Subtest: an unselected inspector explains how to read a saved trace
2026-10-08T19:36:21.0284482Z ok 63 - an unselected inspector explains how to read a saved trace
2026-10-08T19:36:21.0285136Z   ---
2026-10-08T19:36:21.0285559Z   duration_ms: 3.979812
2026-10-08T19:36:21.0285956Z   ...
2026-10-08T19:36:21.0286650Z # Subtest: loading identifies the requested branch and exposes only a close action
2026-10-08T19:36:21.0303688Z ok 64 - loading identifies the requested branch and exposes only a close action
2026-10-08T19:36:21.0304461Z   ---
2026-10-08T19:36:21.0304886Z   duration_ms: 0.543896
2026-10-08T19:36:21.0305340Z   ...
2026-10-08T19:36:21.0332817Z # Subtest: an error identifies its branch, is announced and supports explicit retry
2026-10-08T19:36:21.0367977Z ok 65 - an error identifies its branch, is announced and supports explicit retry
2026-10-08T19:36:21.0368756Z   ---
2026-10-08T19:36:21.0397914Z   duration_ms: 0.421475
2026-10-08T19:36:21.0407681Z   ...
2026-10-08T19:36:21.0408386Z # Subtest: same-turn rejection and later application remain separate recorded steps
2026-10-08T19:36:21.0409276Z ok 66 - same-turn rejection and later application remain separate recorded steps
2026-10-08T19:36:21.0409856Z   ---
2026-10-08T19:36:21.0410502Z   duration_ms: 1.555777
2026-10-08T19:36:21.0410843Z   ...
2026-10-08T19:36:21.0411431Z # Subtest: a configured but unobserved turn has no invented rejection outcome
2026-10-08T19:36:21.0412234Z ok 67 - a configured but unobserved turn has no invented rejection outcome
2026-10-08T19:36:21.0412756Z   ---
2026-10-08T19:36:21.0413082Z   duration_ms: 0.637795
2026-10-08T19:36:21.0413417Z   ...
2026-10-08T19:36:21.0413922Z # Subtest: a branch with no recorded steps has an explicit empty state
2026-10-08T19:36:21.0414645Z ok 68 - a branch with no recorded steps has an explicit empty state
2026-10-08T19:36:21.0415126Z   ---
2026-10-08T19:36:21.0415449Z   duration_ms: 0.393784
2026-10-08T19:36:21.0415779Z   ...
2026-10-08T19:36:21.0416418Z # Subtest: a policy-only timeline offers all steps when the override filter is empty
2026-10-08T19:36:21.0417500Z ok 69 - a policy-only timeline offers all steps when the override filter is empty
2026-10-08T19:36:21.0418093Z   ---
2026-10-08T19:36:21.0418420Z   duration_ms: 0.453062
2026-10-08T19:36:21.0418775Z   ...
2026-10-08T19:36:21.0419637Z # Subtest: legacy duplicate configuration is retained without dropping either authored action
2026-10-08T19:36:21.0420613Z ok 70 - legacy duplicate configuration is retained without dropping either authored action
2026-10-08T19:36:21.0421247Z   ---
2026-10-08T19:36:21.0421558Z   duration_ms: 2.77839
2026-10-08T19:36:21.0421894Z   ...
2026-10-08T19:36:21.0422449Z # Subtest: source text remains literal instead of becoming active markup
2026-10-08T19:36:21.0423225Z ok 71 - source text remains literal instead of becoming active markup
2026-10-08T19:36:21.0423695Z   ---
2026-10-08T19:36:21.0423991Z   duration_ms: 0.875388
2026-10-08T19:36:21.0424303Z   ...
2026-10-08T19:36:21.2860722Z # Subtest: native physics record keeps the observed place, field, precision and source metadata
2026-10-08T19:36:21.2871735Z ok 72 - native physics record keeps the observed place, field, precision and source metadata
2026-10-08T19:36:21.2872639Z   ---
2026-10-08T19:36:21.2873122Z   duration_ms: 1.743906
2026-10-08T19:36:21.2873640Z   ...
2026-10-08T19:36:21.2874397Z # Subtest: fan-only records retain zero and never invent missing race statistics
2026-10-08T19:36:21.2875417Z ok 73 - fan-only records retain zero and never invent missing race statistics
2026-10-08T19:36:21.2876118Z   ---
2026-10-08T19:36:21.2876610Z   duration_ms: 0.309739
2026-10-08T19:36:21.2877231Z   ...
2026-10-08T19:36:21.2878074Z # Subtest: repeated race IDs and identical occurrences retain separate source positions
2026-10-08T19:36:21.2879170Z ok 74 - repeated race IDs and identical occurrences retain separate source positions
2026-10-08T19:36:21.2879883Z   ---
2026-10-08T19:36:21.2880311Z   duration_ms: 0.223462
2026-10-08T19:36:21.2880786Z   ...
2026-10-08T19:36:21.2881522Z # Subtest: non-race entries and action narration are not retained race records
2026-10-08T19:36:21.2882516Z ok 75 - non-race entries and action narration are not retained race records
2026-10-08T19:36:21.2883206Z   ---
2026-10-08T19:36:21.2883632Z   duration_ms: 0.108761
2026-10-08T19:36:21.2884098Z   ...
2026-10-08T19:36:21.2884904Z # Subtest: a newest unrecognized record stays latest even when a valid older result exists
2026-10-08T19:36:21.2885986Z ok 76 - a newest unrecognized record stays latest even when a valid older result exists
2026-10-08T19:36:21.2886711Z   ---
2026-10-08T19:36:21.2887300Z   duration_ms: 0.284141
2026-10-08T19:36:21.2887772Z   ...
2026-10-08T19:36:21.2888587Z # Subtest: invalid numeric fields or inconsistent place and field remain literal unknown records
2026-10-08T19:36:21.2889752Z ok 77 - invalid numeric fields or inconsistent place and field remain literal unknown records
2026-10-08T19:36:21.2890505Z   ---
2026-10-08T19:36:21.2890927Z   duration_ms: 0.328537
2026-10-08T19:36:21.2891391Z   ...
2026-10-08T19:36:21.2892097Z # Subtest: native ordinal suffixes keep 11th to 13th distinct from 21st to 23rd
2026-10-08T19:36:21.2893063Z ok 78 - native ordinal suffixes keep 11th to 13th distinct from 21st to 23rd
2026-10-08T19:36:21.2894225Z   ---
2026-10-08T19:36:21.2894676Z   duration_ms: 0.149552
2026-10-08T19:36:21.2913422Z   ...
2026-10-08T19:36:21.2914311Z # Subtest: rendered physics facts show exact native values and the full original record
2026-10-08T19:36:21.2915405Z ok 79 - rendered physics facts show exact native values and the full original record
2026-10-08T19:36:21.2916173Z   ---
2026-10-08T19:36:21.2916614Z   duration_ms: 3.501613
2026-10-08T19:36:21.2917228Z   ...
2026-10-08T19:36:21.2918031Z # Subtest: rendered fan-only facts state the missing details without inventing first place
2026-10-08T19:36:21.2919141Z ok 80 - rendered fan-only facts state the missing details without inventing first place
2026-10-08T19:36:21.2919900Z   ---
2026-10-08T19:36:21.2920345Z   duration_ms: 0.652448
2026-10-08T19:36:21.2920806Z   ...
2026-10-08T19:36:21.2921598Z # Subtest: unknown latest is visible while earlier recognized occurrences stay in history
2026-10-08T19:36:21.2922680Z ok 81 - unknown latest is visible while earlier recognized occurrences stay in history
2026-10-08T19:36:21.2923612Z   ---
2026-10-08T19:36:21.2924064Z   duration_ms: 0.953735
2026-10-08T19:36:21.2924517Z   ...
2026-10-08T19:36:21.2925157Z # Subtest: mandatory entry remains explicit and disabled while busy
2026-10-08T19:36:21.2926044Z ok 82 - mandatory entry remains explicit and disabled while busy
2026-10-08T19:36:21.2926664Z   ---
2026-10-08T19:36:21.2927237Z   duration_ms: 0.326404
2026-10-08T19:36:21.2927715Z   ...
2026-10-08T19:36:21.2928363Z # Subtest: replacing the supplied history cannot retain an old result
2026-10-08T19:36:21.2929267Z ok 83 - replacing the supplied history cannot retain an old result
2026-10-08T19:36:21.2929913Z   ---
2026-10-08T19:36:21.2930339Z   duration_ms: 2.135747
2026-10-08T19:36:21.2930792Z   ...
2026-10-08T19:36:21.2931509Z # Subtest: unusual race IDs and unrecognized source text are rendered literally
2026-10-08T19:36:21.2932475Z ok 84 - unusual race IDs and unrecognized source text are rendered literally
2026-10-08T19:36:21.2933167Z   ---
2026-10-08T19:36:21.2933669Z   duration_ms: 0.551598
2026-10-08T19:36:21.2934134Z   ...
2026-10-08T19:36:21.3137278Z 1..84
2026-10-08T19:36:21.3137561Z # tests 88
2026-10-08T19:36:21.3137804Z # suites 0
2026-10-08T19:36:21.3138005Z # pass 88
2026-10-08T19:36:21.3138172Z # fail 0
2026-10-08T19:36:21.3147662Z # cancelled 0
2026-10-08T19:36:21.3158081Z # skipped 0
2026-10-08T19:36:21.3158445Z # todo 0
2026-10-08T19:36:21.3158829Z # duration_ms 2023.19722
2026-10-08T19:36:21.3295546Z ##[group]Run npm run typecheck
2026-10-08T19:36:21.3295816Z [36;1mnpm run typecheck[0m
2026-10-08T19:36:21.3352405Z shell: /usr/bin/bash -e {0}
2026-10-08T19:36:21.3352625Z ##[endgroup]
2026-10-08T19:36:21.5253206Z 
2026-10-08T19:36:21.5253466Z > uma-sim-ui@0.1.0 typecheck
2026-10-08T19:36:21.5253745Z > tsc --noEmit
2026-10-08T19:36:21.5253867Z 
2026-10-08T19:36:23.5607531Z ##[group]Run npm run build
2026-10-08T19:36:23.5607791Z [36;1mnpm run build[0m
2026-10-08T19:36:23.5663651Z shell: /usr/bin/bash -e {0}
2026-10-08T19:36:23.5663881Z ##[endgroup]
2026-10-08T19:36:23.6588142Z 
2026-10-08T19:36:23.6588375Z > uma-sim-ui@0.1.0 build
2026-10-08T19:36:23.6588670Z > tsc -b && vite build
2026-10-08T19:36:23.6588811Z 
2026-10-08T19:36:25.8331123Z [36mvite v5.4.21 [32mbuilding for production...[36m[39m
2026-10-08T19:36:25.8808626Z transforming...
2026-10-08T19:36:26.4719914Z [32m✓[39m 68 modules transformed.
2026-10-08T19:36:26.5869453Z rendering chunks...
2026-10-08T19:36:26.5921354Z computing gzip size...
2026-10-08T19:36:26.5985035Z [2mdist/[22m[32mindex.html                 [39m[1m[2m  0.39 kB[22m[1m[22m[2m │ gzip:  0.27 kB[22m
2026-10-08T19:36:26.5986344Z [2mdist/[22m[2massets/[22m[35mindex-RguA8KSx.css  [39m[1m[2m 14.45 kB[22m[1m[22m[2m │ gzip:  3.39 kB[22m
2026-10-08T19:36:26.5988310Z [2mdist/[22m[2massets/[22m[36mindex-D1XL_dGb.js   [39m[1m[2m214.17 kB[22m[1m[22m[2m │ gzip: 65.81 kB[22m
2026-10-08T19:36:26.5989023Z [32m✓ built in 743ms[39m
2026-10-08T19:36:26.7021633Z ##[group]Run npx playwright install --with-deps chromium
2026-10-08T19:36:26.7022175Z [36;1mnpx playwright install --with-deps chromium[0m
2026-10-08T19:36:26.7083170Z shell: /usr/bin/bash -e {0}
2026-10-08T19:36:26.7083395Z ##[endgroup]
2026-10-08T19:36:27.4336801Z Installing dependencies...
2026-10-08T19:36:27.4390212Z Switching to root user to install dependencies...
2026-10-08T19:36:28.3803723Z Get:1 file:/etc/apt/apt-mirrors.txt Mirrorlist [144 B]
2026-10-08T19:36:28.4099972Z Hit:2 http://azure.archive.ubuntu.com/ubuntu noble InRelease
2026-10-08T19:36:28.4113538Z Get:6 https://packages.microsoft.com/ubuntu/24.04/prod noble InRelease [3600 B]
2026-10-08T19:36:28.4138112Z Get:3 http://azure.archive.ubuntu.com/ubuntu noble-updates InRelease [126 kB]
2026-10-08T19:36:28.4168091Z Get:4 http://azure.archive.ubuntu.com/ubuntu noble-backports InRelease [126 kB]
2026-10-08T19:36:28.4230169Z Get:5 http://azure.archive.ubuntu.com/ubuntu noble-security InRelease [126 kB]
2026-10-08T19:36:28.5135042Z Get:7 https://packages.microsoft.com/ubuntu/24.04/prod noble/main armhf Packages [12.3 kB]
2026-10-08T19:36:28.5262166Z Get:8 https://packages.microsoft.com/ubuntu/24.04/prod noble/main amd64 Packages [531 kB]
2026-10-08T19:36:28.5384904Z Get:9 https://packages.microsoft.com/ubuntu/24.04/prod noble/main arm64 Packages [474 kB]
2026-10-08T19:36:28.5468055Z Get:10 https://packages.microsoft.com/ubuntu/24.04/prod noble/main all Packages [640 B]
2026-10-08T19:36:28.5555111Z Get:11 http://azure.archive.ubuntu.com/ubuntu noble-updates/main amd64 Packages [1375 kB]
2026-10-08T19:36:28.5777973Z Get:12 http://azure.archive.ubuntu.com/ubuntu noble-updates/main Translation-en [306 kB]
2026-10-08T19:36:28.5971084Z Get:13 http://azure.archive.ubuntu.com/ubuntu noble-updates/universe amd64 Packages [1702 kB]
2026-10-08T19:36:28.6248018Z Get:14 http://azure.archive.ubuntu.com/ubuntu noble-updates/universe Translation-en [342 kB]
2026-10-08T19:36:28.6368509Z Get:15 http://azure.archive.ubuntu.com/ubuntu noble-updates/restricted amd64 Packages [1761 kB]
2026-10-08T19:36:28.6750427Z Get:16 http://azure.archive.ubuntu.com/ubuntu noble-updates/restricted Translation-en [401 kB]
2026-10-08T19:36:28.7062826Z Get:17 http://azure.archive.ubuntu.com/ubuntu noble-updates/multiverse amd64 Packages [55.0 kB]
2026-10-08T19:36:28.7464510Z Get:18 http://azure.archive.ubuntu.com/ubuntu noble-updates/multiverse Translation-en [14.3 kB]
2026-10-08T19:36:28.7750530Z Get:19 http://azure.archive.ubuntu.com/ubuntu noble-security/main amd64 Packages [1115 kB]
2026-10-08T19:36:28.8891379Z Get:20 http://azure.archive.ubuntu.com/ubuntu noble-security/main Translation-en [227 kB]
2026-10-08T19:36:29.0231974Z Get:21 http://azure.archive.ubuntu.com/ubuntu noble-security/universe amd64 Packages [1218 kB]
2026-10-08T19:36:29.2363408Z Get:22 http://azure.archive.ubuntu.com/ubuntu noble-security/universe Translation-en [245 kB]
2026-10-08T19:36:29.2879460Z Get:23 http://azure.archive.ubuntu.com/ubuntu noble-security/restricted amd64 Packages [1632 kB]
2026-10-08T19:36:29.3662776Z Get:24 http://azure.archive.ubuntu.com/ubuntu noble-security/restricted Translation-en [376 kB]
2026-10-08T19:36:29.3861445Z Get:25 http://azure.archive.ubuntu.com/ubuntu noble-security/multiverse Translation-en [11.6 kB]
2026-10-08T19:36:35.9680471Z Fetched 12.2 MB in 1s (10.5 MB/s)
2026-10-08T19:36:36.6028385Z Reading package lists...
2026-10-08T19:36:36.6230395Z Reading package lists...
2026-10-08T19:36:36.7945838Z Building dependency tree...
2026-10-08T19:36:36.7946554Z Reading state information...
2026-10-08T19:36:36.9189767Z libasound2t64 is already the newest version (1.2.11-1ubuntu0.3).
2026-10-08T19:36:36.9190478Z libasound2t64 set to manually installed.
2026-10-08T19:36:36.9191168Z libatk-bridge2.0-0t64 is already the newest version (2.52.0-1build1).
2026-10-08T19:36:36.9191784Z libatk-bridge2.0-0t64 set to manually installed.
2026-10-08T19:36:36.9192354Z libatk1.0-0t64 is already the newest version (2.52.0-1build1).
2026-10-08T19:36:36.9193441Z libatk1.0-0t64 set to manually installed.
2026-10-08T19:36:36.9194141Z libatspi2.0-0t64 is already the newest version (2.52.0-1build1).
2026-10-08T19:36:36.9194634Z libatspi2.0-0t64 set to manually installed.
2026-10-08T19:36:36.9195116Z libcairo2 is already the newest version (1.18.0-3build1).
2026-10-08T19:36:36.9195561Z libcairo2 set to manually installed.
2026-10-08T19:36:36.9196030Z libcups2t64 is already the newest version (2.4.7-1.2ubuntu7.14).
2026-10-08T19:36:36.9196510Z libcups2t64 set to manually installed.
2026-10-08T19:36:36.9196856Z libdbus-1-3 is already the newest version (1.14.10-4ubuntu4.1).
2026-10-08T19:36:36.9197434Z libdbus-1-3 set to manually installed.
2026-10-08T19:36:36.9197781Z libdrm2 is already the newest version (2.4.125-1ubuntu0.1~24.04.2).
2026-10-08T19:36:36.9198111Z libdrm2 set to manually installed.
2026-10-08T19:36:36.9198431Z libgbm1 is already the newest version (25.2.8-0ubuntu0.24.04.4).
2026-10-08T19:36:36.9198912Z libgbm1 set to manually installed.
2026-10-08T19:36:36.9199258Z libglib2.0-0t64 is already the newest version (2.80.0-6ubuntu3.9).
2026-10-08T19:36:36.9199597Z libglib2.0-0t64 set to manually installed.
2026-10-08T19:36:36.9199937Z libnspr4 is already the newest version (2:4.35-1.1build1).
2026-10-08T19:36:36.9200247Z libnspr4 set to manually installed.
2026-10-08T19:36:36.9200555Z libnss3 is already the newest version (2:3.98-1ubuntu0.2).
2026-10-08T19:36:36.9200862Z libnss3 set to manually installed.
2026-10-08T19:36:36.9201191Z libpango-1.0-0 is already the newest version (1.52.1+ds-1build1).
2026-10-08T19:36:36.9201528Z libpango-1.0-0 set to manually installed.
2026-10-08T19:36:36.9201949Z libx11-6 is already the newest version (2:1.8.7-1build1).
2026-10-08T19:36:36.9202245Z libx11-6 set to manually installed.
2026-10-08T19:36:36.9202543Z libxcb1 is already the newest version (1.15-1ubuntu2).
2026-10-08T19:36:36.9202828Z libxcb1 set to manually installed.
2026-10-08T19:36:36.9203159Z libxcomposite1 is already the newest version (1:0.4.5-1build3).
2026-10-08T19:36:36.9203504Z libxcomposite1 set to manually installed.
2026-10-08T19:36:36.9203832Z libxdamage1 is already the newest version (1:1.1.6-1build1).
2026-10-08T19:36:36.9204148Z libxdamage1 set to manually installed.
2026-10-08T19:36:36.9204530Z libxext6 is already the newest version (2:1.3.4-1build2).
2026-10-08T19:36:36.9204962Z libxext6 set to manually installed.
2026-10-08T19:36:36.9205439Z libxfixes3 is already the newest version (1:6.0.0-2build1).
2026-10-08T19:36:36.9205905Z libxfixes3 set to manually installed.
2026-10-08T19:36:36.9206407Z libxkbcommon0 is already the newest version (1.6.0-1build1).
2026-10-08T19:36:36.9206892Z libxkbcommon0 set to manually installed.
2026-10-08T19:36:36.9207545Z libxrandr2 is already the newest version (2:1.5.2-2build1).
2026-10-08T19:36:36.9207863Z libxrandr2 set to manually installed.
2026-10-08T19:36:36.9208199Z xvfb is already the newest version (2:21.1.12-1ubuntu1.8).
2026-10-08T19:36:36.9208652Z fonts-noto-color-emoji is already the newest version (2.047-0ubuntu0.24.04.1).
2026-10-08T19:36:36.9209128Z libfontconfig1 is already the newest version (2.15.0-1.1ubuntu2).
2026-10-08T19:36:36.9209476Z libfontconfig1 set to manually installed.
2026-10-08T19:36:36.9209824Z fonts-liberation is already the newest version (1:2.1.5-3).
2026-10-08T19:36:36.9210299Z fonts-liberation set to manually installed.
2026-10-08T19:36:36.9210802Z The following additional packages will be installed:
2026-10-08T19:36:36.9211260Z   xfonts-encodings xfonts-utils
2026-10-08T19:36:36.9211614Z Recommended packages:
2026-10-08T19:36:36.9211873Z   fonts-ipafont-mincho fonts-tlwg-loma
2026-10-08T19:36:36.9865924Z The following NEW packages will be installed:
2026-10-08T19:36:36.9866702Z   fonts-freefont-ttf fonts-ipafont-gothic fonts-tlwg-loma-otf fonts-unifont
2026-10-08T19:36:36.9872252Z   fonts-wqy-zenhei xfonts-cyrillic xfonts-encodings xfonts-scalable
2026-10-08T19:36:36.9872769Z   xfonts-utils
2026-10-08T19:36:36.9876792Z The following packages will be upgraded:
2026-10-08T19:36:36.9881463Z   libfreetype6
2026-10-08T19:36:37.0025000Z 1 upgraded, 9 newly installed, 0 to remove and 22 not upgraded.
2026-10-08T19:36:37.0025554Z Need to get 21.5 MB of archives.
2026-10-08T19:36:37.0026129Z After this operation, 79.5 MB of additional disk space will be used.
2026-10-08T19:36:37.0026769Z Get:1 file:/etc/apt/apt-mirrors.txt Mirrorlist [144 B]
2026-10-08T19:36:37.1154074Z Get:2 http://azure.archive.ubuntu.com/ubuntu noble/universe amd64 fonts-ipafont-gothic all 00303-21ubuntu1 [3513 kB]
2026-10-08T19:36:37.3146734Z Get:3 http://azure.archive.ubuntu.com/ubuntu noble/main amd64 fonts-freefont-ttf all 20211204+svn4273-2 [5641 kB]
2026-10-08T19:36:37.5327007Z Get:4 http://azure.archive.ubuntu.com/ubuntu noble/universe amd64 fonts-tlwg-loma-otf all 1:0.7.3-1 [107 kB]
2026-10-08T19:36:37.6341513Z Get:5 http://azure.archive.ubuntu.com/ubuntu noble/universe amd64 fonts-unifont all 1:15.1.01-1build1 [2993 kB]
2026-10-08T19:36:38.2940247Z Get:6 http://azure.archive.ubuntu.com/ubuntu noble/universe amd64 fonts-wqy-zenhei all 0.9.45-8 [7472 kB]
2026-10-08T19:36:38.6243975Z Get:7 http://azure.archive.ubuntu.com/ubuntu noble-updates/main amd64 libfreetype6 amd64 2.13.2+dfsg-1ubuntu0.2 [403 kB]
2026-10-08T19:36:38.7287622Z Get:8 http://azure.archive.ubuntu.com/ubuntu noble/main amd64 xfonts-encodings all 1:1.0.5-0ubuntu2 [578 kB]
2026-10-08T19:36:38.8353092Z Get:9 http://azure.archive.ubuntu.com/ubuntu noble/main amd64 xfonts-utils amd64 1:7.7+6build3 [94.4 kB]
2026-10-08T19:36:38.9367373Z Get:10 http://azure.archive.ubuntu.com/ubuntu noble/universe amd64 xfonts-cyrillic all 1:1.0.5+nmu1 [384 kB]
2026-10-08T19:36:39.0411961Z Get:11 http://azure.archive.ubuntu.com/ubuntu noble/main amd64 xfonts-scalable all 1:1.0.3-1.3 [304 kB]
2026-10-08T19:36:39.2506186Z Fetched 21.5 MB in 2s (10.5 MB/s)
2026-10-08T19:36:39.3986160Z Selecting previously unselected package fonts-ipafont-gothic.
2026-10-08T19:36:39.4215924Z (Reading database ... 
2026-10-08T19:36:39.4216299Z (Reading database ... 5%
2026-10-08T19:36:39.4216692Z (Reading database ... 10%
2026-10-08T19:36:39.4217216Z (Reading database ... 15%
2026-10-08T19:36:39.4217588Z (Reading database ... 20%
2026-10-08T19:36:39.4217964Z (Reading database ... 25%
2026-10-08T19:36:39.4218327Z (Reading database ... 30%
2026-10-08T19:36:39.4218687Z (Reading database ... 35%
2026-10-08T19:36:39.4219059Z (Reading database ... 40%
2026-10-08T19:36:39.4219424Z (Reading database ... 45%
2026-10-08T19:36:39.4219781Z (Reading database ... 50%
2026-10-08T19:36:39.4258647Z (Reading database ... 55%
2026-10-08T19:36:39.4711642Z (Reading database ... 60%
2026-10-08T19:36:39.6119594Z (Reading database ... 65%
2026-10-08T19:36:39.6779731Z (Reading database ... 70%
2026-10-08T19:36:39.8994906Z (Reading database ... 75%
2026-10-08T19:36:40.1534609Z (Reading database ... 80%
2026-10-08T19:36:40.3936400Z (Reading database ... 85%
2026-10-08T19:36:40.8049152Z (Reading database ... 90%
2026-10-08T19:36:40.9405361Z (Reading database ... 95%
2026-10-08T19:36:40.9405681Z (Reading database ... 100%
2026-10-08T19:36:40.9406078Z (Reading database ... 203191 files and directories currently installed.)
2026-10-08T19:36:40.9445736Z Preparing to unpack .../0-fonts-ipafont-gothic_00303-21ubuntu1_all.deb ...
2026-10-08T19:36:40.9759177Z Unpacking fonts-ipafont-gothic (00303-21ubuntu1) ...
2026-10-08T19:36:41.2578997Z Selecting previously unselected package fonts-freefont-ttf.
2026-10-08T19:36:41.2688848Z Preparing to unpack .../1-fonts-freefont-ttf_20211204+svn4273-2_all.deb ...
2026-10-08T19:36:41.2693464Z Unpacking fonts-freefont-ttf (20211204+svn4273-2) ...
2026-10-08T19:36:41.6878909Z Selecting previously unselected package fonts-tlwg-loma-otf.
2026-10-08T19:36:41.6988457Z Preparing to unpack .../2-fonts-tlwg-loma-otf_1%3a0.7.3-1_all.deb ...
2026-10-08T19:36:41.7406630Z Unpacking fonts-tlwg-loma-otf (1:0.7.3-1) ...
2026-10-08T19:36:42.0193643Z Selecting previously unselected package fonts-unifont.
2026-10-08T19:36:42.0306284Z Preparing to unpack .../3-fonts-unifont_1%3a15.1.01-1build1_all.deb ...
2026-10-08T19:36:42.0321907Z Unpacking fonts-unifont (1:15.1.01-1build1) ...
2026-10-08T19:36:42.4396932Z Selecting previously unselected package fonts-wqy-zenhei.
2026-10-08T19:36:42.4508610Z Preparing to unpack .../4-fonts-wqy-zenhei_0.9.45-8_all.deb ...
2026-10-08T19:36:42.4596074Z Unpacking fonts-wqy-zenhei (0.9.45-8) ...
2026-10-08T19:36:42.9116988Z Preparing to unpack .../5-libfreetype6_2.13.2+dfsg-1ubuntu0.2_amd64.deb ...
2026-10-08T19:36:42.9142585Z Unpacking libfreetype6:amd64 (2.13.2+dfsg-1ubuntu0.2) over (2.13.2+dfsg-1ubuntu0.1) ...
2026-10-08T19:36:42.9354649Z Selecting previously unselected package xfonts-encodings.
2026-10-08T19:36:42.9460408Z Preparing to unpack .../6-xfonts-encodings_1%3a1.0.5-0ubuntu2_all.deb ...
2026-10-08T19:36:42.9464782Z Unpacking xfonts-encodings (1:1.0.5-0ubuntu2) ...
2026-10-08T19:36:42.9902879Z Selecting previously unselected package xfonts-utils.
2026-10-08T19:36:43.0009868Z Preparing to unpack .../7-xfonts-utils_1%3a7.7+6build3_amd64.deb ...
2026-10-08T19:36:43.0020623Z Unpacking xfonts-utils (1:7.7+6build3) ...
2026-10-08T19:36:43.0310559Z Selecting previously unselected package xfonts-cyrillic.
2026-10-08T19:36:43.0415150Z Preparing to unpack .../8-xfonts-cyrillic_1%3a1.0.5+nmu1_all.deb ...
2026-10-08T19:36:43.0420962Z Unpacking xfonts-cyrillic (1:1.0.5+nmu1) ...
2026-10-08T19:36:43.0873089Z Selecting previously unselected package xfonts-scalable.
2026-10-08T19:36:43.0981730Z Preparing to unpack .../9-xfonts-scalable_1%3a1.0.3-1.3_all.deb ...
2026-10-08T19:36:43.0989309Z Unpacking xfonts-scalable (1:1.0.3-1.3) ...
2026-10-08T19:36:43.1361540Z Setting up fonts-wqy-zenhei (0.9.45-8) ...
2026-10-08T19:36:43.2096282Z Setting up fonts-freefont-ttf (20211204+svn4273-2) ...
2026-10-08T19:36:43.2110631Z Setting up fonts-tlwg-loma-otf (1:0.7.3-1) ...
2026-10-08T19:36:43.2124825Z Setting up libfreetype6:amd64 (2.13.2+dfsg-1ubuntu0.2) ...
2026-10-08T19:36:43.2142055Z Setting up xfonts-encodings (1:1.0.5-0ubuntu2) ...
2026-10-08T19:36:43.2167023Z Setting up fonts-ipafont-gothic (00303-21ubuntu1) ...
2026-10-08T19:36:43.2223077Z update-alternatives: using /usr/share/fonts/opentype/ipafont-gothic/ipag.ttf to provide /usr/share/fonts/truetype/fonts-japanese-gothic.ttf (fonts-japanese-gothic.ttf) in auto mode
2026-10-08T19:36:43.2235806Z Setting up fonts-unifont (1:15.1.01-1build1) ...
2026-10-08T19:36:43.2251730Z Setting up xfonts-utils (1:7.7+6build3) ...
2026-10-08T19:36:43.2283181Z Setting up xfonts-cyrillic (1:1.0.5+nmu1) ...
2026-10-08T19:36:43.2518255Z Setting up xfonts-scalable (1:1.0.3-1.3) ...
2026-10-08T19:36:43.2772698Z Processing triggers for libc-bin (2.39-0ubuntu8.9) ...
2026-10-08T19:36:44.0360425Z Processing triggers for man-db (2.12.0-4build2) ...
2026-10-08T19:36:44.0383519Z Not building database; man-db/auto-update is not 'true'.
2026-10-08T19:36:44.0392345Z Processing triggers for fontconfig (2.15.0-1.1ubuntu2) ...
2026-10-08T19:36:45.9228691Z 
2026-10-08T19:36:45.9229379Z Running kernel seems to be up-to-date.
2026-10-08T19:36:45.9229706Z 
2026-10-08T19:36:45.9229857Z Restarting services...
2026-10-08T19:36:45.9298306Z  systemctl restart php8.3-fpm.service
2026-10-08T19:36:46.0249345Z 
2026-10-08T19:36:46.0249998Z No containers need to be restarted.
2026-10-08T19:36:46.0250257Z 
2026-10-08T19:36:46.0250457Z No user sessions are running outdated binaries.
2026-10-08T19:36:46.0250711Z 
2026-10-08T19:36:46.0251030Z No VM guests are running outdated hypervisor (qemu) binaries on this host.
2026-10-08T19:36:46.9289840Z Downloading Chrome for Testing 151.0.7922.34 (playwright chromium v1234) from https://cdn.playwright.dev/builds/cft/151.0.7922.34/linux64/chrome-linux64.zip
2026-10-08T19:36:47.8551060Z |                                                                                |   0% of 184.3 MiB
2026-10-08T19:36:48.0207964Z |■■■■■■■■                                                                        |  10% of 184.3 MiB
2026-10-08T19:36:48.1069875Z |■■■■■■■■■■■■■■■■                                                                |  20% of 184.3 MiB
2026-10-08T19:36:48.1752474Z |■■■■■■■■■■■■■■■■■■■■■■■■                                                        |  30% of 184.3 MiB
2026-10-08T19:36:48.2403995Z |■■■■■■■■■■■■■■■■■■■■■■■■■■■■■■■■                                                |  40% of 184.3 MiB
2026-10-08T19:36:48.3056469Z |■■■■■■■■■■■■■■■■■■■■■■■■■■■■■■■■■■■■■■■■                                        |  50% of 184.3 MiB
2026-10-08T19:36:48.3668278Z |■■■■■■■■■■■■■■■■■■■■■■■■■■■■■■■■■■■■■■■■■■■■■■■■                                |  60% of 184.3 MiB
2026-10-08T19:36:48.4452864Z |■■■■■■■■■■■■■■■■■■■■■■■■■■■■■■■■■■■■■■■■■■■■■■■■■■■■■■■■                        |  70% of 184.3 MiB
2026-10-08T19:36:48.5250602Z |■■■■■■■■■■■■■■■■■■■■■■■■■■■■■■■■■■■■■■■■■■■■■■■■■■■■■■■■■■■■■■■■                |  80% of 184.3 MiB
2026-10-08T19:36:48.5871039Z |■■■■■■■■■■■■■■■■■■■■■■■■■■■■■■■■■■■■■■■■■■■■■■■■■■■■■■■■■■■■■■■■■■■■■■■■        |  90% of 184.3 MiB
2026-10-08T19:36:48.6590897Z |■■■■■■■■■■■■■■■■■■■■■■■■■■■■■■■■■■■■■■■■■■■■■■■■■■■■■■■■■■■■■■■■■■■■■■■■■■■■■■■■| 100% of 184.3 MiB
2026-10-08T19:36:51.1777595Z Chrome for Testing 151.0.7922.34 (playwright chromium v1234) downloaded to /home/runner/.cache/ms-playwright/chromium-1234
2026-10-08T19:36:51.1779746Z Downloading FFmpeg (playwright ffmpeg v1011) from https://cdn.playwright.dev/dbazure/download/playwright/builds/ffmpeg/1011/ffmpeg-linux.zip
2026-10-08T19:36:52.0944979Z |                                                                                |   0% of 2.3 MiB
2026-10-08T19:36:52.0995104Z |■■■■■■■■                                                                        |  10% of 2.3 MiB
2026-10-08T19:36:52.1036988Z |■■■■■■■■■■■■■■■■                                                                |  20% of 2.3 MiB
2026-10-08T19:36:52.1064045Z |■■■■■■■■■■■■■■■■■■■■■■■■                                                        |  30% of 2.3 MiB
2026-10-08T19:36:52.1092880Z |■■■■■■■■■■■■■■■■■■■■■■■■■■■■■■■■                                                |  40% of 2.3 MiB
2026-10-08T19:36:52.1114711Z |■■■■■■■■■■■■■■■■■■■■■■■■■■■■■■■■■■■■■■■■                                        |  50% of 2.3 MiB
2026-10-08T19:36:52.1129289Z |■■■■■■■■■■■■■■■■■■■■■■■■■■■■■■■■■■■■■■■■■■■■■■■■                                |  60% of 2.3 MiB
2026-10-08T19:36:52.1158827Z |■■■■■■■■■■■■■■■■■■■■■■■■■■■■■■■■■■■■■■■■■■■■■■■■■■■■■■■■                        |  70% of 2.3 MiB
2026-10-08T19:36:52.1173395Z |■■■■■■■■■■■■■■■■■■■■■■■■■■■■■■■■■■■■■■■■■■■■■■■■■■■■■■■■■■■■■■■■                |  80% of 2.3 MiB
2026-10-08T19:36:52.1188589Z |■■■■■■■■■■■■■■■■■■■■■■■■■■■■■■■■■■■■■■■■■■■■■■■■■■■■■■■■■■■■■■■■■■■■■■■■        |  90% of 2.3 MiB
2026-10-08T19:36:52.1201648Z |■■■■■■■■■■■■■■■■■■■■■■■■■■■■■■■■■■■■■■■■■■■■■■■■■■■■■■■■■■■■■■■■■■■■■■■■■■■■■■■■| 100% of 2.3 MiB
2026-10-08T19:36:52.1729191Z FFmpeg (playwright ffmpeg v1011) downloaded to /home/runner/.cache/ms-playwright/ffmpeg-1011
2026-10-08T19:36:52.1732111Z Downloading Chrome Headless Shell 151.0.7922.34 (playwright chromium-headless-shell v1234) from https://cdn.playwright.dev/builds/cft/151.0.7922.34/linux64/chrome-headless-shell-linux64.zip
2026-10-08T19:36:53.1054951Z |                                                                                |   0% of 114.7 MiB
2026-10-08T19:36:53.2148925Z |■■■■■■■■                                                                        |  10% of 114.7 MiB
2026-10-08T19:36:53.2719828Z |■■■■■■■■■■■■■■■■                                                                |  20% of 114.7 MiB
2026-10-08T19:36:53.3146050Z |■■■■■■■■■■■■■■■■■■■■■■■■                                                        |  30% of 114.7 MiB
2026-10-08T19:36:53.3530953Z |■■■■■■■■■■■■■■■■■■■■■■■■■■■■■■■■                                                |  40% of 114.7 MiB
2026-10-08T19:36:53.3951790Z |■■■■■■■■■■■■■■■■■■■■■■■■■■■■■■■■■■■■■■■■                                        |  50% of 114.7 MiB
2026-10-08T19:36:53.4360085Z |■■■■■■■■■■■■■■■■■■■■■■■■■■■■■■■■■■■■■■■■■■■■■■■■                                |  60% of 114.7 MiB
2026-10-08T19:36:53.4735199Z |■■■■■■■■■■■■■■■■■■■■■■■■■■■■■■■■■■■■■■■■■■■■■■■■■■■■■■■■                        |  70% of 114.7 MiB
2026-10-08T19:36:53.5135371Z |■■■■■■■■■■■■■■■■■■■■■■■■■■■■■■■■■■■■■■■■■■■■■■■■■■■■■■■■■■■■■■■■                |  80% of 114.7 MiB
2026-10-08T19:36:53.5528548Z |■■■■■■■■■■■■■■■■■■■■■■■■■■■■■■■■■■■■■■■■■■■■■■■■■■■■■■■■■■■■■■■■■■■■■■■■        |  90% of 114.7 MiB
2026-10-08T19:36:53.5888550Z |■■■■■■■■■■■■■■■■■■■■■■■■■■■■■■■■■■■■■■■■■■■■■■■■■■■■■■■■■■■■■■■■■■■■■■■■■■■■■■■■| 100% of 114.7 MiB
2026-10-08T19:36:55.3394507Z Chrome Headless Shell 151.0.7922.34 (playwright chromium-headless-shell v1234) downloaded to /home/runner/.cache/ms-playwright/chromium_headless_shell-1234
2026-10-08T19:36:55.3565037Z ##[group]Run npm run test:browser
2026-10-08T19:36:55.3565317Z [36;1mnpm run test:browser[0m
2026-10-08T19:36:55.3622172Z shell: /usr/bin/bash -e {0}
2026-10-08T19:36:55.3622391Z ##[endgroup]
2026-10-08T19:36:55.4546897Z 
2026-10-08T19:36:55.4547683Z > uma-sim-ui@0.1.0 test:browser
2026-10-08T19:36:55.4548410Z > node tests/receiving/uma-lab-receiver.mjs dist test-results/career-lab
2026-10-08T19:36:55.4548824Z 
2026-10-08T19:36:58.1466712Z PASS successful comparison actual markdown and JSON downloads
2026-10-08T19:36:58.7879881Z PASS changed selection cannot retarget displayed comparison downloads
2026-10-08T19:36:59.2971763Z PASS failed new comparison keeps prior result and downloads coherent
2026-10-08T19:36:59.7166556Z PASS delete displayed branch after selection changes invalidates result
2026-10-08T19:37:00.2025833Z PASS delete unrelated pending branch preserves successful comparison
2026-10-08T19:37:00.5451760Z PASS deleting selected compared branch requires replacement selection
2026-10-08T19:37:00.9669843Z PASS failed branch deletion preserves valid comparison and selected row
2026-10-08T19:37:01.3165820Z PASS confirmed deletion invalidates result when branch list refresh fails
2026-10-08T19:37:02.1927768Z PASS in flight comparison cannot overwrite newer keyboard selections
2026-10-08T19:37:03.5405314Z PASS report query encoding preserves branch identity
2026-10-08T19:37:03.8527721Z PASS invalid override malformed nonblank line blocks branch mutation
2026-10-08T19:37:04.1494397Z PASS invalid override missing turn blocks branch mutation
2026-10-08T19:37:04.4462502Z PASS invalid override fractional turn blocks branch mutation
2026-10-08T19:37:04.7509649Z PASS invalid override negative turn blocks branch mutation
2026-10-08T19:37:05.0502004Z PASS invalid override unsafe integer turn blocks branch mutation
2026-10-08T19:37:05.3493201Z PASS invalid override missing action blocks branch mutation
2026-10-08T19:37:05.6501073Z PASS invalid override conflicting duplicate turn blocks branch mutation
2026-10-08T19:37:05.9494045Z PASS invalid max actions empty blocks branch mutation
2026-10-08T19:37:06.2502155Z PASS invalid max actions 0 blocks branch mutation
2026-10-08T19:37:06.5492043Z PASS invalid max actions 501 blocks branch mutation
2026-10-08T19:37:06.8483893Z PASS invalid max actions 1.5 blocks branch mutation
2026-10-08T19:37:07.0519458Z PASS valid turn zero whitespace blank lines and colon action are transmitted exactly
2026-10-08T19:37:07.2511871Z PASS valid upper action budget and empty overrides are transmitted exactly
2026-10-08T19:37:07.2760118Z {"passed":23,"failed":0,"receipt":"/home/runner/work/uma-sim/uma-sim/packages/uma-sim-ui/test-results/career-lab/receiver-results.json"}
2026-10-08T19:37:07.2945088Z ##[group]Run npm run test:trace
2026-10-08T19:37:07.2945345Z [36;1mnpm run test:trace[0m
2026-10-08T19:37:07.3001153Z shell: /usr/bin/bash -e {0}
2026-10-08T19:37:07.3001380Z ##[endgroup]
2026-10-08T19:37:07.3885890Z 
2026-10-08T19:37:07.3886446Z > uma-sim-ui@0.1.0 test:trace
2026-10-08T19:37:07.3887285Z > node tests/receiving/uma-trace-receiver.mjs dist test-results/trace
2026-10-08T19:37:07.3887694Z 
2026-10-08T19:37:07.9423923Z PASS saved branch rows expose trace inspection in the actual application
2026-10-08T19:37:08.4854693Z PASS trace preserves authored overrides per-step mixed flags and exact full JSON
2026-10-08T19:37:08.8166152Z PASS loading B never relabels or exports the old A trace as B
2026-10-08T19:37:09.1330742Z PASS late A response cannot replace the newer B trace
2026-10-08T19:37:09.4520662Z PASS late A failure cannot overwrite the newer B trace with an obsolete error
2026-10-08T19:37:09.7150113Z PASS closing inspector prevents a late response from reopening it
2026-10-08T19:37:09.9855895Z PASS closing inspector prevents a late error from reopening it
2026-10-08T19:37:10.3493197Z PASS unmounted trace read cannot affect a newly opened lab view
2026-10-08T19:37:10.6841817Z PASS retry requests the failed branch and keeps its error identity explicit
2026-10-08T19:37:10.8944206Z PASS wrong branch identity response is rejected without a wrong trace export
2026-10-08T19:37:11.1093827Z PASS missing trace configuration fails visibly without crashing the application
2026-10-08T19:37:11.7240417Z PASS reserved branch ID is retrieved unchanged and exported intact
2026-10-08T19:37:12.0187431Z PASS confirmed deletion invalidates the currently loaded trace
2026-10-08T19:37:12.2811342Z PASS confirmed deletion prevents a pending trace response from reopening the inspector
2026-10-08T19:37:12.5993578Z PASS failed deletion preserves the valid loaded trace
2026-10-08T19:37:12.6231599Z {"passed":15,"failed":0,"dependentCasesNotRun":0,"receipt":"/home/runner/work/uma-sim/uma-sim/packages/uma-sim-ui/test-results/trace/trace-receiver-results.json"}
2026-10-08T19:37:12.6446537Z ##[group]Run actions/upload-artifact@043fb46d1a93c77aae656e7c1c64a875d1fc6a0a
2026-10-08T19:37:12.6446872Z with:
2026-10-08T19:37:12.6447225Z   name: uma-sim-ui-dist
2026-10-08T19:37:12.6447447Z   path: packages/uma-sim-ui/dist
2026-10-08T19:37:12.6447664Z   if-no-files-found: warn
2026-10-08T19:37:12.6447866Z   compression-level: 6
2026-10-08T19:37:12.6448052Z   overwrite: false
2026-10-08T19:37:12.6448235Z   include-hidden-files: false
2026-10-08T19:37:12.6448435Z   archive: true
2026-10-08T19:37:12.6448606Z ##[endgroup]
2026-10-08T19:37:12.7570770Z With the provided path, there will be 3 files uploaded
2026-10-08T19:37:12.7573574Z Artifact name is valid!
2026-10-08T19:37:12.7574347Z Root directory input is valid!
2026-10-08T19:37:12.9693594Z Uploading artifact: uma-sim-ui-dist.zip
2026-10-08T19:37:12.9725570Z Beginning upload of artifact content to blob storage
2026-10-08T19:37:13.0356005Z Uploaded bytes 69830
2026-10-08T19:37:13.0464209Z Finished uploading artifact content to blob storage!
2026-10-08T19:37:13.0464832Z SHA256 digest of uploaded artifact is 8081f16f17831b8f254fc88f849d8cf286a7bebb07ae40acc5f30777e7720ae5
2026-10-08T19:37:13.0465408Z Finalizing artifact upload
2026-10-08T19:37:13.3209164Z Artifact uma-sim-ui-dist successfully finalized. Artifact ID 11574730861
2026-10-08T19:37:13.3210239Z Artifact uma-sim-ui-dist has been successfully uploaded! Final size is 69830 bytes. Artifact ID is 11574730861
2026-10-08T19:37:13.3211027Z Artifact download URL: https://github.com/Jacob-Met/uma-sim/actions/runs/37833173081/artifacts/11574730861
2026-10-08T19:37:13.3354740Z Post job cleanup.
2026-10-08T19:37:13.4254225Z Cache hit occurred on the primary key node-cache-Linux-x64-npm-d126bd84e0d55a2c82da49d64988d5fd8dbe3e76b810128f4478a4c36cb5c633, not saving cache.
2026-10-08T19:37:13.4359005Z Post job cleanup.
2026-10-08T19:37:13.5021208Z [command]/usr/bin/git version
2026-10-08T19:37:13.5062760Z git version 2.55.0
2026-10-08T19:37:13.5089349Z Temporarily overriding HOME='/home/runner/work/_temp/78460c90-1276-4882-aa4d-c5f799659f8e' before making global git config changes
2026-10-08T19:37:13.5090545Z Adding repository directory to the temporary git global config as a safe directory
2026-10-08T19:37:13.5093266Z [command]/usr/bin/git config --global --add safe.directory /home/runner/work/uma-sim/uma-sim
2026-10-08T19:37:13.5119610Z Removing SSH command configuration
2026-10-08T19:37:13.5124844Z [command]/usr/bin/git config --local --name-only --get-regexp core\.sshCommand
2026-10-08T19:37:13.5153438Z [command]/usr/bin/git submodule foreach --recursive sh -c "git config --local --name-only --get-regexp 'core\.sshCommand' && git config --local --unset-all 'core.sshCommand' || :"
2026-10-08T19:37:13.5365397Z Removing HTTP extra header
2026-10-08T19:37:13.5370512Z [command]/usr/bin/git config --local --name-only --get-regexp http\.https\:\/\/github\.com\/\.extraheader
2026-10-08T19:37:13.5401952Z [command]/usr/bin/git submodule foreach --recursive sh -c "git config --local --name-only --get-regexp 'http\.https\:\/\/github\.com\/\.extraheader' && git config --local --unset-all 'http.https://github.com/.extraheader' || :"
2026-10-08T19:37:13.5616587Z Removing includeIf entries pointing to credentials config files
2026-10-08T19:37:13.5621790Z [command]/usr/bin/git config --local --name-only --get-regexp ^includeIf\.gitdir:
2026-10-08T19:37:13.5647171Z includeif.gitdir:/home/runner/work/uma-sim/uma-sim/.git.path
2026-10-08T19:37:13.5648081Z includeif.gitdir:/home/runner/work/uma-sim/uma-sim/.git/worktrees/*.path
2026-10-08T19:37:13.5648867Z includeif.gitdir:/github/workspace/.git.path
2026-10-08T19:37:13.5649675Z includeif.gitdir:/github/workspace/.git/worktrees/*.path
2026-10-08T19:37:13.5655129Z [command]/usr/bin/git config --local --get-all includeif.gitdir:/home/runner/work/uma-sim/uma-sim/.git.path
2026-10-08T19:37:13.5677790Z /home/runner/work/_temp/git-credentials-fa45d9d4-654a-4183-af98-8f3661168275.config
2026-10-08T19:37:13.5686460Z [command]/usr/bin/git config --local --unset includeif.gitdir:/home/runner/work/uma-sim/uma-sim/.git.path \/home\/runner\/work\/_temp\/git\-credentials\-fa45d9d4\-654a\-4183\-af98\-8f3661168275\.config
2026-10-08T19:37:13.5720746Z [command]/usr/bin/git config --local --get-all includeif.gitdir:/home/runner/work/uma-sim/uma-sim/.git/worktrees/*.path
2026-10-08T19:37:13.5744303Z /home/runner/work/_temp/git-credentials-fa45d9d4-654a-4183-af98-8f3661168275.config
2026-10-08T19:37:13.5760458Z [command]/usr/bin/git config --local --unset includeif.gitdir:/home/runner/work/uma-sim/uma-sim/.git/worktrees/*.path \/home\/runner\/work\/_temp\/git\-credentials\-fa45d9d4\-654a\-4183\-af98\-8f3661168275\.config
2026-10-08T19:37:13.5798740Z [command]/usr/bin/git config --local --get-all includeif.gitdir:/github/workspace/.git.path
2026-10-08T19:37:13.5822989Z /github/runner_temp/git-credentials-fa45d9d4-654a-4183-af98-8f3661168275.config
2026-10-08T19:37:13.5827571Z [command]/usr/bin/git config --local --unset includeif.gitdir:/github/workspace/.git.path \/github\/runner_temp\/git\-credentials\-fa45d9d4\-654a\-4183\-af98\-8f3661168275\.config
2026-10-08T19:37:13.5858866Z [command]/usr/bin/git config --local --get-all includeif.gitdir:/github/workspace/.git/worktrees/*.path
2026-10-08T19:37:13.5881500Z /github/runner_temp/git-credentials-fa45d9d4-654a-4183-af98-8f3661168275.config
2026-10-08T19:37:13.5887392Z [command]/usr/bin/git config --local --unset includeif.gitdir:/github/workspace/.git/worktrees/*.path \/github\/runner_temp\/git\-credentials\-fa45d9d4\-654a\-4183\-af98\-8f3661168275\.config
2026-10-08T19:37:13.5919494Z [command]/usr/bin/git submodule foreach --recursive git config --local --show-origin --name-only --get-regexp remote.origin.url
2026-10-08T19:37:13.6108521Z Removing credentials config '/home/runner/work/_temp/git-credentials-fa45d9d4-654a-4183-af98-8f3661168275.config'
2026-10-08T19:37:13.6229761Z Cleaning up orphan processes
