2026-10-08T19:19:09.9362696Z Current runner version: '2.337.0'
2026-10-08T19:19:09.9385231Z ##[group]Runner Image Provisioner
2026-10-08T19:19:09.9386094Z Hosted Compute Agent
2026-10-08T19:19:09.9386639Z Version: 20261002.596
2026-10-08T19:19:09.9387258Z Commit: c3d12f3313a95f25162a1503be624f3b0617f8c0
2026-10-08T19:19:09.9387942Z Build Date: 2026-10-02T22:28:27Z
2026-10-08T19:19:09.9388578Z Worker ID: {60ccadc4-a1c0-4e68-9bcd-81ffef7359f8}
2026-10-08T19:19:09.9389298Z Region: centralus
2026-10-08T19:19:09.9389816Z Cloud: Azure
2026-10-08T19:19:09.9390384Z ##[endgroup]
2026-10-08T19:19:09.9392311Z ##[group]Operating System
2026-10-08T19:19:09.9392918Z Ubuntu
2026-10-08T19:19:09.9393462Z 24.04.5
2026-10-08T19:19:09.9393933Z LTS
2026-10-08T19:19:09.9394417Z ##[endgroup]
2026-10-08T19:19:09.9394967Z ##[group]Runner Image
2026-10-08T19:19:09.9395528Z Image: ubuntu-24.04
2026-10-08T19:19:09.9396115Z Version: 20261004.327.1
2026-10-08T19:19:09.9397262Z Included Software: https://github.com/actions/runner-images/blob/ubuntu24/20261004.327/images/ubuntu/Ubuntu2404-Readme.md
2026-10-08T19:19:09.9398700Z Image Release: https://github.com/actions/runner-images/releases/tag/ubuntu24%2F20261004.327
2026-10-08T19:19:09.9399616Z ##[endgroup]
2026-10-08T19:19:09.9400629Z ##[group]GITHUB_TOKEN Permissions
2026-10-08T19:19:09.9402832Z Contents: read
2026-10-08T19:19:09.9403433Z Metadata: read
2026-10-08T19:19:09.9403948Z ##[endgroup]
2026-10-08T19:19:09.9406239Z Secret source: Actions
2026-10-08T19:19:09.9407147Z Cache mode: write
2026-10-08T19:19:09.9407911Z Prepare workflow directory
2026-10-08T19:19:09.9772381Z Prepare all required actions
2026-10-08T19:19:09.9817866Z Getting action download info
2026-10-08T19:19:10.2458463Z Download action repository 'actions/checkout@3d3c42e5aac5ba805825da76410c181273ba90b1' (SHA:3d3c42e5aac5ba805825da76410c181273ba90b1)
2026-10-08T19:19:10.3315556Z Download action repository 'actions/setup-node@820762786026740c76f36085b0efc47a31fe5020' (SHA:820762786026740c76f36085b0efc47a31fe5020)
2026-10-08T19:19:10.3959135Z Download action repository 'actions/upload-artifact@043fb46d1a93c77aae656e7c1c64a875d1fc6a0a' (SHA:043fb46d1a93c77aae656e7c1c64a875d1fc6a0a)
2026-10-08T19:19:10.5517933Z Complete job name: ui
2026-10-08T19:19:10.6292720Z ##[group]Run actions/checkout@3d3c42e5aac5ba805825da76410c181273ba90b1
2026-10-08T19:19:10.6293646Z with:
2026-10-08T19:19:10.6294044Z   repository: Jacob-Met/uma-sim
2026-10-08T19:19:10.6297409Z   token: ***
2026-10-08T19:19:10.6297781Z   ssh-strict: true
2026-10-08T19:19:10.6298167Z   ssh-user: git
2026-10-08T19:19:10.6298569Z   persist-credentials: true
2026-10-08T19:19:10.6298999Z   clean: true
2026-10-08T19:19:10.6299422Z   sparse-checkout-cone-mode: true
2026-10-08T19:19:10.6299903Z   fetch-depth: 1
2026-10-08T19:19:10.6300278Z   fetch-tags: false
2026-10-08T19:19:10.6300669Z   show-progress: true
2026-10-08T19:19:10.6301061Z   lfs: false
2026-10-08T19:19:10.6301442Z   submodules: false
2026-10-08T19:19:10.6301975Z   set-safe-directory: true
2026-10-08T19:19:10.6302436Z   allow-unsafe-pr-checkout: false
2026-10-08T19:19:10.6303154Z ##[endgroup]
2026-10-08T19:19:10.7260882Z Syncing repository: Jacob-Met/uma-sim
2026-10-08T19:19:10.7264060Z ##[group]Getting Git version info
2026-10-08T19:19:10.7265476Z Working directory is '/home/runner/work/uma-sim/uma-sim'
2026-10-08T19:19:10.7267241Z [command]/usr/bin/git version
2026-10-08T19:19:10.7299974Z git version 2.55.0
2026-10-08T19:19:10.7319547Z ##[endgroup]
2026-10-08T19:19:10.7329264Z Temporarily overriding HOME='/home/runner/work/_temp/51c9a0bc-3bca-452d-920c-5e1e7664c1f2' before making global git config changes
2026-10-08T19:19:10.7331772Z Adding repository directory to the temporary git global config as a safe directory
2026-10-08T19:19:10.7336204Z [command]/usr/bin/git config --global --add safe.directory /home/runner/work/uma-sim/uma-sim
2026-10-08T19:19:10.7381419Z Deleting the contents of '/home/runner/work/uma-sim/uma-sim'
2026-10-08T19:19:10.7385001Z ##[group]Determining repository object format
2026-10-08T19:19:10.7386531Z ##[endgroup]
2026-10-08T19:19:10.7388040Z ##[group]Initializing the repository
2026-10-08T19:19:10.7391245Z [command]/usr/bin/git init /home/runner/work/uma-sim/uma-sim
2026-10-08T19:19:10.7482000Z hint: Using 'master' as the name for the initial branch. This default branch name
2026-10-08T19:19:10.7483083Z hint: will change to "main" in Git 3.0. To configure the initial branch name
2026-10-08T19:19:10.7484567Z hint: to use in all of your new repositories, which will suppress this warning,
2026-10-08T19:19:10.7485652Z hint: call:
2026-10-08T19:19:10.7486296Z hint:
2026-10-08T19:19:10.7487130Z hint: 	git config --global init.defaultBranch <name>
2026-10-08T19:19:10.7488114Z hint:
2026-10-08T19:19:10.7489013Z hint: Names commonly chosen instead of 'master' are 'main', 'trunk' and
2026-10-08T19:19:10.7490566Z hint: 'development'. The just-created branch can be renamed via this command:
2026-10-08T19:19:10.7492077Z hint:
2026-10-08T19:19:10.7492759Z hint: 	git branch -m <name>
2026-10-08T19:19:10.7493481Z hint:
2026-10-08T19:19:10.7494721Z hint: Disable this message with "git config set advice.defaultBranchName false"
2026-10-08T19:19:10.7496462Z Initialized empty Git repository in /home/runner/work/uma-sim/uma-sim/.git/
2026-10-08T19:19:10.7499078Z [command]/usr/bin/git remote add origin https://github.com/Jacob-Met/uma-sim
2026-10-08T19:19:10.7536362Z ##[endgroup]
2026-10-08T19:19:10.7537674Z ##[group]Disabling automatic garbage collection
2026-10-08T19:19:10.7540343Z [command]/usr/bin/git config --local gc.auto 0
2026-10-08T19:19:10.7565529Z ##[endgroup]
2026-10-08T19:19:10.7566901Z ##[group]Setting up auth
2026-10-08T19:19:10.7567821Z Removing SSH command configuration
2026-10-08T19:19:10.7572651Z [command]/usr/bin/git config --local --name-only --get-regexp core\.sshCommand
2026-10-08T19:19:10.7600163Z [command]/usr/bin/git submodule foreach --recursive sh -c "git config --local --name-only --get-regexp 'core\.sshCommand' && git config --local --unset-all 'core.sshCommand' || :"
2026-10-08T19:19:10.7898043Z Removing HTTP extra header
2026-10-08T19:19:10.7904935Z [command]/usr/bin/git config --local --name-only --get-regexp http\.https\:\/\/github\.com\/\.extraheader
2026-10-08T19:19:10.7934824Z [command]/usr/bin/git submodule foreach --recursive sh -c "git config --local --name-only --get-regexp 'http\.https\:\/\/github\.com\/\.extraheader' && git config --local --unset-all 'http.https://github.com/.extraheader' || :"
2026-10-08T19:19:10.8109982Z Removing includeIf entries pointing to credentials config files
2026-10-08T19:19:10.8115360Z [command]/usr/bin/git config --local --name-only --get-regexp ^includeIf\.gitdir:
2026-10-08T19:19:10.8148728Z [command]/usr/bin/git submodule foreach --recursive git config --local --show-origin --name-only --get-regexp remote.origin.url
2026-10-08T19:19:10.8316712Z [command]/usr/bin/git config --file /home/runner/work/_temp/git-credentials-27d01ade-3403-41ed-99f8-df6bfcc04d7e.config http.https://github.com/.extraheader AUTHORIZATION: basic ***
2026-10-08T19:19:10.8347846Z [command]/usr/bin/git config --local includeIf.gitdir:/home/runner/work/uma-sim/uma-sim/.git.path /home/runner/work/_temp/git-credentials-27d01ade-3403-41ed-99f8-df6bfcc04d7e.config
2026-10-08T19:19:10.8375243Z [command]/usr/bin/git config --local includeIf.gitdir:/home/runner/work/uma-sim/uma-sim/.git/worktrees/*.path /home/runner/work/_temp/git-credentials-27d01ade-3403-41ed-99f8-df6bfcc04d7e.config
2026-10-08T19:19:10.8404604Z [command]/usr/bin/git config --local includeIf.gitdir:/github/workspace/.git.path /github/runner_temp/git-credentials-27d01ade-3403-41ed-99f8-df6bfcc04d7e.config
2026-10-08T19:19:10.8430385Z [command]/usr/bin/git config --local includeIf.gitdir:/github/workspace/.git/worktrees/*.path /github/runner_temp/git-credentials-27d01ade-3403-41ed-99f8-df6bfcc04d7e.config
2026-10-08T19:19:10.8452307Z ##[endgroup]
2026-10-08T19:19:10.8453206Z ##[group]Fetching the repository
2026-10-08T19:19:10.8457750Z [command]/usr/bin/git -c protocol.version=2 fetch --no-tags --prune --no-recurse-submodules --depth=1 origin +d6b747d37b01dcc41d63fc82120a99eb0a8d119f:refs/remotes/pull/114/merge
2026-10-08T19:19:11.9908888Z From https://github.com/Jacob-Met/uma-sim
2026-10-08T19:19:11.9910986Z  * [new ref]         d6b747d37b01dcc41d63fc82120a99eb0a8d119f -> pull/114/merge
2026-10-08T19:19:11.9916408Z ##[endgroup]
2026-10-08T19:19:11.9917647Z ##[group]Determining the checkout info
2026-10-08T19:19:11.9918977Z ##[endgroup]
2026-10-08T19:19:11.9922068Z [command]/usr/bin/git sparse-checkout disable
2026-10-08T19:19:11.9973811Z [command]/usr/bin/git config --local --unset-all extensions.worktreeConfig
2026-10-08T19:19:11.9998975Z ##[group]Checking out the ref
2026-10-08T19:19:12.0003934Z [command]/usr/bin/git checkout --progress --force refs/remotes/pull/114/merge
2026-10-08T19:19:12.1287226Z Note: switching to 'refs/remotes/pull/114/merge'.
2026-10-08T19:19:12.1288322Z 
2026-10-08T19:19:12.1289049Z You are in 'detached HEAD' state. You can look around, make experimental
2026-10-08T19:19:12.1290729Z changes and commit them, and you can discard any commits you make in this
2026-10-08T19:19:12.1293043Z state without impacting any branches by switching back to a branch.
2026-10-08T19:19:12.1294593Z 
2026-10-08T19:19:12.1295479Z If you want to create a new branch to retain commits you create, you may
2026-10-08T19:19:12.1297129Z do so (now or later) by using -c with the switch command. Example:
2026-10-08T19:19:12.1298282Z 
2026-10-08T19:19:12.1298990Z   git switch -c <new-branch-name>
2026-10-08T19:19:12.1300076Z 
2026-10-08T19:19:12.1300829Z Or undo this operation with:
2026-10-08T19:19:12.1301594Z 
2026-10-08T19:19:12.1302056Z   git switch -
2026-10-08T19:19:12.1302571Z 
2026-10-08T19:19:12.1303551Z Turn off this advice by setting config variable advice.detachedHead to false
2026-10-08T19:19:12.1304657Z 
2026-10-08T19:19:12.1306030Z HEAD is now at d6b747d Merge 618ad8f9702a39d23965e0ff68065822629bb9ba into 8d74413d7dbc3caf1745779c92d56b6eb7feea42
2026-10-08T19:19:12.1309962Z ##[endgroup]
2026-10-08T19:19:12.1340463Z [command]/usr/bin/git log -1 --format=%H
2026-10-08T19:19:12.1361902Z d6b747d37b01dcc41d63fc82120a99eb0a8d119f
2026-10-08T19:19:12.1700455Z ##[group]Run actions/setup-node@820762786026740c76f36085b0efc47a31fe5020
2026-10-08T19:19:12.1702122Z with:
2026-10-08T19:19:12.1703008Z   node-version: 20
2026-10-08T19:19:12.1703927Z   cache: npm
2026-10-08T19:19:12.1705107Z   cache-dependency-path: packages/uma-sim-ui/package-lock.json
2026-10-08T19:19:12.1706482Z   check-latest: false
2026-10-08T19:19:12.1714168Z   token: ***
2026-10-08T19:19:12.1715118Z   package-manager-cache: true
2026-10-08T19:19:12.1716168Z ##[endgroup]
2026-10-08T19:19:12.2953083Z Attempting to download 20...
2026-10-08T19:19:13.1259236Z Acquiring 20.20.2 - x64 from https://github.com/actions/node-versions/releases/download/20.20.2-23521894959/node-20.20.2-linux-x64.tar.gz
2026-10-08T19:19:13.6147602Z Extracting ...
2026-10-08T19:19:13.6266319Z [command]/usr/bin/tar xz --strip 1 --warning=no-unknown-keyword --overwrite -C /home/runner/work/_temp/e1706569-d422-4e8d-887b-cb70d7dd7e3e -f /home/runner/work/_temp/91b6ae80-892d-4400-adda-e42aa4d5b2da
2026-10-08T19:19:14.5765342Z Adding to the cache ...
2026-10-08T19:19:15.6915418Z ##[group]Environment details
2026-10-08T19:19:15.9075169Z node: v20.20.2
2026-10-08T19:19:15.9075638Z npm: 10.8.2
2026-10-08T19:19:15.9075981Z yarn: 1.22.22
2026-10-08T19:19:15.9076666Z ##[endgroup]
2026-10-08T19:19:15.9093438Z [command]/opt/hostedtoolcache/node/20.20.2/x64/bin/npm config get cache
2026-10-08T19:19:16.0024076Z /home/runner/.npm
2026-10-08T19:19:16.1613123Z Cache hit for: node-cache-Linux-x64-npm-d126bd84e0d55a2c82da49d64988d5fd8dbe3e76b810128f4478a4c36cb5c633
2026-10-08T19:19:17.0456898Z Received 20443895 of 20443895 (100.0%), 26.9 MBs/sec
2026-10-08T19:19:17.0457542Z Cache Size: ~19 MB (20443895 B)
2026-10-08T19:19:17.0486700Z [command]/usr/bin/tar -xf /home/runner/work/_temp/92df1c5e-2a79-49af-a1fa-98ae2d496fb2/cache.tzst -P -C /home/runner/work/uma-sim/uma-sim --use-compress-program unzstd
2026-10-08T19:19:17.0848594Z Cache restored successfully
2026-10-08T19:19:17.0860805Z Cache restored from key: node-cache-Linux-x64-npm-d126bd84e0d55a2c82da49d64988d5fd8dbe3e76b810128f4478a4c36cb5c633
2026-10-08T19:19:17.1004013Z ##[group]Run npm ci
2026-10-08T19:19:17.1004348Z [36;1mnpm ci[0m
2026-10-08T19:19:17.1162110Z shell: /usr/bin/bash -e {0}
2026-10-08T19:19:17.1162440Z ##[endgroup]
2026-10-08T19:19:18.6380426Z 
2026-10-08T19:19:18.6389818Z added 70 packages, and audited 71 packages in 1s
2026-10-08T19:19:18.6390404Z 
2026-10-08T19:19:18.6390748Z 7 packages are looking for funding
2026-10-08T19:19:18.6391315Z   run `npm fund` for details
2026-10-08T19:19:18.6469937Z 
2026-10-08T19:19:18.6470823Z 3 vulnerabilities (1 moderate, 2 high)
2026-10-08T19:19:18.6471709Z 
2026-10-08T19:19:18.6472395Z To address issues that do not require attention, run:
2026-10-08T19:19:18.6473195Z   npm audit fix
2026-10-08T19:19:18.6473655Z 
2026-10-08T19:19:18.6474333Z To address all issues (including breaking changes), run:
2026-10-08T19:19:18.6474974Z   npm audit fix --force
2026-10-08T19:19:18.6475289Z 
2026-10-08T19:19:18.6475504Z Run `npm audit` for details.
2026-10-08T19:19:18.6610381Z ##[group]Run npm test
2026-10-08T19:19:18.6610659Z [36;1mnpm test[0m
2026-10-08T19:19:18.6650629Z shell: /usr/bin/bash -e {0}
2026-10-08T19:19:18.6650929Z ##[endgroup]
2026-10-08T19:19:18.7677649Z 
2026-10-08T19:19:18.7678163Z > uma-sim-ui@0.1.0 test
2026-10-08T19:19:18.7679687Z > node --test tests/branch-input.test.mjs tests/branch-trace-panel.test.mjs test/log-view.test.mjs test/log-export.test.mjs test/skills-view.test.mjs tests/race-results.test.mjs test/conditions-view.test.mjs tests/checkpoint-json.test.mjs
2026-10-08T19:19:18.7680630Z 
2026-10-08T19:19:18.8179023Z TAP version 13
2026-10-08T19:19:19.6023363Z # Subtest: an empty collection is reported separately from absent or malformed data
2026-10-08T19:19:19.6029592Z ok 1 - an empty collection is reported separately from absent or malformed data
2026-10-08T19:19:19.6062312Z   ---
2026-10-08T19:19:19.6071772Z   duration_ms: 1.603022
2026-10-08T19:19:19.6072648Z   ...
2026-10-08T19:19:19.6075940Z # Subtest: injury matching follows the native exact injured or injury-substring predicate
2026-10-08T19:19:19.6077360Z ok 2 - injury matching follows the native exact injured or injury-substring predicate
2026-10-08T19:19:19.6078324Z   ---
2026-10-08T19:19:19.6078959Z   duration_ms: 0.321112
2026-10-08T19:19:19.6083392Z   ...
2026-10-08T19:19:19.6102543Z # Subtest: similar words and whitespace do not widen the native injury predicate
2026-10-08T19:19:19.6103773Z ok 3 - similar words and whitespace do not widen the native injury predicate
2026-10-08T19:19:19.6104546Z   ---
2026-10-08T19:19:19.6105020Z   duration_ms: 0.205195
2026-10-08T19:19:19.6105590Z   ...
2026-10-08T19:19:19.6106417Z # Subtest: only the three exact simulator epithet IDs receive title labels
2026-10-08T19:19:19.6132459Z ok 4 - only the three exact simulator epithet IDs receive title labels
2026-10-08T19:19:19.6136732Z   ---
2026-10-08T19:19:19.6137286Z   duration_ms: 0.266933
2026-10-08T19:19:19.6137896Z   ...
2026-10-08T19:19:19.6138836Z # Subtest: unknown title-like IDs remain literal without invented names or effects
2026-10-08T19:19:19.6140067Z ok 5 - unknown title-like IDs remain literal without invented names or effects
2026-10-08T19:19:19.6140867Z   ---
2026-10-08T19:19:19.6141369Z   duration_ms: 0.196318
2026-10-08T19:19:19.6142079Z   ...
2026-10-08T19:19:19.6142993Z # Subtest: native injury admission takes precedence over a title-like namespace
2026-10-08T19:19:19.6144244Z ok 6 - native injury admission takes precedence over a title-like namespace
2026-10-08T19:19:19.6145217Z   ---
2026-10-08T19:19:19.6153728Z   duration_ms: 0.97021
2026-10-08T19:19:19.6154547Z   ...
2026-10-08T19:19:19.6172424Z # Subtest: every retained entry survives in order including duplicates and long collections
2026-10-08T19:19:19.6173774Z ok 7 - every retained entry survives in order including duplicates and long collections
2026-10-08T19:19:19.6174361Z   ---
2026-10-08T19:19:19.6174653Z   duration_ms: 0.356987
2026-10-08T19:19:19.6175244Z   ...
2026-10-08T19:19:19.6175772Z # Subtest: markup-like strings, whitespace and object-property names remain exact data
2026-10-08T19:19:19.6176495Z ok 8 - markup-like strings, whitespace and object-property names remain exact data
2026-10-08T19:19:19.6176961Z   ---
2026-10-08T19:19:19.6177239Z   duration_ms: 0.182346
2026-10-08T19:19:19.6177541Z   ...
2026-10-08T19:19:19.6178088Z # Subtest: a later recovered snapshot removes the warning and retains unrelated titles and statuses
2026-10-08T19:19:19.6178858Z ok 9 - a later recovered snapshot removes the warning and retains unrelated titles and statuses
2026-10-08T19:19:19.6179354Z   ---
2026-10-08T19:19:19.6179646Z   duration_ms: 0.270664
2026-10-08T19:19:19.6179937Z   ...
2026-10-08T19:19:19.8873601Z # Subtest: JSON preserves every original entry and explicit retained-history scope
2026-10-08T19:19:19.8914305Z ok 10 - JSON preserves every original entry and explicit retained-history scope
2026-10-08T19:19:19.9002238Z   ---
2026-10-08T19:19:19.9012070Z   duration_ms: 2.453854
2026-10-08T19:19:19.9053077Z   ...
2026-10-08T19:19:19.9054245Z # Subtest: a prepared file survives later append or replacement without taking a filtered subset
2026-10-08T19:19:19.9055735Z ok 11 - a prepared file survives later append or replacement without taking a filtered subset
2026-10-08T19:19:19.9056682Z   ---
2026-10-08T19:19:19.9057175Z   duration_ms: 0.220878
2026-10-08T19:19:19.9057676Z   ...
2026-10-08T19:19:19.9058520Z # Subtest: readable text retains ordered duplicate and empty numbered blocks
2026-10-08T19:19:19.9059680Z ok 12 - readable text retains ordered duplicate and empty numbered blocks
2026-10-08T19:19:19.9060486Z   ---
2026-10-08T19:19:19.9060985Z   duration_ms: 0.253064
2026-10-08T19:19:19.9061794Z   ...
2026-10-08T19:19:19.9080690Z # Subtest: empty, single-entry and long histories have explicit complete counts
2026-10-08T19:19:19.9088590Z ok 13 - empty, single-entry and long histories have explicit complete counts
2026-10-08T19:19:19.9089496Z   ---
2026-10-08T19:19:19.9089990Z   duration_ms: 8.580706
2026-10-08T19:19:19.9090923Z   ...
2026-10-08T19:19:19.9092173Z # Subtest: one local request delivers the actual JSON Blob and releases its URL after the click
2026-10-08T19:19:19.9093787Z ok 14 - one local request delivers the actual JSON Blob and releases its URL after the click
2026-10-08T19:19:19.9094645Z   ---
2026-10-08T19:19:19.9095118Z   duration_ms: 21.869905
2026-10-08T19:19:19.9095598Z   ...
2026-10-08T19:19:19.9194454Z # Subtest: preparation and dispatch failures propagate without another click or a leaked URL
2026-10-08T19:19:19.9222147Z     # Subtest: url
2026-10-08T19:19:19.9242078Z     ok 1 - url
2026-10-08T19:19:19.9252112Z       ---
2026-10-08T19:19:19.9282011Z       duration_ms: 12.75576
2026-10-08T19:19:19.9312024Z       ...
2026-10-08T19:19:19.9319528Z     # Subtest: create
2026-10-08T19:19:19.9341782Z     ok 2 - create
2026-10-08T19:19:19.9342321Z       ---
2026-10-08T19:19:19.9342783Z       duration_ms: 1.363106
2026-10-08T19:19:19.9343303Z       ...
2026-10-08T19:19:19.9343788Z     # Subtest: append
2026-10-08T19:19:19.9344258Z     ok 3 - append
2026-10-08T19:19:19.9344687Z       ---
2026-10-08T19:19:19.9345129Z       duration_ms: 6.098134
2026-10-08T19:19:19.9345596Z       ...
2026-10-08T19:19:19.9508007Z     # Subtest: click
2026-10-08T19:19:19.9508665Z     ok 4 - click
2026-10-08T19:19:19.9509194Z       ---
2026-10-08T19:19:19.9509691Z       duration_ms: 4.119568
2026-10-08T19:19:19.9510210Z       ...
2026-10-08T19:19:19.9510690Z     1..4
2026-10-08T19:19:19.9514617Z ok 15 - preparation and dispatch failures propagate without another click or a leaked URL
2026-10-08T19:19:19.9515562Z   ---
2026-10-08T19:19:19.9516083Z   duration_ms: 25.645818
2026-10-08T19:19:19.9516608Z   ...
2026-10-08T19:19:19.9552522Z # Subtest: native React rendering names the full count and disables only an empty log
2026-10-08T19:19:19.9582478Z ok 16 - native React rendering names the full count and disables only an empty log
2026-10-08T19:19:19.9611972Z   ---
2026-10-08T19:19:19.9632117Z   duration_ms: 12.117716
2026-10-08T19:19:19.9692127Z   ...
2026-10-08T19:19:19.9752867Z # Subtest: the actual LogPanel exposes the full-history download beside preserved reader and summary
2026-10-08T19:19:19.9754259Z ok 17 - the actual LogPanel exposes the full-history download beside preserved reader and summary
2026-10-08T19:19:19.9755101Z   ---
2026-10-08T19:19:19.9755484Z   duration_ms: 11.078931
2026-10-08T19:19:19.9755885Z   ...
2026-10-08T19:19:20.0323056Z # Subtest: empty query exposes every retained entry verbatim, including empty and duplicate entries
2026-10-08T19:19:20.0332959Z ok 18 - empty query exposes every retained entry verbatim, including empty and duplicate entries
2026-10-08T19:19:20.0334094Z   ---
2026-10-08T19:19:20.0334610Z   duration_ms: 2.670797
2026-10-08T19:19:20.0335089Z   ...
2026-10-08T19:19:20.0336167Z # Subtest: matching entries and occurrences are counted separately without crossing entry boundaries
2026-10-08T19:19:20.0338047Z ok 19 - matching entries and occurrences are counted separately without crossing entry boundaries
2026-10-08T19:19:20.0338974Z   ---
2026-10-08T19:19:20.0339414Z   duration_ms: 0.507125
2026-10-08T19:19:20.0339889Z   ...
2026-10-08T19:19:20.0341005Z # Subtest: case-insensitive highlighting retains original UTF-16 spans after length-changing lowercase characters
2026-10-08T19:19:20.0352974Z ok 20 - case-insensitive highlighting retains original UTF-16 spans after length-changing lowercase characters
2026-10-08T19:19:20.0354296Z   ---
2026-10-08T19:19:20.0354849Z   duration_ms: 0.438968
2026-10-08T19:19:20.0355396Z   ...
2026-10-08T19:19:20.0356357Z # Subtest: Unicode simple folding handles sigma, Kelvin sign, and long s without expanding sharp s
2026-10-08T19:19:20.0357796Z ok 21 - Unicode simple folding handles sigma, Kelvin sign, and long s without expanding sharp s
2026-10-08T19:19:20.0358713Z   ---
2026-10-08T19:19:20.0359170Z   duration_ms: 0.999831
2026-10-08T19:19:20.0359678Z   ...
2026-10-08T19:19:20.0360808Z # Subtest: Japanese, astral symbols, combining characters, and isolated surrogates preserve original text
2026-10-08T19:19:20.0362592Z ok 22 - Japanese, astral symbols, combining characters, and isolated surrogates preserve original text
2026-10-08T19:19:20.0363601Z   ---
2026-10-08T19:19:20.0364111Z   duration_ms: 0.626744
2026-10-08T19:19:20.0364664Z   ...
2026-10-08T19:19:20.0365692Z # Subtest: all regexp metacharacters, whitespace, and markup-like text remain literal search data
2026-10-08T19:19:20.0396975Z ok 23 - all regexp metacharacters, whitespace, and markup-like text remain literal search data
2026-10-08T19:19:20.0410409Z   ---
2026-10-08T19:19:20.0410934Z   duration_ms: 3.613619
2026-10-08T19:19:20.0411619Z   ...
2026-10-08T19:19:20.0412645Z # Subtest: matches are non-overlapping and global matching restarts independently for each entry
2026-10-08T19:19:20.0414134Z ok 24 - matches are non-overlapping and global matching restarts independently for each entry
2026-10-08T19:19:20.0414984Z   ---
2026-10-08T19:19:20.0415422Z   duration_ms: 0.421235
2026-10-08T19:19:20.0415898Z   ...
2026-10-08T19:19:20.0416828Z # Subtest: 2,000 deterministic mixed-Unicode cases agree with an independent scalar-token oracle
2026-10-08T19:19:20.0418260Z ok 25 - 2,000 deterministic mixed-Unicode cases agree with an independent scalar-token oracle
2026-10-08T19:19:20.0419177Z   ---
2026-10-08T19:19:20.0419652Z   duration_ms: 258.159613
2026-10-08T19:19:20.0420175Z   ...
2026-10-08T19:19:20.0421238Z # Subtest: history changes distinguish a strict prefix append from trimming, replacement, and reordering
2026-10-08T19:19:20.0422962Z ok 26 - history changes distinguish a strict prefix append from trimming, replacement, and reordering
2026-10-08T19:19:20.0423951Z   ---
2026-10-08T19:19:20.0424427Z   duration_ms: 0.420232
2026-10-08T19:19:20.0424942Z   ...
2026-10-08T19:19:20.0426091Z # Subtest: 14,641 sequence pairs agree with an independent serialized-prefix oracle without mutating input
2026-10-08T19:19:20.0428034Z ok 27 - 14,641 sequence pairs agree with an independent serialized-prefix oracle without mutating input
2026-10-08T19:19:20.0429028Z   ---
2026-10-08T19:19:20.0429499Z   duration_ms: 56.092676
2026-10-08T19:19:20.0430024Z   ...
2026-10-08T19:19:20.4684198Z # Subtest: learned names and descriptions use exact IDs with a literal unknown fallback
2026-10-08T19:19:20.4693283Z ok 28 - learned names and descriptions use exact IDs with a literal unknown fallback
2026-10-08T19:19:20.4698765Z   ---
2026-10-08T19:19:20.4699295Z   duration_ms: 2.408316
2026-10-08T19:19:20.4699849Z   ...
2026-10-08T19:19:20.4700839Z # Subtest: all retained learned entries survive in order, including duplicates beyond 24
2026-10-08T19:19:20.4702419Z ok 29 - all retained learned entries survive in order, including duplicates beyond 24
2026-10-08T19:19:20.4703313Z   ---
2026-10-08T19:19:20.4703795Z   duration_ms: 0.340174
2026-10-08T19:19:20.4704326Z   ...
2026-10-08T19:19:20.4856901Z # Subtest: only skill namespace hints are skills; raw names and training keys remain separate
2026-10-08T19:19:20.4859056Z ok 30 - only skill namespace hints are skills; raw names and training keys remain separate
2026-10-08T19:19:20.4859977Z   ---
2026-10-08T19:19:20.4860452Z   duration_ms: 0.450114
2026-10-08T19:19:20.4860963Z   ...
2026-10-08T19:19:20.4861995Z # Subtest: hint levels are retained values, with no cap, discount, or purchase inference
2026-10-08T19:19:20.4863143Z ok 31 - hint levels are retained values, with no cap, discount, or purchase inference
2026-10-08T19:19:20.4863928Z   ---
2026-10-08T19:19:20.4864420Z   duration_ms: 0.240517
2026-10-08T19:19:20.4864941Z   ...
2026-10-08T19:19:20.4865902Z # Subtest: catalog failure and malformed entries do not manufacture names or accept an HTML fallback
2026-10-08T19:19:20.4867444Z ok 32 - catalog failure and malformed entries do not manufacture names or accept an HTML fallback
2026-10-08T19:19:20.4868392Z   ---
2026-10-08T19:19:20.4868929Z   duration_ms: 0.528482
2026-10-08T19:19:20.4869509Z   ...
2026-10-08T19:19:20.4870651Z # Subtest: markup-like text and object-property keys remain literal, without changing snapshot inputs
2026-10-08T19:19:20.4872757Z ok 33 - markup-like text and object-property keys remain literal, without changing snapshot inputs
2026-10-08T19:19:20.4873709Z   ---
2026-10-08T19:19:20.4874171Z   duration_ms: 0.293383
2026-10-08T19:19:20.4874681Z   ...
2026-10-08T19:19:20.7946926Z # Subtest: preserves the full authored order, blank lines, turn zero and colon action IDs
2026-10-08T19:19:20.7972922Z ok 34 - preserves the full authored order, blank lines, turn zero and colon action IDs
2026-10-08T19:19:20.8002120Z   ---
2026-10-08T19:19:20.8032075Z   duration_ms: 1.764914
2026-10-08T19:19:20.8032880Z   ...
2026-10-08T19:19:20.8062489Z # Subtest: a policy-only run is valid with no override text
2026-10-08T19:19:20.8092375Z ok 35 - a policy-only run is valid with no override text
2026-10-08T19:19:20.8122019Z   ---
2026-10-08T19:19:20.8122622Z   duration_ms: 0.220031
2026-10-08T19:19:20.8152102Z   ...
2026-10-08T19:19:20.8172930Z # Subtest: accepts only the exact representable integer boundary and allowed maximum budget
2026-10-08T19:19:20.8174550Z ok 36 - accepts only the exact representable integer boundary and allowed maximum budget
2026-10-08T19:19:20.8175513Z   ---
2026-10-08T19:19:20.8176018Z   duration_ms: 0.203337
2026-10-08T19:19:20.8176551Z   ...
2026-10-08T19:19:20.8177246Z # Subtest: refuses the whole draft for missing colon
2026-10-08T19:19:20.8178140Z ok 37 - refuses the whole draft for missing colon
2026-10-08T19:19:20.8178814Z   ---
2026-10-08T19:19:20.8179304Z   duration_ms: 0.47449
2026-10-08T19:19:20.8179822Z   ...
2026-10-08T19:19:20.8180485Z # Subtest: refuses the whole draft for missing turn
2026-10-08T19:19:20.8181367Z ok 38 - refuses the whole draft for missing turn
2026-10-08T19:19:20.8182141Z   ---
2026-10-08T19:19:20.8182624Z   duration_ms: 0.211091
2026-10-08T19:19:20.8183161Z   ...
2026-10-08T19:19:20.8183836Z # Subtest: refuses the whole draft for negative turn
2026-10-08T19:19:20.8185051Z ok 39 - refuses the whole draft for negative turn
2026-10-08T19:19:20.8185731Z   ---
2026-10-08T19:19:20.8186216Z   duration_ms: 0.193326
2026-10-08T19:19:20.8186772Z   ...
2026-10-08T19:19:20.8187460Z # Subtest: refuses the whole draft for fractional turn
2026-10-08T19:19:20.8188364Z ok 40 - refuses the whole draft for fractional turn
2026-10-08T19:19:20.8189048Z   ---
2026-10-08T19:19:20.8189530Z   duration_ms: 0.188952
2026-10-08T19:19:20.8190047Z   ...
2026-10-08T19:19:20.8190771Z # Subtest: refuses the whole draft for scientific notation
2026-10-08T19:19:20.8191819Z ok 41 - refuses the whole draft for scientific notation
2026-10-08T19:19:20.8195174Z   ---
2026-10-08T19:19:20.8195671Z   duration_ms: 0.17062
2026-10-08T19:19:20.8196199Z   ...
2026-10-08T19:19:20.8196789Z # Subtest: refuses the whole draft for hexadecimal notation
2026-10-08T19:19:20.8197777Z ok 42 - refuses the whole draft for hexadecimal notation
2026-10-08T19:19:20.8198483Z   ---
2026-10-08T19:19:20.8198967Z   duration_ms: 0.244147
2026-10-08T19:19:20.8199522Z   ...
2026-10-08T19:19:20.8200453Z # Subtest: refuses the whole draft for non-number turn
2026-10-08T19:19:20.8201374Z ok 43 - refuses the whole draft for non-number turn
2026-10-08T19:19:20.8202190Z   ---
2026-10-08T19:19:20.8202679Z   duration_ms: 0.285365
2026-10-08T19:19:20.8203203Z   ...
2026-10-08T19:19:20.8203888Z # Subtest: refuses the whole draft for infinite turn
2026-10-08T19:19:20.8204634Z ok 44 - refuses the whole draft for infinite turn
2026-10-08T19:19:20.8205229Z   ---
2026-10-08T19:19:20.8205721Z   duration_ms: 0.186944
2026-10-08T19:19:20.8206247Z   ...
2026-10-08T19:19:20.8206996Z # Subtest: refuses the whole draft for signed integer overflow
2026-10-08T19:19:20.8208007Z ok 45 - refuses the whole draft for signed integer overflow
2026-10-08T19:19:20.8208725Z   ---
2026-10-08T19:19:20.8209202Z   duration_ms: 0.218134
2026-10-08T19:19:20.8209728Z   ...
2026-10-08T19:19:20.8210566Z # Subtest: refuses the whole draft for integer that would wrap to turn 8
2026-10-08T19:19:20.8211881Z ok 46 - refuses the whole draft for integer that would wrap to turn 8
2026-10-08T19:19:20.8212600Z   ---
2026-10-08T19:19:20.8213037Z   duration_ms: 3.467133
2026-10-08T19:19:20.8213507Z   ...
2026-10-08T19:19:20.8214200Z # Subtest: refuses the whole draft for unsafe integer
2026-10-08T19:19:20.8215166Z ok 47 - refuses the whole draft for unsafe integer
2026-10-08T19:19:20.8215806Z   ---
2026-10-08T19:19:20.8216263Z   duration_ms: 0.252467
2026-10-08T19:19:20.8216741Z   ...
2026-10-08T19:19:20.8217340Z # Subtest: refuses the whole draft for empty action
2026-10-08T19:19:20.8218144Z ok 48 - refuses the whole draft for empty action
2026-10-08T19:19:20.8218789Z   ---
2026-10-08T19:19:20.8219266Z   duration_ms: 0.161637
2026-10-08T19:19:20.8219768Z   ...
2026-10-08T19:19:20.8220729Z # Subtest: duplicate turns report both source lines rather than picking the first silently
2026-10-08T19:19:20.8222267Z ok 49 - duplicate turns report both source lines rather than picking the first silently
2026-10-08T19:19:20.8223190Z   ---
2026-10-08T19:19:20.8223670Z   duration_ms: 0.301224
2026-10-08T19:19:20.8224178Z   ...
2026-10-08T19:19:20.8225282Z # Subtest: collects actionable line errors without discarding valid intervening input
2026-10-08T19:19:20.8230629Z ok 50 - collects actionable line errors without discarding valid intervening input
2026-10-08T19:19:20.8231659Z   ---
2026-10-08T19:19:20.8232152Z   duration_ms: 0.221906
2026-10-08T19:19:20.8232648Z   ...
2026-10-08T19:19:20.8233282Z # Subtest: refuses invalid action budget ""
2026-10-08T19:19:20.8234013Z ok 51 - refuses invalid action budget ""
2026-10-08T19:19:20.8234623Z   ---
2026-10-08T19:19:20.8235094Z   duration_ms: 0.342881
2026-10-08T19:19:20.8235598Z   ...
2026-10-08T19:19:20.8236178Z # Subtest: refuses invalid action budget " "
2026-10-08T19:19:20.8241641Z ok 52 - refuses invalid action budget " "
2026-10-08T19:19:20.8242400Z   ---
2026-10-08T19:19:20.8242896Z   duration_ms: 0.175099
2026-10-08T19:19:20.8243422Z   ...
2026-10-08T19:19:20.8244293Z # Subtest: refuses invalid action budget "0"
2026-10-08T19:19:20.8245097Z ok 53 - refuses invalid action budget "0"
2026-10-08T19:19:20.8245725Z   ---
2026-10-08T19:19:20.8246210Z   duration_ms: 0.202838
2026-10-08T19:19:20.8246734Z   ...
2026-10-08T19:19:20.8247368Z # Subtest: refuses invalid action budget "501"
2026-10-08T19:19:20.8248216Z ok 54 - refuses invalid action budget "501"
2026-10-08T19:19:20.8248852Z   ---
2026-10-08T19:19:20.8249329Z   duration_ms: 0.17394
2026-10-08T19:19:20.8249828Z   ...
2026-10-08T19:19:20.8250458Z # Subtest: refuses invalid action budget "1.5"
2026-10-08T19:19:20.8262801Z ok 55 - refuses invalid action budget "1.5"
2026-10-08T19:19:20.8292087Z   ---
2026-10-08T19:19:20.8332045Z   duration_ms: 0.11659
2026-10-08T19:19:20.8361928Z   ...
2026-10-08T19:19:20.8362811Z # Subtest: refuses invalid action budget "-1"
2026-10-08T19:19:20.8392159Z ok 56 - refuses invalid action budget "-1"
2026-10-08T19:19:20.8421895Z   ---
2026-10-08T19:19:20.8422470Z   duration_ms: 0.108278
2026-10-08T19:19:20.8452075Z   ...
2026-10-08T19:19:20.8482545Z # Subtest: refuses invalid action budget "NaN"
2026-10-08T19:19:20.8492399Z ok 57 - refuses invalid action budget "NaN"
2026-10-08T19:19:20.8493782Z   ---
2026-10-08T19:19:20.8494320Z   duration_ms: 0.132158
2026-10-08T19:19:20.8494842Z   ...
2026-10-08T19:19:20.8495716Z # Subtest: refuses invalid action budget "Infinity"
2026-10-08T19:19:20.8496368Z ok 58 - refuses invalid action budget "Infinity"
2026-10-08T19:19:20.8496857Z   ---
2026-10-08T19:19:20.8497214Z   duration_ms: 0.107668
2026-10-08T19:19:20.8497605Z   ...
2026-10-08T19:19:20.8498067Z # Subtest: refuses invalid action budget "1e2"
2026-10-08T19:19:20.8498647Z ok 59 - refuses invalid action budget "1e2"
2026-10-08T19:19:20.8499608Z   ---
2026-10-08T19:19:20.8500001Z   duration_ms: 0.110146
2026-10-08T19:19:20.8500456Z   ...
2026-10-08T19:19:20.8501098Z # Subtest: refuses invalid action budget "9007199254740993"
2026-10-08T19:19:20.8502239Z ok 60 - refuses invalid action budget "9007199254740993"
2026-10-08T19:19:20.8502889Z   ---
2026-10-08T19:19:20.8503344Z   duration_ms: 0.120326
2026-10-08T19:19:20.8503808Z   ...
2026-10-08T19:19:20.8504584Z # Subtest: reports both budget and override errors in a single review
2026-10-08T19:19:20.8505804Z ok 61 - reports both budget and override errors in a single review
2026-10-08T19:19:20.8506552Z   ---
2026-10-08T19:19:20.8507023Z   duration_ms: 0.250139
2026-10-08T19:19:20.8507550Z   ...
2026-10-08T19:19:20.8508480Z # Subtest: preserves literal action text for the existing simulator legality check
2026-10-08T19:19:20.8509721Z ok 62 - preserves literal action text for the existing simulator legality check
2026-10-08T19:19:20.8510564Z   ---
2026-10-08T19:19:20.8511018Z   duration_ms: 0.213259
2026-10-08T19:19:20.8511652Z   ...
2026-10-08T19:19:20.9852892Z # Subtest: an unselected inspector explains how to read a saved trace
2026-10-08T19:19:20.9854183Z ok 63 - an unselected inspector explains how to read a saved trace
2026-10-08T19:19:20.9870117Z   ---
2026-10-08T19:19:20.9870685Z   duration_ms: 12.845669
2026-10-08T19:19:20.9871290Z   ...
2026-10-08T19:19:20.9872315Z # Subtest: loading identifies the requested branch and exposes only a close action
2026-10-08T19:19:20.9873576Z ok 64 - loading identifies the requested branch and exposes only a close action
2026-10-08T19:19:20.9906939Z   ---
2026-10-08T19:19:20.9992057Z   duration_ms: 0.71068
2026-10-08T19:19:21.0052101Z   ...
2026-10-08T19:19:21.0092872Z # Subtest: an error identifies its branch, is announced and supports explicit retry
2026-10-08T19:19:21.0094586Z ok 65 - an error identifies its branch, is announced and supports explicit retry
2026-10-08T19:19:21.0095406Z   ---
2026-10-08T19:19:21.0095876Z   duration_ms: 0.771703
2026-10-08T19:19:21.0096378Z   ...
2026-10-08T19:19:21.0097265Z # Subtest: same-turn rejection and later application remain separate recorded steps
2026-10-08T19:19:21.0098512Z ok 66 - same-turn rejection and later application remain separate recorded steps
2026-10-08T19:19:21.0099633Z   ---
2026-10-08T19:19:21.0100090Z   duration_ms: 3.060704
2026-10-08T19:19:21.0100607Z   ...
2026-10-08T19:19:21.0101429Z # Subtest: a configured but unobserved turn has no invented rejection outcome
2026-10-08T19:19:21.0102974Z ok 67 - a configured but unobserved turn has no invented rejection outcome
2026-10-08T19:19:21.0103744Z   ---
2026-10-08T19:19:21.0104196Z   duration_ms: 1.187883
2026-10-08T19:19:21.0104667Z   ...
2026-10-08T19:19:21.0105338Z # Subtest: a branch with no recorded steps has an explicit empty state
2026-10-08T19:19:21.0106292Z ok 68 - a branch with no recorded steps has an explicit empty state
2026-10-08T19:19:21.0107015Z   ---
2026-10-08T19:19:21.0107489Z   duration_ms: 0.805557
2026-10-08T19:19:21.0107962Z   ...
2026-10-08T19:19:21.0108783Z # Subtest: a policy-only timeline offers all steps when the override filter is empty
2026-10-08T19:19:21.0117962Z ok 69 - a policy-only timeline offers all steps when the override filter is empty
2026-10-08T19:19:21.0120062Z   ---
2026-10-08T19:19:21.0120513Z   duration_ms: 0.854053
2026-10-08T19:19:21.0121235Z   ...
2026-10-08T19:19:21.0122287Z # Subtest: legacy duplicate configuration is retained without dropping either authored action
2026-10-08T19:19:21.0123521Z ok 70 - legacy duplicate configuration is retained without dropping either authored action
2026-10-08T19:19:21.0124289Z   ---
2026-10-08T19:19:21.0124702Z   duration_ms: 1.524959
2026-10-08T19:19:21.0125141Z   ...
2026-10-08T19:19:21.0125811Z # Subtest: source text remains literal instead of becoming active markup
2026-10-08T19:19:21.0126809Z ok 71 - source text remains literal instead of becoming active markup
2026-10-08T19:19:21.0127468Z   ---
2026-10-08T19:19:21.0127872Z   duration_ms: 4.703231
2026-10-08T19:19:21.0128301Z   ...
2026-10-08T19:19:21.9023348Z # Subtest: import preserves the complete snapshot text for signed seed -9223372036854775808
2026-10-08T19:19:21.9043256Z ok 72 - import preserves the complete snapshot text for signed seed -9223372036854775808
2026-10-08T19:19:21.9072209Z   ---
2026-10-08T19:19:21.9076906Z   duration_ms: 84.27818
2026-10-08T19:19:21.9077758Z   ...
2026-10-08T19:19:21.9078640Z # Subtest: import preserves the complete snapshot text for signed seed -9007199254740993
2026-10-08T19:19:21.9079882Z ok 73 - import preserves the complete snapshot text for signed seed -9007199254740993
2026-10-08T19:19:21.9080577Z   ---
2026-10-08T19:19:21.9080921Z   duration_ms: 37.638456
2026-10-08T19:19:21.9081315Z   ...
2026-10-08T19:19:21.9082135Z # Subtest: import preserves the complete snapshot text for signed seed -42
2026-10-08T19:19:21.9083053Z ok 74 - import preserves the complete snapshot text for signed seed -42
2026-10-08T19:19:21.9083696Z   ---
2026-10-08T19:19:21.9084060Z   duration_ms: 42.639604
2026-10-08T19:19:21.9084444Z   ...
2026-10-08T19:19:21.9085155Z # Subtest: import preserves the complete snapshot text for signed seed 0
2026-10-08T19:19:21.9086112Z ok 75 - import preserves the complete snapshot text for signed seed 0
2026-10-08T19:19:21.9086739Z   ---
2026-10-08T19:19:21.9087085Z   duration_ms: 26.258487
2026-10-08T19:19:21.9087517Z   ...
2026-10-08T19:19:21.9088202Z # Subtest: import preserves the complete snapshot text for signed seed 42
2026-10-08T19:19:21.9089164Z ok 76 - import preserves the complete snapshot text for signed seed 42
2026-10-08T19:19:21.9089747Z   ---
2026-10-08T19:19:21.9090072Z   duration_ms: 24.609117
2026-10-08T19:19:21.9090438Z   ...
2026-10-08T19:19:21.9091193Z # Subtest: import preserves the complete snapshot text for signed seed 9007199254740993
2026-10-08T19:19:21.9092434Z ok 77 - import preserves the complete snapshot text for signed seed 9007199254740993
2026-10-08T19:19:21.9093088Z   ---
2026-10-08T19:19:21.9093393Z   duration_ms: 23.720528
2026-10-08T19:19:21.9093745Z   ...
2026-10-08T19:19:21.9094492Z # Subtest: import preserves the complete snapshot text for signed seed 9223372036854775807
2026-10-08T19:19:21.9095650Z ok 78 - import preserves the complete snapshot text for signed seed 9223372036854775807
2026-10-08T19:19:21.9096786Z   ---
2026-10-08T19:19:21.9097131Z   duration_ms: 15.671565
2026-10-08T19:19:21.9097510Z   ...
2026-10-08T19:19:21.9098295Z # Subtest: optional names remain one escaped string and cannot add envelope fields
2026-10-08T19:19:21.9099298Z ok 79 - optional names remain one escaped string and cannot add envelope fields
2026-10-08T19:19:21.9099997Z   ---
2026-10-08T19:19:21.9100339Z   duration_ms: 98.092527
2026-10-08T19:19:21.9100708Z   ...
2026-10-08T19:19:21.9101232Z # Subtest: malformed JSON is refused before any request
2026-10-08T19:19:21.9102102Z ok 80 - malformed JSON is refused before any request
2026-10-08T19:19:21.9102639Z   ---
2026-10-08T19:19:21.9102998Z   duration_ms: 140.001205
2026-10-08T19:19:21.9103372Z   ...
2026-10-08T19:19:21.9104034Z # Subtest: valid JSON outside the object shape is refused before any request
2026-10-08T19:19:21.9104967Z ok 81 - valid JSON outside the object shape is refused before any request
2026-10-08T19:19:21.9105585Z   ---
2026-10-08T19:19:21.9105916Z   duration_ms: 84.340966
2026-10-08T19:19:21.9106281Z   ...
2026-10-08T19:19:21.9107325Z # Subtest: the existing object-import route retains its serialization and entry projection
2026-10-08T19:19:21.9108510Z ok 82 - the existing object-import route retains its serialization and entry projection
2026-10-08T19:19:21.9109223Z   ---
2026-10-08T19:19:21.9109556Z   duration_ms: 14.923953
2026-10-08T19:19:21.9109924Z   ...
2026-10-08T19:19:21.9110594Z # Subtest: ordinary GET and object POST defaults remain on the same transport
2026-10-08T19:19:21.9111681Z ok 83 - ordinary GET and object POST defaults remain on the same transport
2026-10-08T19:19:21.9112298Z   ---
2026-10-08T19:19:21.9112616Z   duration_ms: 39.660816
2026-10-08T19:19:21.9112995Z   ...
2026-10-08T19:19:21.9113689Z # Subtest: server errors retain their status, body diagnostics and single request
2026-10-08T19:19:21.9114692Z ok 84 - server errors retain their status, body diagnostics and single request
2026-10-08T19:19:21.9115352Z   ---
2026-10-08T19:19:21.9115690Z   duration_ms: 55.341422
2026-10-08T19:19:21.9116057Z   ...
2026-10-08T19:19:21.9116805Z # Subtest: invalid response JSON uses the shared diagnostic for success and error statuses
2026-10-08T19:19:21.9117854Z ok 85 - invalid response JSON uses the shared diagnostic for success and error statuses
2026-10-08T19:19:21.9118247Z   ---
2026-10-08T19:19:21.9118496Z   duration_ms: 14.098312
2026-10-08T19:19:21.9118762Z   ...
2026-10-08T19:19:21.9119056Z # Subtest: network failure is preserved without retry
2026-10-08T19:19:21.9119445Z ok 86 - network failure is preserved without retry
2026-10-08T19:19:21.9119734Z   ---
2026-10-08T19:19:21.9119934Z   duration_ms: 9.959873
2026-10-08T19:19:21.9120209Z   ...
2026-10-08T19:19:21.9291770Z # Subtest: native physics record keeps the observed place, field, precision and source metadata
2026-10-08T19:19:21.9293113Z ok 87 - native physics record keeps the observed place, field, precision and source metadata
2026-10-08T19:19:21.9293895Z   ---
2026-10-08T19:19:21.9294273Z   duration_ms: 3.148746
2026-10-08T19:19:21.9294675Z   ...
2026-10-08T19:19:21.9295428Z # Subtest: fan-only records retain zero and never invent missing race statistics
2026-10-08T19:19:21.9296441Z ok 88 - fan-only records retain zero and never invent missing race statistics
2026-10-08T19:19:21.9297110Z   ---
2026-10-08T19:19:21.9297446Z   duration_ms: 0.35726
2026-10-08T19:19:21.9297818Z   ...
2026-10-08T19:19:21.9298617Z # Subtest: repeated race IDs and identical occurrences retain separate source positions
2026-10-08T19:19:21.9299765Z ok 89 - repeated race IDs and identical occurrences retain separate source positions
2026-10-08T19:19:21.9300446Z   ---
2026-10-08T19:19:21.9300788Z   duration_ms: 0.417215
2026-10-08T19:19:21.9301143Z   ...
2026-10-08T19:19:21.9301958Z # Subtest: non-race entries and action narration are not retained race records
2026-10-08T19:19:21.9302980Z ok 90 - non-race entries and action narration are not retained race records
2026-10-08T19:19:21.9303560Z   ---
2026-10-08T19:19:21.9304180Z   duration_ms: 0.209832
2026-10-08T19:19:21.9304511Z   ...
2026-10-08T19:19:21.9305241Z # Subtest: a newest unrecognized record stays latest even when a valid older result exists
2026-10-08T19:19:21.9306361Z ok 91 - a newest unrecognized record stays latest even when a valid older result exists
2026-10-08T19:19:21.9307042Z   ---
2026-10-08T19:19:21.9307367Z   duration_ms: 0.559347
2026-10-08T19:19:21.9307723Z   ...
2026-10-08T19:19:21.9308466Z # Subtest: invalid numeric fields or inconsistent place and field remain literal unknown records
2026-10-08T19:19:21.9309613Z ok 92 - invalid numeric fields or inconsistent place and field remain literal unknown records
2026-10-08T19:19:21.9310292Z   ---
2026-10-08T19:19:21.9310607Z   duration_ms: 0.579717
2026-10-08T19:19:21.9310971Z   ...
2026-10-08T19:19:21.9312312Z # Subtest: native ordinal suffixes keep 11th to 13th distinct from 21st to 23rd
2026-10-08T19:19:21.9313315Z ok 93 - native ordinal suffixes keep 11th to 13th distinct from 21st to 23rd
2026-10-08T19:19:21.9313928Z   ---
2026-10-08T19:19:21.9314489Z   duration_ms: 0.286634
2026-10-08T19:19:21.9314859Z   ...
2026-10-08T19:19:21.9315578Z # Subtest: rendered physics facts show exact native values and the full original record
2026-10-08T19:19:21.9316890Z ok 94 - rendered physics facts show exact native values and the full original record
2026-10-08T19:19:21.9317675Z   ---
2026-10-08T19:19:21.9317951Z   duration_ms: 5.669583
2026-10-08T19:19:21.9318335Z   ...
2026-10-08T19:19:21.9319080Z # Subtest: rendered fan-only facts state the missing details without inventing first place
2026-10-08T19:19:21.9320126Z ok 95 - rendered fan-only facts state the missing details without inventing first place
2026-10-08T19:19:21.9320859Z   ---
2026-10-08T19:19:21.9321212Z   duration_ms: 0.778142
2026-10-08T19:19:21.9321735Z   ...
2026-10-08T19:19:21.9322585Z # Subtest: unknown latest is visible while earlier recognized occurrences stay in history
2026-10-08T19:19:21.9323778Z ok 96 - unknown latest is visible while earlier recognized occurrences stay in history
2026-10-08T19:19:21.9324543Z   ---
2026-10-08T19:19:21.9324911Z   duration_ms: 1.184096
2026-10-08T19:19:21.9325316Z   ...
2026-10-08T19:19:21.9325986Z # Subtest: mandatory entry remains explicit and disabled while busy
2026-10-08T19:19:21.9326951Z ok 97 - mandatory entry remains explicit and disabled while busy
2026-10-08T19:19:21.9327606Z   ---
2026-10-08T19:19:21.9327980Z   duration_ms: 0.407043
2026-10-08T19:19:21.9328473Z   ...
2026-10-08T19:19:21.9329191Z # Subtest: replacing the supplied history cannot retain an old result
2026-10-08T19:19:21.9330265Z ok 98 - replacing the supplied history cannot retain an old result
2026-10-08T19:19:21.9330942Z   ---
2026-10-08T19:19:21.9331320Z   duration_ms: 5.909057
2026-10-08T19:19:21.9331887Z   ...
2026-10-08T19:19:21.9332757Z # Subtest: unusual race IDs and unrecognized source text are rendered literally
2026-10-08T19:19:21.9333758Z ok 99 - unusual race IDs and unrecognized source text are rendered literally
2026-10-08T19:19:21.9334357Z   ---
2026-10-08T19:19:21.9334653Z   duration_ms: 1.012529
2026-10-08T19:19:21.9335008Z   ...
2026-10-08T19:19:21.9335285Z 1..99
2026-10-08T19:19:21.9335569Z # tests 103
2026-10-08T19:19:21.9335943Z # suites 0
2026-10-08T19:19:21.9336286Z # pass 103
2026-10-08T19:19:21.9336562Z # fail 0
2026-10-08T19:19:21.9336840Z # cancelled 0
2026-10-08T19:19:21.9337132Z # skipped 0
2026-10-08T19:19:21.9337408Z # todo 0
2026-10-08T19:19:21.9337742Z # duration_ms 3126.40372
2026-10-08T19:19:21.9418014Z ##[group]Run npm run typecheck
2026-10-08T19:19:21.9418316Z [36;1mnpm run typecheck[0m
2026-10-08T19:19:21.9455133Z shell: /usr/bin/bash -e {0}
2026-10-08T19:19:21.9455408Z ##[endgroup]
2026-10-08T19:19:22.0465115Z 
2026-10-08T19:19:22.0465540Z > uma-sim-ui@0.1.0 typecheck
2026-10-08T19:19:22.0466018Z > tsc --noEmit
2026-10-08T19:19:22.0466224Z 
2026-10-08T19:19:24.5896157Z ##[group]Run npm run build
2026-10-08T19:19:24.5896450Z [36;1mnpm run build[0m
2026-10-08T19:19:24.5933509Z shell: /usr/bin/bash -e {0}
2026-10-08T19:19:24.5933987Z ##[endgroup]
2026-10-08T19:19:24.6982980Z 
2026-10-08T19:19:24.6983540Z > uma-sim-ui@0.1.0 build
2026-10-08T19:19:24.6984066Z > tsc -b && vite build
2026-10-08T19:19:24.6984312Z 
2026-10-08T19:19:27.5203065Z [36mvite v5.4.21 [32mbuilding for production...[36m[39m
2026-10-08T19:19:27.5687760Z transforming...
2026-10-08T19:19:28.4428129Z [32m✓[39m 69 modules transformed.
2026-10-08T19:19:28.6053863Z rendering chunks...
2026-10-08T19:19:28.6111752Z computing gzip size...
2026-10-08T19:19:28.6197361Z [2mdist/[22m[32mindex.html                 [39m[1m[2m  0.39 kB[22m[1m[22m[2m │ gzip:  0.26 kB[22m
2026-10-08T19:19:28.6199096Z [2mdist/[22m[2massets/[22m[35mindex-RguA8KSx.css  [39m[1m[2m 14.45 kB[22m[1m[22m[2m │ gzip:  3.39 kB[22m
2026-10-08T19:19:28.6200975Z [2mdist/[22m[2massets/[22m[36mindex-AkE2S2uD.js   [39m[1m[2m214.48 kB[22m[1m[22m[2m │ gzip: 65.89 kB[22m
2026-10-08T19:19:28.6202034Z [32m✓ built in 1.07s[39m
2026-10-08T19:19:28.6388985Z ##[group]Run npx playwright install --with-deps chromium
2026-10-08T19:19:28.6389404Z [36;1mnpx playwright install --with-deps chromium[0m
2026-10-08T19:19:28.6425208Z shell: /usr/bin/bash -e {0}
2026-10-08T19:19:28.6425487Z ##[endgroup]
2026-10-08T19:19:29.3925964Z Installing dependencies...
2026-10-08T19:19:29.3985927Z Switching to root user to install dependencies...
2026-10-08T19:19:29.4607399Z Get:1 file:/etc/apt/apt-mirrors.txt Mirrorlist [144 B]
2026-10-08T19:19:29.4917832Z Hit:2 http://azure.archive.ubuntu.com/ubuntu noble InRelease
2026-10-08T19:19:29.5005457Z Get:3 http://azure.archive.ubuntu.com/ubuntu noble-updates InRelease [126 kB]
2026-10-08T19:19:29.5032844Z Get:4 http://azure.archive.ubuntu.com/ubuntu noble-backports InRelease [126 kB]
2026-10-08T19:19:29.5034348Z Get:5 http://azure.archive.ubuntu.com/ubuntu noble-security InRelease [126 kB]
2026-10-08T19:19:29.5062669Z Get:6 https://packages.microsoft.com/ubuntu/24.04/prod noble InRelease [3600 B]
2026-10-08T19:19:29.6163678Z Get:7 http://azure.archive.ubuntu.com/ubuntu noble-updates/main amd64 Packages [1375 kB]
2026-10-08T19:19:29.6289875Z Get:8 http://azure.archive.ubuntu.com/ubuntu noble-updates/main Translation-en [306 kB]
2026-10-08T19:19:29.6290704Z Get:9 http://azure.archive.ubuntu.com/ubuntu noble-updates/universe amd64 Packages [1702 kB]
2026-10-08T19:19:29.6393300Z Get:10 http://azure.archive.ubuntu.com/ubuntu noble-updates/universe Translation-en [342 kB]
2026-10-08T19:19:29.6411126Z Get:11 http://azure.archive.ubuntu.com/ubuntu noble-updates/restricted amd64 Packages [1761 kB]
2026-10-08T19:19:29.6503035Z Get:12 http://azure.archive.ubuntu.com/ubuntu noble-updates/restricted Translation-en [401 kB]
2026-10-08T19:19:29.6522575Z Get:13 http://azure.archive.ubuntu.com/ubuntu noble-updates/multiverse amd64 Packages [55.0 kB]
2026-10-08T19:19:29.6531224Z Get:14 http://azure.archive.ubuntu.com/ubuntu noble-updates/multiverse Translation-en [14.3 kB]
2026-10-08T19:19:29.7018637Z Get:15 http://azure.archive.ubuntu.com/ubuntu noble-security/main amd64 Packages [1115 kB]
2026-10-08T19:19:29.7074112Z Get:16 http://azure.archive.ubuntu.com/ubuntu noble-security/main Translation-en [227 kB]
2026-10-08T19:19:29.7482630Z Get:22 https://packages.microsoft.com/ubuntu/24.04/prod noble/main amd64 Packages [531 kB]
2026-10-08T19:19:29.7522575Z Get:17 http://azure.archive.ubuntu.com/ubuntu noble-security/universe amd64 Packages [1218 kB]
2026-10-08T19:19:29.7590838Z Get:18 http://azure.archive.ubuntu.com/ubuntu noble-security/universe Translation-en [245 kB]
2026-10-08T19:19:29.7607967Z Get:19 http://azure.archive.ubuntu.com/ubuntu noble-security/restricted amd64 Packages [1632 kB]
2026-10-08T19:19:29.7680102Z Get:23 https://packages.microsoft.com/ubuntu/24.04/prod noble/main arm64 Packages [474 kB]
2026-10-08T19:19:29.7694834Z Get:20 http://azure.archive.ubuntu.com/ubuntu noble-security/restricted Translation-en [376 kB]
2026-10-08T19:19:29.7722073Z Get:21 http://azure.archive.ubuntu.com/ubuntu noble-security/multiverse Translation-en [11.6 kB]
2026-10-08T19:19:29.7827190Z Get:24 https://packages.microsoft.com/ubuntu/24.04/prod noble/main armhf Packages [12.3 kB]
2026-10-08T19:19:29.7861241Z Get:25 https://packages.microsoft.com/ubuntu/24.04/prod noble/main all Packages [640 B]
2026-10-08T19:19:32.7104054Z Fetched 12.2 MB in 1s (9851 kB/s)
2026-10-08T19:19:33.5439889Z Reading package lists...
2026-10-08T19:19:33.5692734Z Reading package lists...
2026-10-08T19:19:33.7387646Z Building dependency tree...
2026-10-08T19:19:33.7394102Z Reading state information...
2026-10-08T19:19:33.8804289Z libasound2t64 is already the newest version (1.2.11-1ubuntu0.3).
2026-10-08T19:19:33.8805111Z libasound2t64 set to manually installed.
2026-10-08T19:19:33.8805649Z libatk-bridge2.0-0t64 is already the newest version (2.52.0-1build1).
2026-10-08T19:19:33.8806183Z libatk-bridge2.0-0t64 set to manually installed.
2026-10-08T19:19:33.8806705Z libatk1.0-0t64 is already the newest version (2.52.0-1build1).
2026-10-08T19:19:33.8807608Z libatk1.0-0t64 set to manually installed.
2026-10-08T19:19:33.8808124Z libatspi2.0-0t64 is already the newest version (2.52.0-1build1).
2026-10-08T19:19:33.8808607Z libatspi2.0-0t64 set to manually installed.
2026-10-08T19:19:33.8809156Z libcairo2 is already the newest version (1.18.0-3build1).
2026-10-08T19:19:33.8809879Z libcairo2 set to manually installed.
2026-10-08T19:19:33.8810534Z libcups2t64 is already the newest version (2.4.7-1.2ubuntu7.14).
2026-10-08T19:19:33.8811011Z libcups2t64 set to manually installed.
2026-10-08T19:19:33.8811738Z libdbus-1-3 is already the newest version (1.14.10-4ubuntu4.1).
2026-10-08T19:19:33.8812227Z libdbus-1-3 set to manually installed.
2026-10-08T19:19:33.8812843Z libdrm2 is already the newest version (2.4.125-1ubuntu0.1~24.04.2).
2026-10-08T19:19:33.8813307Z libdrm2 set to manually installed.
2026-10-08T19:19:33.8813771Z libgbm1 is already the newest version (25.2.8-0ubuntu0.24.04.4).
2026-10-08T19:19:33.8814239Z libgbm1 set to manually installed.
2026-10-08T19:19:33.8814724Z libglib2.0-0t64 is already the newest version (2.80.0-6ubuntu3.9).
2026-10-08T19:19:33.8815213Z libglib2.0-0t64 set to manually installed.
2026-10-08T19:19:33.8815827Z libnspr4 is already the newest version (2:4.35-1.1build1).
2026-10-08T19:19:33.8816268Z libnspr4 set to manually installed.
2026-10-08T19:19:33.8816720Z libnss3 is already the newest version (2:3.98-1ubuntu0.2).
2026-10-08T19:19:33.8817157Z libnss3 set to manually installed.
2026-10-08T19:19:33.8817711Z libpango-1.0-0 is already the newest version (1.52.1+ds-1build1).
2026-10-08T19:19:33.8818184Z libpango-1.0-0 set to manually installed.
2026-10-08T19:19:33.8818659Z libx11-6 is already the newest version (2:1.8.7-1build1).
2026-10-08T19:19:33.8819094Z libx11-6 set to manually installed.
2026-10-08T19:19:33.8819520Z libxcb1 is already the newest version (1.15-1ubuntu2).
2026-10-08T19:19:33.8819933Z libxcb1 set to manually installed.
2026-10-08T19:19:33.8820416Z libxcomposite1 is already the newest version (1:0.4.5-1build3).
2026-10-08T19:19:33.8820903Z libxcomposite1 set to manually installed.
2026-10-08T19:19:33.8821431Z libxdamage1 is already the newest version (1:1.1.6-1build1).
2026-10-08T19:19:33.8822085Z libxdamage1 set to manually installed.
2026-10-08T19:19:33.8822540Z libxext6 is already the newest version (2:1.3.4-1build2).
2026-10-08T19:19:33.8822967Z libxext6 set to manually installed.
2026-10-08T19:19:33.8823436Z libxfixes3 is already the newest version (1:6.0.0-2build1).
2026-10-08T19:19:33.8823884Z libxfixes3 set to manually installed.
2026-10-08T19:19:33.8824352Z libxkbcommon0 is already the newest version (1.6.0-1build1).
2026-10-08T19:19:33.8824909Z libxkbcommon0 set to manually installed.
2026-10-08T19:19:33.8825376Z libxrandr2 is already the newest version (2:1.5.2-2build1).
2026-10-08T19:19:33.8825815Z libxrandr2 set to manually installed.
2026-10-08T19:19:33.8826271Z xvfb is already the newest version (2:21.1.12-1ubuntu1.8).
2026-10-08T19:19:33.8826882Z fonts-noto-color-emoji is already the newest version (2.047-0ubuntu0.24.04.1).
2026-10-08T19:19:33.8827881Z libfontconfig1 is already the newest version (2.15.0-1.1ubuntu2).
2026-10-08T19:19:33.8828361Z libfontconfig1 set to manually installed.
2026-10-08T19:19:33.8828848Z fonts-liberation is already the newest version (1:2.1.5-3).
2026-10-08T19:19:33.8829320Z fonts-liberation set to manually installed.
2026-10-08T19:19:33.8829784Z The following additional packages will be installed:
2026-10-08T19:19:33.8830208Z   xfonts-encodings xfonts-utils
2026-10-08T19:19:33.8830546Z Recommended packages:
2026-10-08T19:19:33.8830877Z   fonts-ipafont-mincho fonts-tlwg-loma
2026-10-08T19:19:33.8960033Z The following NEW packages will be installed:
2026-10-08T19:19:33.8960703Z   fonts-freefont-ttf fonts-ipafont-gothic fonts-tlwg-loma-otf fonts-unifont
2026-10-08T19:19:33.8966882Z   fonts-wqy-zenhei xfonts-cyrillic xfonts-encodings xfonts-scalable
2026-10-08T19:19:33.8967430Z   xfonts-utils
2026-10-08T19:19:33.8971275Z The following packages will be upgraded:
2026-10-08T19:19:33.8976069Z   libfreetype6
2026-10-08T19:19:33.9112174Z 1 upgraded, 9 newly installed, 0 to remove and 22 not upgraded.
2026-10-08T19:19:33.9112636Z Need to get 21.5 MB of archives.
2026-10-08T19:19:33.9113070Z After this operation, 79.5 MB of additional disk space will be used.
2026-10-08T19:19:33.9113545Z Get:1 file:/etc/apt/apt-mirrors.txt Mirrorlist [144 B]
2026-10-08T19:19:33.9580549Z Get:2 http://azure.archive.ubuntu.com/ubuntu noble/universe amd64 fonts-ipafont-gothic all 00303-21ubuntu1 [3513 kB]
2026-10-08T19:19:34.0261897Z Get:3 http://azure.archive.ubuntu.com/ubuntu noble/main amd64 fonts-freefont-ttf all 20211204+svn4273-2 [5641 kB]
2026-10-08T19:19:34.1515342Z Get:4 http://azure.archive.ubuntu.com/ubuntu noble/universe amd64 fonts-tlwg-loma-otf all 1:0.7.3-1 [107 kB]
2026-10-08T19:19:34.2885546Z Get:5 http://azure.archive.ubuntu.com/ubuntu noble/universe amd64 fonts-unifont all 1:15.1.01-1build1 [2993 kB]
2026-10-08T19:19:34.4834972Z Get:6 http://azure.archive.ubuntu.com/ubuntu noble/universe amd64 fonts-wqy-zenhei all 0.9.45-8 [7472 kB]
2026-10-08T19:19:34.7145097Z Get:7 http://azure.archive.ubuntu.com/ubuntu noble-updates/main amd64 libfreetype6 amd64 2.13.2+dfsg-1ubuntu0.2 [403 kB]
2026-10-08T19:19:34.7530668Z Get:8 http://azure.archive.ubuntu.com/ubuntu noble/main amd64 xfonts-encodings all 1:1.0.5-0ubuntu2 [578 kB]
2026-10-08T19:19:34.7914317Z Get:9 http://azure.archive.ubuntu.com/ubuntu noble/main amd64 xfonts-utils amd64 1:7.7+6build3 [94.4 kB]
2026-10-08T19:19:34.8238944Z Get:10 http://azure.archive.ubuntu.com/ubuntu noble/universe amd64 xfonts-cyrillic all 1:1.0.5+nmu1 [384 kB]
2026-10-08T19:19:34.8586268Z Get:11 http://azure.archive.ubuntu.com/ubuntu noble/main amd64 xfonts-scalable all 1:1.0.3-1.3 [304 kB]
2026-10-08T19:19:35.0904794Z Fetched 21.5 MB in 1s (22.4 MB/s)
2026-10-08T19:19:35.1121975Z Selecting previously unselected package fonts-ipafont-gothic.
2026-10-08T19:19:35.1282295Z (Reading database ... 
2026-10-08T19:19:35.1282780Z (Reading database ... 5%
2026-10-08T19:19:35.1283142Z (Reading database ... 10%
2026-10-08T19:19:35.1283470Z (Reading database ... 15%
2026-10-08T19:19:35.1283717Z (Reading database ... 20%
2026-10-08T19:19:35.1283968Z (Reading database ... 25%
2026-10-08T19:19:35.1284214Z (Reading database ... 30%
2026-10-08T19:19:35.1284539Z (Reading database ... 35%
2026-10-08T19:19:35.1284789Z (Reading database ... 40%
2026-10-08T19:19:35.1285030Z (Reading database ... 45%
2026-10-08T19:19:35.1285270Z (Reading database ... 50%
2026-10-08T19:19:35.1322524Z (Reading database ... 55%
2026-10-08T19:19:35.1935021Z (Reading database ... 60%
2026-10-08T19:19:35.4429011Z (Reading database ... 65%
2026-10-08T19:19:35.6062343Z (Reading database ... 70%
2026-10-08T19:19:35.7918907Z (Reading database ... 75%
2026-10-08T19:19:35.9097711Z (Reading database ... 80%
2026-10-08T19:19:36.0543760Z (Reading database ... 85%
2026-10-08T19:19:36.1913471Z (Reading database ... 90%
2026-10-08T19:19:36.3479575Z (Reading database ... 95%
2026-10-08T19:19:36.3480090Z (Reading database ... 100%
2026-10-08T19:19:36.3480821Z (Reading database ... 203191 files and directories currently installed.)
2026-10-08T19:19:36.3522981Z Preparing to unpack .../0-fonts-ipafont-gothic_00303-21ubuntu1_all.deb ...
2026-10-08T19:19:36.3599168Z Unpacking fonts-ipafont-gothic (00303-21ubuntu1) ...
2026-10-08T19:19:36.5904176Z Selecting previously unselected package fonts-freefont-ttf.
2026-10-08T19:19:36.6015034Z Preparing to unpack .../1-fonts-freefont-ttf_20211204+svn4273-2_all.deb ...
2026-10-08T19:19:36.6022521Z Unpacking fonts-freefont-ttf (20211204+svn4273-2) ...
2026-10-08T19:19:36.6738603Z Selecting previously unselected package fonts-tlwg-loma-otf.
2026-10-08T19:19:36.6845676Z Preparing to unpack .../2-fonts-tlwg-loma-otf_1%3a0.7.3-1_all.deb ...
2026-10-08T19:19:36.6850817Z Unpacking fonts-tlwg-loma-otf (1:0.7.3-1) ...
2026-10-08T19:19:36.6987753Z Selecting previously unselected package fonts-unifont.
2026-10-08T19:19:36.7095247Z Preparing to unpack .../3-fonts-unifont_1%3a15.1.01-1build1_all.deb ...
2026-10-08T19:19:36.7103238Z Unpacking fonts-unifont (1:15.1.01-1build1) ...
2026-10-08T19:19:36.7989164Z Selecting previously unselected package fonts-wqy-zenhei.
2026-10-08T19:19:36.8096218Z Preparing to unpack .../4-fonts-wqy-zenhei_0.9.45-8_all.deb ...
2026-10-08T19:19:36.8173030Z Unpacking fonts-wqy-zenhei (0.9.45-8) ...
2026-10-08T19:19:37.2948573Z Preparing to unpack .../5-libfreetype6_2.13.2+dfsg-1ubuntu0.2_amd64.deb ...
2026-10-08T19:19:37.2968860Z Unpacking libfreetype6:amd64 (2.13.2+dfsg-1ubuntu0.2) over (2.13.2+dfsg-1ubuntu0.1) ...
2026-10-08T19:19:37.3138842Z Selecting previously unselected package xfonts-encodings.
2026-10-08T19:19:37.3246753Z Preparing to unpack .../6-xfonts-encodings_1%3a1.0.5-0ubuntu2_all.deb ...
2026-10-08T19:19:37.3253819Z Unpacking xfonts-encodings (1:1.0.5-0ubuntu2) ...
2026-10-08T19:19:37.3423253Z Selecting previously unselected package xfonts-utils.
2026-10-08T19:19:37.3527465Z Preparing to unpack .../7-xfonts-utils_1%3a7.7+6build3_amd64.deb ...
2026-10-08T19:19:37.3535996Z Unpacking xfonts-utils (1:7.7+6build3) ...
2026-10-08T19:19:37.3754397Z Selecting previously unselected package xfonts-cyrillic.
2026-10-08T19:19:37.3859474Z Preparing to unpack .../8-xfonts-cyrillic_1%3a1.0.5+nmu1_all.deb ...
2026-10-08T19:19:37.3866163Z Unpacking xfonts-cyrillic (1:1.0.5+nmu1) ...
2026-10-08T19:19:37.4068273Z Selecting previously unselected package xfonts-scalable.
2026-10-08T19:19:37.4174833Z Preparing to unpack .../9-xfonts-scalable_1%3a1.0.3-1.3_all.deb ...
2026-10-08T19:19:37.4179264Z Unpacking xfonts-scalable (1:1.0.3-1.3) ...
2026-10-08T19:19:37.4488720Z Setting up fonts-wqy-zenhei (0.9.45-8) ...
2026-10-08T19:19:37.4575846Z Setting up fonts-freefont-ttf (20211204+svn4273-2) ...
2026-10-08T19:19:37.4587559Z Setting up fonts-tlwg-loma-otf (1:0.7.3-1) ...
2026-10-08T19:19:37.4598999Z Setting up libfreetype6:amd64 (2.13.2+dfsg-1ubuntu0.2) ...
2026-10-08T19:19:37.4610312Z Setting up xfonts-encodings (1:1.0.5-0ubuntu2) ...
2026-10-08T19:19:37.4621329Z Setting up fonts-ipafont-gothic (00303-21ubuntu1) ...
2026-10-08T19:19:37.4667064Z update-alternatives: using /usr/share/fonts/opentype/ipafont-gothic/ipag.ttf to provide /usr/share/fonts/truetype/fonts-japanese-gothic.ttf (fonts-japanese-gothic.ttf) in auto mode
2026-10-08T19:19:37.4675806Z Setting up fonts-unifont (1:15.1.01-1build1) ...
2026-10-08T19:19:37.4689015Z Setting up xfonts-utils (1:7.7+6build3) ...
2026-10-08T19:19:37.4716022Z Setting up xfonts-cyrillic (1:1.0.5+nmu1) ...
2026-10-08T19:19:37.4926660Z Setting up xfonts-scalable (1:1.0.3-1.3) ...
2026-10-08T19:19:37.5120072Z Processing triggers for libc-bin (2.39-0ubuntu8.9) ...
2026-10-08T19:19:37.5341739Z Processing triggers for man-db (2.12.0-4build2) ...
2026-10-08T19:19:37.5357735Z Not building database; man-db/auto-update is not 'true'.
2026-10-08T19:19:37.5367327Z Processing triggers for fontconfig (2.15.0-1.1ubuntu2) ...
2026-10-08T19:19:38.1343905Z 
2026-10-08T19:19:38.1344521Z Running kernel seems to be up-to-date.
2026-10-08T19:19:38.1344911Z 
2026-10-08T19:19:38.1345100Z Restarting services...
2026-10-08T19:19:38.1412962Z  systemctl restart php8.3-fpm.service
2026-10-08T19:19:38.2253675Z 
2026-10-08T19:19:38.2254786Z No containers need to be restarted.
2026-10-08T19:19:38.2255164Z 
2026-10-08T19:19:38.2255366Z No user sessions are running outdated binaries.
2026-10-08T19:19:38.2255583Z 
2026-10-08T19:19:38.2255875Z No VM guests are running outdated hypervisor (qemu) binaries on this host.
2026-10-08T19:19:39.0032995Z Downloading Chrome for Testing 151.0.7922.34 (playwright chromium v1234) from https://cdn.playwright.dev/builds/cft/151.0.7922.34/linux64/chrome-linux64.zip
2026-10-08T19:19:40.0699673Z |                                                                                |   0% of 184.3 MiB
2026-10-08T19:19:40.4112321Z |■■■■■■■■                                                                        |  10% of 184.3 MiB
2026-10-08T19:19:40.4921158Z |■■■■■■■■■■■■■■■■                                                                |  20% of 184.3 MiB
2026-10-08T19:19:40.5581833Z |■■■■■■■■■■■■■■■■■■■■■■■■                                                        |  30% of 184.3 MiB
2026-10-08T19:19:40.6237883Z |■■■■■■■■■■■■■■■■■■■■■■■■■■■■■■■■                                                |  40% of 184.3 MiB
2026-10-08T19:19:40.6972622Z |■■■■■■■■■■■■■■■■■■■■■■■■■■■■■■■■■■■■■■■■                                        |  50% of 184.3 MiB
2026-10-08T19:19:40.7615625Z |■■■■■■■■■■■■■■■■■■■■■■■■■■■■■■■■■■■■■■■■■■■■■■■■                                |  60% of 184.3 MiB
2026-10-08T19:19:40.8274404Z |■■■■■■■■■■■■■■■■■■■■■■■■■■■■■■■■■■■■■■■■■■■■■■■■■■■■■■■■                        |  70% of 184.3 MiB
2026-10-08T19:19:40.8892632Z |■■■■■■■■■■■■■■■■■■■■■■■■■■■■■■■■■■■■■■■■■■■■■■■■■■■■■■■■■■■■■■■■                |  80% of 184.3 MiB
2026-10-08T19:19:40.9742351Z |■■■■■■■■■■■■■■■■■■■■■■■■■■■■■■■■■■■■■■■■■■■■■■■■■■■■■■■■■■■■■■■■■■■■■■■■        |  90% of 184.3 MiB
2026-10-08T19:19:41.0385521Z |■■■■■■■■■■■■■■■■■■■■■■■■■■■■■■■■■■■■■■■■■■■■■■■■■■■■■■■■■■■■■■■■■■■■■■■■■■■■■■■■| 100% of 184.3 MiB
2026-10-08T19:19:44.0935336Z Chrome for Testing 151.0.7922.34 (playwright chromium v1234) downloaded to /home/runner/.cache/ms-playwright/chromium-1234
2026-10-08T19:19:44.0936976Z Downloading FFmpeg (playwright ffmpeg v1011) from https://cdn.playwright.dev/dbazure/download/playwright/builds/ffmpeg/1011/ffmpeg-linux.zip
2026-10-08T19:19:45.1681234Z |                                                                                |   0% of 2.3 MiB
2026-10-08T19:19:45.1978028Z |■■■■■■■■                                                                        |  10% of 2.3 MiB
2026-10-08T19:19:45.2215778Z |■■■■■■■■■■■■■■■■                                                                |  20% of 2.3 MiB
2026-10-08T19:19:45.2293935Z |■■■■■■■■■■■■■■■■■■■■■■■■                                                        |  30% of 2.3 MiB
2026-10-08T19:19:45.2396014Z |■■■■■■■■■■■■■■■■■■■■■■■■■■■■■■■■                                                |  40% of 2.3 MiB
2026-10-08T19:19:45.2503738Z |■■■■■■■■■■■■■■■■■■■■■■■■■■■■■■■■■■■■■■■■                                        |  50% of 2.3 MiB
2026-10-08T19:19:45.2541442Z |■■■■■■■■■■■■■■■■■■■■■■■■■■■■■■■■■■■■■■■■■■■■■■■■                                |  60% of 2.3 MiB
2026-10-08T19:19:45.2629750Z |■■■■■■■■■■■■■■■■■■■■■■■■■■■■■■■■■■■■■■■■■■■■■■■■■■■■■■■■                        |  70% of 2.3 MiB
2026-10-08T19:19:45.2655678Z |■■■■■■■■■■■■■■■■■■■■■■■■■■■■■■■■■■■■■■■■■■■■■■■■■■■■■■■■■■■■■■■■                |  80% of 2.3 MiB
2026-10-08T19:19:45.2685642Z |■■■■■■■■■■■■■■■■■■■■■■■■■■■■■■■■■■■■■■■■■■■■■■■■■■■■■■■■■■■■■■■■■■■■■■■■        |  90% of 2.3 MiB
2026-10-08T19:19:45.2767198Z |■■■■■■■■■■■■■■■■■■■■■■■■■■■■■■■■■■■■■■■■■■■■■■■■■■■■■■■■■■■■■■■■■■■■■■■■■■■■■■■■| 100% of 2.3 MiB
2026-10-08T19:19:45.3362159Z FFmpeg (playwright ffmpeg v1011) downloaded to /home/runner/.cache/ms-playwright/ffmpeg-1011
2026-10-08T19:19:45.3365425Z Downloading Chrome Headless Shell 151.0.7922.34 (playwright chromium-headless-shell v1234) from https://cdn.playwright.dev/builds/cft/151.0.7922.34/linux64/chrome-headless-shell-linux64.zip
2026-10-08T19:19:46.4392989Z |                                                                                |   0% of 114.7 MiB
2026-10-08T19:19:46.8236171Z |■■■■■■■■                                                                        |  10% of 114.7 MiB
2026-10-08T19:19:46.9119654Z |■■■■■■■■■■■■■■■■                                                                |  20% of 114.7 MiB
2026-10-08T19:19:46.9655308Z |■■■■■■■■■■■■■■■■■■■■■■■■                                                        |  30% of 114.7 MiB
2026-10-08T19:19:47.0139484Z |■■■■■■■■■■■■■■■■■■■■■■■■■■■■■■■■                                                |  40% of 114.7 MiB
2026-10-08T19:19:47.0592390Z |■■■■■■■■■■■■■■■■■■■■■■■■■■■■■■■■■■■■■■■■                                        |  50% of 114.7 MiB
2026-10-08T19:19:47.1045826Z |■■■■■■■■■■■■■■■■■■■■■■■■■■■■■■■■■■■■■■■■■■■■■■■■                                |  60% of 114.7 MiB
2026-10-08T19:19:47.1502081Z |■■■■■■■■■■■■■■■■■■■■■■■■■■■■■■■■■■■■■■■■■■■■■■■■■■■■■■■■                        |  70% of 114.7 MiB
2026-10-08T19:19:47.1950679Z |■■■■■■■■■■■■■■■■■■■■■■■■■■■■■■■■■■■■■■■■■■■■■■■■■■■■■■■■■■■■■■■■                |  80% of 114.7 MiB
2026-10-08T19:19:47.2404252Z |■■■■■■■■■■■■■■■■■■■■■■■■■■■■■■■■■■■■■■■■■■■■■■■■■■■■■■■■■■■■■■■■■■■■■■■■        |  90% of 114.7 MiB
2026-10-08T19:19:47.2856185Z |■■■■■■■■■■■■■■■■■■■■■■■■■■■■■■■■■■■■■■■■■■■■■■■■■■■■■■■■■■■■■■■■■■■■■■■■■■■■■■■■| 100% of 114.7 MiB
2026-10-08T19:19:49.4156853Z Chrome Headless Shell 151.0.7922.34 (playwright chromium-headless-shell v1234) downloaded to /home/runner/.cache/ms-playwright/chromium_headless_shell-1234
2026-10-08T19:19:49.4329545Z ##[group]Run npm run test:browser
2026-10-08T19:19:49.4329861Z [36;1mnpm run test:browser[0m
2026-10-08T19:19:49.4365298Z shell: /usr/bin/bash -e {0}
2026-10-08T19:19:49.4365576Z ##[endgroup]
2026-10-08T19:19:49.5368123Z 
2026-10-08T19:19:49.5368567Z > uma-sim-ui@0.1.0 test:browser
2026-10-08T19:19:49.5369171Z > node tests/receiving/uma-lab-receiver.mjs dist test-results/career-lab
2026-10-08T19:19:49.5369471Z 
2026-10-08T19:19:50.5076759Z PASS successful comparison actual markdown and JSON downloads
2026-10-08T19:19:50.9540776Z PASS changed selection cannot retarget displayed comparison downloads
2026-10-08T19:19:51.4712795Z PASS failed new comparison keeps prior result and downloads coherent
2026-10-08T19:19:51.9008134Z PASS delete displayed branch after selection changes invalidates result
2026-10-08T19:19:52.4052448Z PASS delete unrelated pending branch preserves successful comparison
2026-10-08T19:19:52.7677070Z PASS deleting selected compared branch requires replacement selection
2026-10-08T19:19:53.2041759Z PASS failed branch deletion preserves valid comparison and selected row
2026-10-08T19:19:53.5695927Z PASS confirmed deletion invalidates result when branch list refresh fails
2026-10-08T19:19:53.9569888Z PASS in flight comparison cannot overwrite newer keyboard selections
2026-10-08T19:19:54.3200655Z PASS report query encoding preserves branch identity
2026-10-08T19:19:54.6444331Z PASS invalid override malformed nonblank line blocks branch mutation
2026-10-08T19:19:54.9596754Z PASS invalid override missing turn blocks branch mutation
2026-10-08T19:19:55.2938077Z PASS invalid override fractional turn blocks branch mutation
2026-10-08T19:19:55.6126922Z PASS invalid override negative turn blocks branch mutation
2026-10-08T19:19:55.9419145Z PASS invalid override unsafe integer turn blocks branch mutation
2026-10-08T19:19:56.2781073Z PASS invalid override missing action blocks branch mutation
2026-10-08T19:19:56.5928942Z PASS invalid override conflicting duplicate turn blocks branch mutation
2026-10-08T19:19:56.9261308Z PASS invalid max actions empty blocks branch mutation
2026-10-08T19:19:57.2442101Z PASS invalid max actions 0 blocks branch mutation
2026-10-08T19:19:57.5592451Z PASS invalid max actions 501 blocks branch mutation
2026-10-08T19:19:57.8927088Z PASS invalid max actions 1.5 blocks branch mutation
2026-10-08T19:19:58.1377169Z PASS valid turn zero whitespace blank lines and colon action are transmitted exactly
2026-10-08T19:19:58.3544096Z PASS valid upper action budget and empty overrides are transmitted exactly
2026-10-08T19:19:58.3772483Z {"passed":23,"failed":0,"receipt":"/home/runner/work/uma-sim/uma-sim/packages/uma-sim-ui/test-results/career-lab/receiver-results.json"}
2026-10-08T19:19:58.3935329Z ##[group]Run npm run test:trace
2026-10-08T19:19:58.3935680Z [36;1mnpm run test:trace[0m
2026-10-08T19:19:58.3972409Z shell: /usr/bin/bash -e {0}
2026-10-08T19:19:58.3972693Z ##[endgroup]
2026-10-08T19:19:58.4992961Z 
2026-10-08T19:19:58.4993555Z > uma-sim-ui@0.1.0 test:trace
2026-10-08T19:19:58.4994418Z > node tests/receiving/uma-trace-receiver.mjs dist test-results/trace
2026-10-08T19:19:58.4994916Z 
2026-10-08T19:19:59.1463117Z PASS saved branch rows expose trace inspection in the actual application
2026-10-08T19:19:59.5877220Z PASS trace preserves authored overrides per-step mixed flags and exact full JSON
2026-10-08T19:19:59.9356544Z PASS loading B never relabels or exports the old A trace as B
2026-10-08T19:20:00.2721382Z PASS late A response cannot replace the newer B trace
2026-10-08T19:20:00.6034355Z PASS late A failure cannot overwrite the newer B trace with an obsolete error
2026-10-08T19:20:00.8843337Z PASS closing inspector prevents a late response from reopening it
2026-10-08T19:20:01.1661736Z PASS closing inspector prevents a late error from reopening it
2026-10-08T19:20:01.5665783Z PASS unmounted trace read cannot affect a newly opened lab view
2026-10-08T19:20:01.9353124Z PASS retry requests the failed branch and keeps its error identity explicit
2026-10-08T19:20:02.1702482Z PASS wrong branch identity response is rejected without a wrong trace export
2026-10-08T19:20:02.3977524Z PASS missing trace configuration fails visibly without crashing the application
2026-10-08T19:20:02.6732980Z PASS reserved branch ID is retrieved unchanged and exported intact
2026-10-08T19:20:03.0048448Z PASS confirmed deletion invalidates the currently loaded trace
2026-10-08T19:20:03.2997107Z PASS confirmed deletion prevents a pending trace response from reopening the inspector
2026-10-08T19:20:03.6359530Z PASS failed deletion preserves the valid loaded trace
2026-10-08T19:20:03.6591038Z {"passed":15,"failed":0,"dependentCasesNotRun":0,"receipt":"/home/runner/work/uma-sim/uma-sim/packages/uma-sim-ui/test-results/trace/trace-receiver-results.json"}
2026-10-08T19:20:03.6790199Z ##[group]Run actions/upload-artifact@043fb46d1a93c77aae656e7c1c64a875d1fc6a0a
2026-10-08T19:20:03.6790606Z with:
2026-10-08T19:20:03.6790818Z   name: uma-sim-ui-dist
2026-10-08T19:20:03.6791069Z   path: packages/uma-sim-ui/dist
2026-10-08T19:20:03.6791338Z   if-no-files-found: warn
2026-10-08T19:20:03.6791816Z   compression-level: 6
2026-10-08T19:20:03.6792039Z   overwrite: false
2026-10-08T19:20:03.6792267Z   include-hidden-files: false
2026-10-08T19:20:03.6792510Z   archive: true
2026-10-08T19:20:03.6792712Z ##[endgroup]
2026-10-08T19:20:03.8105262Z With the provided path, there will be 3 files uploaded
2026-10-08T19:20:03.8110428Z Artifact name is valid!
2026-10-08T19:20:03.8111294Z Root directory input is valid!
2026-10-08T19:20:04.1258382Z Uploading artifact: uma-sim-ui-dist.zip
2026-10-08T19:20:04.1299405Z Beginning upload of artifact content to blob storage
2026-10-08T19:20:04.3728615Z Uploaded bytes 69906
2026-10-08T19:20:04.4160214Z Finished uploading artifact content to blob storage!
2026-10-08T19:20:04.4161171Z SHA256 digest of uploaded artifact is 5f0143bf5ac71f7c69fb4fe7cc90cf20e3e45c5f1dd526c3df2c8f9c9ab51f56
2026-10-08T19:20:04.4162462Z Finalizing artifact upload
2026-10-08T19:20:04.7414506Z Artifact uma-sim-ui-dist successfully finalized. Artifact ID 11573217426
2026-10-08T19:20:04.7415444Z Artifact uma-sim-ui-dist has been successfully uploaded! Final size is 69906 bytes. Artifact ID is 11573217426
2026-10-08T19:20:04.7418769Z Artifact download URL: https://github.com/Jacob-Met/uma-sim/actions/runs/37831034339/artifacts/11573217426
2026-10-08T19:20:04.7565808Z Post job cleanup.
2026-10-08T19:20:04.8602245Z Cache hit occurred on the primary key node-cache-Linux-x64-npm-d126bd84e0d55a2c82da49d64988d5fd8dbe3e76b810128f4478a4c36cb5c633, not saving cache.
2026-10-08T19:20:04.8720067Z Post job cleanup.
2026-10-08T19:20:04.9502842Z [command]/usr/bin/git version
2026-10-08T19:20:04.9550583Z git version 2.55.0
2026-10-08T19:20:04.9582715Z Temporarily overriding HOME='/home/runner/work/_temp/ed0db2e6-9041-418c-ae60-d1cf4c78bdf6' before making global git config changes
2026-10-08T19:20:04.9584348Z Adding repository directory to the temporary git global config as a safe directory
2026-10-08T19:20:04.9587582Z [command]/usr/bin/git config --global --add safe.directory /home/runner/work/uma-sim/uma-sim
2026-10-08T19:20:04.9615094Z Removing SSH command configuration
2026-10-08T19:20:04.9621299Z [command]/usr/bin/git config --local --name-only --get-regexp core\.sshCommand
2026-10-08T19:20:04.9650944Z [command]/usr/bin/git submodule foreach --recursive sh -c "git config --local --name-only --get-regexp 'core\.sshCommand' && git config --local --unset-all 'core.sshCommand' || :"
2026-10-08T19:20:04.9839335Z Removing HTTP extra header
2026-10-08T19:20:04.9844964Z [command]/usr/bin/git config --local --name-only --get-regexp http\.https\:\/\/github\.com\/\.extraheader
2026-10-08T19:20:04.9874743Z [command]/usr/bin/git submodule foreach --recursive sh -c "git config --local --name-only --get-regexp 'http\.https\:\/\/github\.com\/\.extraheader' && git config --local --unset-all 'http.https://github.com/.extraheader' || :"
2026-10-08T19:20:05.0069214Z Removing includeIf entries pointing to credentials config files
2026-10-08T19:20:05.0074799Z [command]/usr/bin/git config --local --name-only --get-regexp ^includeIf\.gitdir:
2026-10-08T19:20:05.0111296Z includeif.gitdir:/home/runner/work/uma-sim/uma-sim/.git.path
2026-10-08T19:20:05.0112710Z includeif.gitdir:/home/runner/work/uma-sim/uma-sim/.git/worktrees/*.path
2026-10-08T19:20:05.0113890Z includeif.gitdir:/github/workspace/.git.path
2026-10-08T19:20:05.0114625Z includeif.gitdir:/github/workspace/.git/worktrees/*.path
2026-10-08T19:20:05.0120771Z [command]/usr/bin/git config --local --get-all includeif.gitdir:/home/runner/work/uma-sim/uma-sim/.git.path
2026-10-08T19:20:05.0140344Z /home/runner/work/_temp/git-credentials-27d01ade-3403-41ed-99f8-df6bfcc04d7e.config
2026-10-08T19:20:05.0151429Z [command]/usr/bin/git config --local --unset includeif.gitdir:/home/runner/work/uma-sim/uma-sim/.git.path \/home\/runner\/work\/_temp\/git\-credentials\-27d01ade\-3403\-41ed\-99f8\-df6bfcc04d7e\.config
2026-10-08T19:20:05.0179445Z [command]/usr/bin/git config --local --get-all includeif.gitdir:/home/runner/work/uma-sim/uma-sim/.git/worktrees/*.path
2026-10-08T19:20:05.0198648Z /home/runner/work/_temp/git-credentials-27d01ade-3403-41ed-99f8-df6bfcc04d7e.config
2026-10-08T19:20:05.0216491Z [command]/usr/bin/git config --local --unset includeif.gitdir:/home/runner/work/uma-sim/uma-sim/.git/worktrees/*.path \/home\/runner\/work\/_temp\/git\-credentials\-27d01ade\-3403\-41ed\-99f8\-df6bfcc04d7e\.config
2026-10-08T19:20:05.0245402Z [command]/usr/bin/git config --local --get-all includeif.gitdir:/github/workspace/.git.path
2026-10-08T19:20:05.0265106Z /github/runner_temp/git-credentials-27d01ade-3403-41ed-99f8-df6bfcc04d7e.config
2026-10-08T19:20:05.0271413Z [command]/usr/bin/git config --local --unset includeif.gitdir:/github/workspace/.git.path \/github\/runner_temp\/git\-credentials\-27d01ade\-3403\-41ed\-99f8\-df6bfcc04d7e\.config
2026-10-08T19:20:05.0296696Z [command]/usr/bin/git config --local --get-all includeif.gitdir:/github/workspace/.git/worktrees/*.path
2026-10-08T19:20:05.0316173Z /github/runner_temp/git-credentials-27d01ade-3403-41ed-99f8-df6bfcc04d7e.config
2026-10-08T19:20:05.0320714Z [command]/usr/bin/git config --local --unset includeif.gitdir:/github/workspace/.git/worktrees/*.path \/github\/runner_temp\/git\-credentials\-27d01ade\-3403\-41ed\-99f8\-df6bfcc04d7e\.config
2026-10-08T19:20:05.0349214Z [command]/usr/bin/git submodule foreach --recursive git config --local --show-origin --name-only --get-regexp remote.origin.url
2026-10-08T19:20:05.0539963Z Removing credentials config '/home/runner/work/_temp/git-credentials-27d01ade-3403-41ed-99f8-df6bfcc04d7e.config'
2026-10-08T19:20:05.0676498Z Cleaning up orphan processes
