✖ bootstrap catalogs survive selection without releasing its pending request (40.392028ms)
ℹ tests 1
ℹ suites 0
ℹ pass 0
ℹ fail 1
ℹ cancelled 0
ℹ skipped 0
ℹ todo 0
ℹ duration_ms 1119.652215

✖ failing tests:

test at tests/run-session.test.mjs:125:1
✖ bootstrap catalogs survive selection without releasing its pending request (40.392028ms)
  AssertionError [ERR_ASSERTION]: bootstrap cleanup must not release selection

  false !== true

      at TestContext.<anonymous> (file://<isolated-checkout>/packages/uma-sim-ui/tests/run-session.test.mjs:137:10)
      at async Test.run (node:internal/test_runner/test:1389:7)
      at async startSubtestAfterBootstrap (node:internal/test_runner/harness:387:3) {
    generatedMessage: false,
    code: 'ERR_ASSERTION',
    actual: false,
    expected: true,
    operator: 'strictEqual',
    diff: 'simple'
  }
